Java HotSpot(TM) 64-Bit Server VM (25.201-b09) for bsd-amd64 JRE (1.8.0_201-b09), built on Dec 15 2018 18:35:23 by "java_re" with gcc 4.2.1 (Based on Apple Inc. build 5658) (LLVM build 2336.11.00)
Memory: 4k page, physical 16777216k(3356180k free)

/proc/meminfo:

CommandLine flags: -XX:+ExplicitGCInvokesConcurrent -XX:GCLogFileSize=104857600 -XX:InitialHeapSize=1073741824 -XX:InitiatingHeapOccupancyPercent=35 -XX:+ManagementServer -XX:MaxGCPauseMillis=20 -XX:MaxHeapSize=1073741824 -XX:NumberOfGCLogFiles=10 -XX:+PrintGC -XX:+PrintGCDateStamps -XX:+PrintGCDetails -XX:+PrintGCTimeStamps -XX:+UseCompressedClassPointers -XX:+UseCompressedOops -XX:+UseG1GC -XX:+UseGCLogFileRotation 
2019-06-05T10:32:42.224-0100: 0,912: [GC pause (G1 Evacuation Pause) (young), 0,0097084 secs]
   [Parallel Time: 5,4 ms, GC Workers: 4]
      [GC Worker Start (ms): Min: 911,7, Avg: 911,7, Max: 911,8, Diff: 0,0]
      [Ext Root Scanning (ms): Min: 0,5, Avg: 0,9, Max: 1,7, Diff: 1,2, Sum: 3,8]
      [Update RS (ms): Min: 0,0, Avg: 0,0, Max: 0,0, Diff: 0,0, Sum: 0,0]
         [Processed Buffers: Min: 0, Avg: 0,0, Max: 0, Diff: 0, Sum: 0]
      [Scan RS (ms): Min: 0,0, Avg: 0,0, Max: 0,0, Diff: 0,0, Sum: 0,0]
      [Code Root Scanning (ms): Min: 0,0, Avg: 0,2, Max: 0,5, Diff: 0,5, Sum: 0,9]
      [Object Copy (ms): Min: 3,5, Avg: 4,1, Max: 4,5, Diff: 1,0, Sum: 16,3]
      [Termination (ms): Min: 0,0, Avg: 0,1, Max: 0,1, Diff: 0,1, Sum: 0,3]
         [Termination Attempts: Min: 1, Avg: 4,5, Max: 7, Diff: 6, Sum: 18]
      [GC Worker Other (ms): Min: 0,0, Avg: 0,0, Max: 0,0, Diff: 0,0, Sum: 0,1]
      [GC Worker Total (ms): Min: 5,3, Avg: 5,3, Max: 5,4, Diff: 0,1, Sum: 21,3]
      [GC Worker End (ms): Min: 917,1, Avg: 917,1, Max: 917,1, Diff: 0,0]
   [Code Root Fixup: 0,0 ms]
   [Code Root Purge: 0,0 ms]
   [Clear CT: 0,1 ms]
   [Other: 4,2 ms]
      [Choose CSet: 0,0 ms]
      [Ref Proc: 3,8 ms]
      [Ref Enq: 0,0 ms]
      [Redirty Cards: 0,1 ms]
      [Humongous Register: 0,0 ms]
      [Humongous Reclaim: 0,0 ms]
      [Free CSet: 0,1 ms]
   [Eden: 51,0M(51,0M)->0,0B(44,0M) Survivors: 0,0B->7168,0K Heap: 51,0M(1024,0M)->7906,5K(1024,0M)]
 [Times: user=0,01 sys=0,00, real=0,01 secs] 
2019-06-05T10:32:42.654-0100: 1,342: [GC pause (Metadata GC Threshold) (young) (initial-mark), 0,0069651 secs]
   [Parallel Time: 4,2 ms, GC Workers: 4]
      [GC Worker Start (ms): Min: 1341,9, Avg: 1341,9, Max: 1341,9, Diff: 0,0]
      [Ext Root Scanning (ms): Min: 0,6, Avg: 1,0, Max: 1,2, Diff: 0,6, Sum: 3,8]
      [Update RS (ms): Min: 0,0, Avg: 0,0, Max: 0,1, Diff: 0,1, Sum: 0,1]
         [Processed Buffers: Min: 0, Avg: 0,2, Max: 1, Diff: 1, Sum: 1]
      [Scan RS (ms): Min: 0,0, Avg: 0,0, Max: 0,0, Diff: 0,0, Sum: 0,0]
      [Code Root Scanning (ms): Min: 0,0, Avg: 0,3, Max: 1,0, Diff: 1,0, Sum: 1,0]
      [Object Copy (ms): Min: 2,4, Avg: 2,9, Max: 3,1, Diff: 0,6, Sum: 11,5]
      [Termination (ms): Min: 0,0, Avg: 0,0, Max: 0,0, Diff: 0,0, Sum: 0,0]
         [Termination Attempts: Min: 1, Avg: 2,2, Max: 4, Diff: 3, Sum: 9]
      [GC Worker Other (ms): Min: 0,0, Avg: 0,0, Max: 0,0, Diff: 0,0, Sum: 0,0]
      [GC Worker Total (ms): Min: 4,1, Avg: 4,1, Max: 4,1, Diff: 0,0, Sum: 16,5]
      [GC Worker End (ms): Min: 1346,0, Avg: 1346,0, Max: 1346,0, Diff: 0,0]
   [Code Root Fixup: 0,0 ms]
   [Code Root Purge: 0,0 ms]
   [Clear CT: 0,1 ms]
   [Other: 2,6 ms]
      [Choose CSet: 0,0 ms]
      [Ref Proc: 2,3 ms]
      [Ref Enq: 0,0 ms]
      [Redirty Cards: 0,1 ms]
      [Humongous Register: 0,0 ms]
      [Humongous Reclaim: 0,0 ms]
      [Free CSet: 0,1 ms]
   [Eden: 34,0M(44,0M)->0,0B(44,0M) Survivors: 7168,0K->7168,0K Heap: 169,2M(1024,0M)->138,4M(1024,0M)]
 [Times: user=0,02 sys=0,00, real=0,01 secs] 
2019-06-05T10:32:42.661-0100: 1,349: [GC concurrent-root-region-scan-start]
2019-06-05T10:32:42.665-0100: 1,353: [GC concurrent-root-region-scan-end, 0,0040461 secs]
2019-06-05T10:32:42.665-0100: 1,353: [GC concurrent-mark-start]
2019-06-05T10:32:42.666-0100: 1,353: [GC concurrent-mark-end, 0,0004789 secs]
2019-06-05T10:32:42.666-0100: 1,354: [GC remark 2019-06-05T10:32:42.666-0100: 1,354: [Finalize Marking, 0,0001875 secs] 2019-06-05T10:32:42.666-0100: 1,354: [GC ref-proc, 0,0000423 secs] 2019-06-05T10:32:42.666-0100: 1,354: [Unloading, 0,0035491 secs], 0,0050875 secs]
 [Times: user=0,01 sys=0,00, real=0,01 secs] 
2019-06-05T10:32:42.671-0100: 1,359: [GC cleanup 139M->139M(1024M), 0,0009468 secs]
 [Times: user=0,00 sys=0,00, real=0,00 secs] 
2019-06-05T10:32:43.264-0100: 1,952: [GC pause (G1 Evacuation Pause) (young), 0,0129564 secs]
   [Parallel Time: 10,2 ms, GC Workers: 4]
      [GC Worker Start (ms): Min: 1951,8, Avg: 1951,8, Max: 1951,8, Diff: 0,0]
      [Ext Root Scanning (ms): Min: 0,8, Avg: 1,4, Max: 2,7, Diff: 1,9, Sum: 5,7]
      [Update RS (ms): Min: 0,0, Avg: 0,2, Max: 0,4, Diff: 0,4, Sum: 0,8]
         [Processed Buffers: Min: 0, Avg: 1,0, Max: 2, Diff: 2, Sum: 4]
      [Scan RS (ms): Min: 0,0, Avg: 0,0, Max: 0,0, Diff: 0,0, Sum: 0,0]
      [Code Root Scanning (ms): Min: 0,0, Avg: 0,5, Max: 1,1, Diff: 1,1, Sum: 2,2]
      [Object Copy (ms): Min: 7,5, Avg: 8,0, Max: 8,7, Diff: 1,3, Sum: 31,8]
      [Termination (ms): Min: 0,0, Avg: 0,0, Max: 0,0, Diff: 0,0, Sum: 0,0]
         [Termination Attempts: Min: 1, Avg: 4,8, Max: 9, Diff: 8, Sum: 19]
      [GC Worker Other (ms): Min: 0,0, Avg: 0,0, Max: 0,0, Diff: 0,0, Sum: 0,1]
      [GC Worker Total (ms): Min: 10,1, Avg: 10,1, Max: 10,2, Diff: 0,0, Sum: 40,6]
      [GC Worker End (ms): Min: 1961,9, Avg: 1961,9, Max: 1961,9, Diff: 0,0]
   [Code Root Fixup: 0,1 ms]
   [Code Root Purge: 0,0 ms]
   [Clear CT: 0,1 ms]
   [Other: 2,5 ms]
      [Choose CSet: 0,0 ms]
      [Ref Proc: 2,1 ms]
      [Ref Enq: 0,0 ms]
      [Redirty Cards: 0,1 ms]
      [Humongous Register: 0,0 ms]
      [Humongous Reclaim: 0,0 ms]
      [Free CSet: 0,2 ms]
   [Eden: 44,0M(44,0M)->0,0B(44,0M) Survivors: 7168,0K->7168,0K Heap: 182,4M(1024,0M)->145,7M(1024,0M)]
 [Times: user=0,04 sys=0,01, real=0,01 secs] 
2019-06-05T10:32:45.042-0100: 3,730: [GC pause (G1 Evacuation Pause) (young), 0,0098733 secs]
   [Parallel Time: 8,1 ms, GC Workers: 4]
      [GC Worker Start (ms): Min: 3729,8, Avg: 3729,8, Max: 3729,8, Diff: 0,0]
      [Ext Root Scanning (ms): Min: 0,7, Avg: 1,0, Max: 1,4, Diff: 0,6, Sum: 4,2]
      [Update RS (ms): Min: 0,1, Avg: 0,3, Max: 0,4, Diff: 0,2, Sum: 1,1]
         [Processed Buffers: Min: 4, Avg: 5,5, Max: 8, Diff: 4, Sum: 22]
      [Scan RS (ms): Min: 0,1, Avg: 0,3, Max: 0,4, Diff: 0,2, Sum: 1,2]
      [Code Root Scanning (ms): Min: 0,0, Avg: 0,2, Max: 0,3, Diff: 0,2, Sum: 0,7]
      [Object Copy (ms): Min: 5,8, Avg: 6,1, Max: 6,3, Diff: 0,5, Sum: 24,6]
      [Termination (ms): Min: 0,0, Avg: 0,0, Max: 0,0, Diff: 0,0, Sum: 0,0]
         [Termination Attempts: Min: 1, Avg: 1,0, Max: 1, Diff: 0, Sum: 4]
      [GC Worker Other (ms): Min: 0,0, Avg: 0,0, Max: 0,1, Diff: 0,1, Sum: 0,2]
      [GC Worker Total (ms): Min: 7,9, Avg: 8,0, Max: 8,0, Diff: 0,1, Sum: 32,0]
      [GC Worker End (ms): Min: 3737,8, Avg: 3737,8, Max: 3737,8, Diff: 0,1]
   [Code Root Fixup: 0,0 ms]
   [Code Root Purge: 0,0 ms]
   [Clear CT: 0,1 ms]
   [Other: 1,6 ms]
      [Choose CSet: 0,0 ms]
      [Ref Proc: 1,3 ms]
      [Ref Enq: 0,0 ms]
      [Redirty Cards: 0,0 ms]
      [Humongous Register: 0,0 ms]
      [Humongous Reclaim: 0,0 ms]
      [Free CSet: 0,1 ms]
   [Eden: 44,0M(44,0M)->0,0B(44,0M) Survivors: 7168,0K->7168,0K Heap: 189,7M(1024,0M)->148,8M(1024,0M)]
 [Times: user=0,03 sys=0,00, real=0,01 secs] 
2019-06-05T10:32:45.278-0100: 3,966: [GC pause (G1 Evacuation Pause) (young), 0,0326683 secs]
   [Parallel Time: 19,5 ms, GC Workers: 4]
      [GC Worker Start (ms): Min: 3965,8, Avg: 3965,9, Max: 3966,1, Diff: 0,3]
      [Ext Root Scanning (ms): Min: 2,0, Avg: 4,0, Max: 8,1, Diff: 6,1, Sum: 15,9]
      [Update RS (ms): Min: 0,0, Avg: 0,7, Max: 1,4, Diff: 1,4, Sum: 2,9]
         [Processed Buffers: Min: 0, Avg: 2,0, Max: 4, Diff: 4, Sum: 8]
      [Scan RS (ms): Min: 0,0, Avg: 0,5, Max: 1,0, Diff: 1,0, Sum: 1,9]
      [Code Root Scanning (ms): Min: 0,0, Avg: 2,9, Max: 11,1, Diff: 11,1, Sum: 11,8]
      [Object Copy (ms): Min: 4,3, Avg: 11,2, Max: 15,3, Diff: 10,9, Sum: 45,0]
      [Termination (ms): Min: 0,0, Avg: 0,0, Max: 0,0, Diff: 0,0, Sum: 0,0]
         [Termination Attempts: Min: 1, Avg: 1,0, Max: 1, Diff: 0, Sum: 4]
      [GC Worker Other (ms): Min: 0,0, Avg: 0,0, Max: 0,1, Diff: 0,0, Sum: 0,1]
      [GC Worker Total (ms): Min: 19,2, Avg: 19,4, Max: 19,5, Diff: 0,3, Sum: 77,6]
      [GC Worker End (ms): Min: 3985,3, Avg: 3985,3, Max: 3985,3, Diff: 0,0]
   [Code Root Fixup: 0,0 ms]
   [Code Root Purge: 0,0 ms]
   [Clear CT: 1,5 ms]
   [Other: 11,6 ms]
      [Choose CSet: 0,0 ms]
      [Ref Proc: 11,0 ms]
      [Ref Enq: 0,0 ms]
      [Redirty Cards: 0,2 ms]
      [Humongous Register: 0,1 ms]
      [Humongous Reclaim: 0,0 ms]
      [Free CSet: 0,1 ms]
   [Eden: 44,0M(44,0M)->0,0B(48,0M) Survivors: 7168,0K->3072,0K Heap: 192,8M(1024,0M)->148,9M(1024,0M)]
 [Times: user=0,04 sys=0,00, real=0,04 secs] 
2019-06-05T10:32:45.809-0100: 4,497: [GC pause (G1 Evacuation Pause) (young), 0,0244338 secs]
   [Parallel Time: 15,5 ms, GC Workers: 4]
      [GC Worker Start (ms): Min: 4497,1, Avg: 4497,7, Max: 4499,4, Diff: 2,4]
      [Ext Root Scanning (ms): Min: 0,0, Avg: 0,5, Max: 0,9, Diff: 0,8, Sum: 2,2]
      [Update RS (ms): Min: 0,0, Avg: 0,8, Max: 1,2, Diff: 1,2, Sum: 3,1]
         [Processed Buffers: Min: 0, Avg: 5,5, Max: 19, Diff: 19, Sum: 22]
      [Scan RS (ms): Min: 0,0, Avg: 0,3, Max: 0,7, Diff: 0,6, Sum: 1,3]
      [Code Root Scanning (ms): Min: 0,0, Avg: 0,8, Max: 3,0, Diff: 3,0, Sum: 3,2]
      [Object Copy (ms): Min: 0,1, Avg: 2,1, Max: 2,8, Diff: 2,7, Sum: 8,2]
      [Termination (ms): Min: 0,0, Avg: 7,7, Max: 10,3, Diff: 10,3, Sum: 30,6]
         [Termination Attempts: Min: 1, Avg: 1,0, Max: 1, Diff: 0, Sum: 4]
      [GC Worker Other (ms): Min: 0,0, Avg: 0,1, Max: 0,1, Diff: 0,1, Sum: 0,3]
      [GC Worker Total (ms): Min: 5,3, Avg: 12,2, Max: 15,4, Diff: 10,0, Sum: 48,9]
      [GC Worker End (ms): Min: 4502,4, Avg: 4509,9, Max: 4512,5, Diff: 10,1]
   [Code Root Fixup: 0,1 ms]
   [Code Root Purge: 0,0 ms]
   [Clear CT: 0,1 ms]
   [Other: 8,8 ms]
      [Choose CSet: 0,0 ms]
      [Ref Proc: 8,5 ms]
      [Ref Enq: 0,0 ms]
      [Redirty Cards: 0,0 ms]
      [Humongous Register: 0,0 ms]
      [Humongous Reclaim: 0,0 ms]
      [Free CSet: 0,0 ms]
   [Eden: 48,0M(48,0M)->0,0B(48,0M) Survivors: 3072,0K->3072,0K Heap: 196,9M(1024,0M)->148,9M(1024,0M)]
 [Times: user=0,01 sys=0,00, real=0,03 secs] 
2019-06-05T10:32:51.006-0100: 9,694: [GC pause (G1 Evacuation Pause) (young), 0,0041386 secs]
   [Parallel Time: 3,5 ms, GC Workers: 4]
      [GC Worker Start (ms): Min: 9693,8, Avg: 9694,7, Max: 9697,3, Diff: 3,4]
      [Ext Root Scanning (ms): Min: 0,0, Avg: 0,4, Max: 0,6, Diff: 0,6, Sum: 1,7]
      [Update RS (ms): Min: 0,0, Avg: 0,4, Max: 0,5, Diff: 0,5, Sum: 1,6]
         [Processed Buffers: Min: 0, Avg: 5,8, Max: 13, Diff: 13, Sum: 23]
      [Scan RS (ms): Min: 0,0, Avg: 0,0, Max: 0,0, Diff: 0,0, Sum: 0,0]
      [Code Root Scanning (ms): Min: 0,0, Avg: 0,1, Max: 0,2, Diff: 0,2, Sum: 0,4]
      [Object Copy (ms): Min: 0,0, Avg: 1,6, Max: 2,1, Diff: 2,1, Sum: 6,2]
      [Termination (ms): Min: 0,0, Avg: 0,1, Max: 0,1, Diff: 0,1, Sum: 0,4]
         [Termination Attempts: Min: 1, Avg: 1,0, Max: 1, Diff: 0, Sum: 4]
      [GC Worker Other (ms): Min: 0,0, Avg: 0,0, Max: 0,0, Diff: 0,0, Sum: 0,0]
      [GC Worker Total (ms): Min: 0,0, Avg: 2,6, Max: 3,5, Diff: 3,4, Sum: 10,4]
      [GC Worker End (ms): Min: 9697,3, Avg: 9697,3, Max: 9697,3, Diff: 0,0]
   [Code Root Fixup: 0,0 ms]
   [Code Root Purge: 0,0 ms]
   [Clear CT: 0,0 ms]
   [Other: 0,6 ms]
      [Choose CSet: 0,0 ms]
      [Ref Proc: 0,3 ms]
      [Ref Enq: 0,0 ms]
      [Redirty Cards: 0,0 ms]
      [Humongous Register: 0,0 ms]
      [Humongous Reclaim: 0,0 ms]
      [Free CSet: 0,0 ms]
   [Eden: 48,0M(48,0M)->0,0B(47,0M) Survivors: 3072,0K->4096,0K Heap: 196,9M(1024,0M)->149,1M(1024,0M)]
 [Times: user=0,01 sys=0,00, real=0,01 secs] 
2019-06-05T10:32:51.094-0100: 9,781: [GC pause (G1 Evacuation Pause) (young), 0,0032322 secs]
   [Parallel Time: 2,8 ms, GC Workers: 4]
      [GC Worker Start (ms): Min: 9781,3, Avg: 9781,5, Max: 9781,7, Diff: 0,4]
      [Ext Root Scanning (ms): Min: 0,3, Avg: 0,5, Max: 0,7, Diff: 0,4, Sum: 1,8]
      [Update RS (ms): Min: 0,2, Avg: 0,4, Max: 0,4, Diff: 0,2, Sum: 1,5]
         [Processed Buffers: Min: 1, Avg: 2,5, Max: 7, Diff: 6, Sum: 10]
      [Scan RS (ms): Min: 0,0, Avg: 0,0, Max: 0,0, Diff: 0,0, Sum: 0,0]
      [Code Root Scanning (ms): Min: 0,0, Avg: 0,1, Max: 0,3, Diff: 0,3, Sum: 0,3]
      [Object Copy (ms): Min: 1,4, Avg: 1,5, Max: 1,6, Diff: 0,2, Sum: 6,2]
      [Termination (ms): Min: 0,0, Avg: 0,0, Max: 0,0, Diff: 0,0, Sum: 0,0]
         [Termination Attempts: Min: 1, Avg: 1,2, Max: 2, Diff: 1, Sum: 5]
      [GC Worker Other (ms): Min: 0,0, Avg: 0,0, Max: 0,0, Diff: 0,0, Sum: 0,1]
      [GC Worker Total (ms): Min: 2,3, Avg: 2,5, Max: 2,7, Diff: 0,4, Sum: 10,0]
      [GC Worker End (ms): Min: 9784,0, Avg: 9784,0, Max: 9784,0, Diff: 0,0]
   [Code Root Fixup: 0,0 ms]
   [Code Root Purge: 0,0 ms]
   [Clear CT: 0,1 ms]
   [Other: 0,4 ms]
      [Choose CSet: 0,0 ms]
      [Ref Proc: 0,1 ms]
      [Ref Enq: 0,0 ms]
      [Redirty Cards: 0,1 ms]
      [Humongous Register: 0,0 ms]
      [Humongous Reclaim: 0,0 ms]
      [Free CSet: 0,0 ms]
   [Eden: 47,0M(47,0M)->0,0B(48,0M) Survivors: 4096,0K->3072,0K Heap: 196,1M(1024,0M)->148,4M(1024,0M)]
 [Times: user=0,02 sys=0,01, real=0,00 secs] 
2019-06-05T10:32:56.200-0100: 14,888: [GC pause (G1 Evacuation Pause) (young), 0,0032409 secs]
   [Parallel Time: 2,7 ms, GC Workers: 4]
      [GC Worker Start (ms): Min: 14887,7, Avg: 14887,7, Max: 14887,7, Diff: 0,0]
      [Ext Root Scanning (ms): Min: 0,4, Avg: 0,5, Max: 0,6, Diff: 0,3, Sum: 1,8]
      [Update RS (ms): Min: 0,3, Avg: 0,4, Max: 0,4, Diff: 0,2, Sum: 1,6]
         [Processed Buffers: Min: 1, Avg: 5,0, Max: 15, Diff: 14, Sum: 20]
      [Scan RS (ms): Min: 0,0, Avg: 0,0, Max: 0,0, Diff: 0,0, Sum: 0,0]
      [Code Root Scanning (ms): Min: 0,0, Avg: 0,1, Max: 0,2, Diff: 0,2, Sum: 0,4]
      [Object Copy (ms): Min: 1,7, Avg: 1,7, Max: 1,8, Diff: 0,1, Sum: 6,8]
      [Termination (ms): Min: 0,0, Avg: 0,0, Max: 0,0, Diff: 0,0, Sum: 0,0]
         [Termination Attempts: Min: 1, Avg: 1,0, Max: 1, Diff: 0, Sum: 4]
      [GC Worker Other (ms): Min: 0,0, Avg: 0,0, Max: 0,0, Diff: 0,0, Sum: 0,0]
      [GC Worker Total (ms): Min: 2,7, Avg: 2,7, Max: 2,7, Diff: 0,0, Sum: 10,7]
      [GC Worker End (ms): Min: 14890,4, Avg: 14890,4, Max: 14890,4, Diff: 0,0]
   [Code Root Fixup: 0,0 ms]
   [Code Root Purge: 0,0 ms]
   [Clear CT: 0,1 ms]
   [Other: 0,4 ms]
      [Choose CSet: 0,0 ms]
      [Ref Proc: 0,1 ms]
      [Ref Enq: 0,0 ms]
      [Redirty Cards: 0,1 ms]
      [Humongous Register: 0,0 ms]
      [Humongous Reclaim: 0,0 ms]
      [Free CSet: 0,0 ms]
   [Eden: 48,0M(48,0M)->0,0B(54,0M) Survivors: 3072,0K->4096,0K Heap: 196,4M(1024,0M)->149,8M(1024,0M)]
 [Times: user=0,01 sys=0,00, real=0,00 secs] 
2019-06-05T10:32:56.300-0100: 14,987: [GC pause (G1 Evacuation Pause) (young), 0,0055087 secs]
   [Parallel Time: 5,0 ms, GC Workers: 4]
      [GC Worker Start (ms): Min: 14987,4, Avg: 14988,0, Max: 14989,2, Diff: 1,8]
      [Ext Root Scanning (ms): Min: 0,0, Avg: 0,5, Max: 0,8, Diff: 0,8, Sum: 1,8]
      [Update RS (ms): Min: 0,0, Avg: 0,4, Max: 0,6, Diff: 0,6, Sum: 1,5]
         [Processed Buffers: Min: 0, Avg: 3,0, Max: 8, Diff: 8, Sum: 12]
      [Scan RS (ms): Min: 0,0, Avg: 0,0, Max: 0,0, Diff: 0,0, Sum: 0,0]
      [Code Root Scanning (ms): Min: 0,0, Avg: 0,1, Max: 0,3, Diff: 0,3, Sum: 0,4]
      [Object Copy (ms): Min: 2,9, Avg: 3,2, Max: 3,4, Diff: 0,5, Sum: 13,0]
      [Termination (ms): Min: 0,0, Avg: 0,1, Max: 0,2, Diff: 0,1, Sum: 0,4]
         [Termination Attempts: Min: 1, Avg: 1,0, Max: 1, Diff: 0, Sum: 4]
      [GC Worker Other (ms): Min: 0,0, Avg: 0,0, Max: 0,0, Diff: 0,0, Sum: 0,0]
      [GC Worker Total (ms): Min: 3,0, Avg: 4,3, Max: 4,9, Diff: 1,8, Sum: 17,1]
      [GC Worker End (ms): Min: 14992,3, Avg: 14992,3, Max: 14992,3, Diff: 0,1]
   [Code Root Fixup: 0,0 ms]
   [Code Root Purge: 0,0 ms]
   [Clear CT: 0,1 ms]
   [Other: 0,5 ms]
      [Choose CSet: 0,0 ms]
      [Ref Proc: 0,2 ms]
      [Ref Enq: 0,0 ms]
      [Redirty Cards: 0,0 ms]
      [Humongous Register: 0,0 ms]
      [Humongous Reclaim: 0,0 ms]
      [Free CSet: 0,0 ms]
   [Eden: 54,0M(54,0M)->0,0B(371,0M) Survivors: 4096,0K->3072,0K Heap: 203,8M(1024,0M)->148,4M(1024,0M)]
 [Times: user=0,01 sys=0,00, real=0,00 secs] 
2019-06-05T10:48:00.322-0100: 918,982: [GC pause (G1 Evacuation Pause) (young), 0,0107800 secs]
   [Parallel Time: 8,7 ms, GC Workers: 4]
      [GC Worker Start (ms): Min: 918982,3, Avg: 918982,3, Max: 918982,3, Diff: 0,0]
      [Ext Root Scanning (ms): Min: 0,6, Avg: 0,8, Max: 1,3, Diff: 0,7, Sum: 3,2]
      [Update RS (ms): Min: 0,6, Avg: 1,0, Max: 1,4, Diff: 0,7, Sum: 4,0]
         [Processed Buffers: Min: 5, Avg: 10,2, Max: 17, Diff: 12, Sum: 41]
      [Scan RS (ms): Min: 0,0, Avg: 0,1, Max: 0,1, Diff: 0,1, Sum: 0,3]
      [Code Root Scanning (ms): Min: 0,1, Avg: 0,5, Max: 1,1, Diff: 0,9, Sum: 2,1]
      [Object Copy (ms): Min: 5,6, Avg: 6,2, Max: 6,5, Diff: 0,9, Sum: 24,8]
      [Termination (ms): Min: 0,0, Avg: 0,0, Max: 0,0, Diff: 0,0, Sum: 0,0]
         [Termination Attempts: Min: 1, Avg: 1,0, Max: 1, Diff: 0, Sum: 4]
      [GC Worker Other (ms): Min: 0,0, Avg: 0,0, Max: 0,0, Diff: 0,0, Sum: 0,2]
      [GC Worker Total (ms): Min: 8,6, Avg: 8,6, Max: 8,7, Diff: 0,0, Sum: 34,6]
      [GC Worker End (ms): Min: 918990,9, Avg: 918990,9, Max: 918991,0, Diff: 0,0]
   [Code Root Fixup: 0,0 ms]
   [Code Root Purge: 0,1 ms]
   [Clear CT: 0,1 ms]
   [Other: 1,8 ms]
      [Choose CSet: 0,0 ms]
      [Ref Proc: 1,2 ms]
      [Ref Enq: 0,0 ms]
      [Redirty Cards: 0,1 ms]
      [Humongous Register: 0,0 ms]
      [Humongous Reclaim: 0,0 ms]
      [Free CSet: 0,2 ms]
   [Eden: 371,0M(371,0M)->0,0B(212,0M) Survivors: 3072,0K->8192,0K Heap: 519,4M(1024,0M)->153,3M(1024,0M)]
 [Times: user=0,03 sys=0,00, real=0,01 secs] 
2019-06-05T11:03:12.620-0100: 1831,246: [GC pause (G1 Evacuation Pause) (young), 0,0101717 secs]
   [Parallel Time: 8,9 ms, GC Workers: 4]
      [GC Worker Start (ms): Min: 1831246,0, Avg: 1831246,6, Max: 1831248,2, Diff: 2,2]
      [Ext Root Scanning (ms): Min: 0,0, Avg: 0,5, Max: 0,9, Diff: 0,9, Sum: 2,1]
      [Update RS (ms): Min: 0,0, Avg: 0,7, Max: 1,0, Diff: 1,0, Sum: 2,7]
         [Processed Buffers: Min: 0, Avg: 5,8, Max: 11, Diff: 11, Sum: 23]
      [Scan RS (ms): Min: 0,0, Avg: 0,0, Max: 0,1, Diff: 0,1, Sum: 0,1]
      [Code Root Scanning (ms): Min: 0,0, Avg: 0,9, Max: 2,4, Diff: 2,4, Sum: 3,6]
      [Object Copy (ms): Min: 4,7, Avg: 6,0, Max: 6,9, Diff: 2,2, Sum: 24,0]
      [Termination (ms): Min: 0,0, Avg: 0,0, Max: 0,0, Diff: 0,0, Sum: 0,0]
         [Termination Attempts: Min: 1, Avg: 1,0, Max: 1, Diff: 0, Sum: 4]
      [GC Worker Other (ms): Min: 0,0, Avg: 0,0, Max: 0,1, Diff: 0,1, Sum: 0,2]
      [GC Worker Total (ms): Min: 6,6, Avg: 8,1, Max: 8,9, Diff: 2,3, Sum: 32,6]
      [GC Worker End (ms): Min: 1831254,8, Avg: 1831254,8, Max: 1831254,8, Diff: 0,1]
   [Code Root Fixup: 0,0 ms]
   [Code Root Purge: 0,0 ms]
   [Clear CT: 0,1 ms]
   [Other: 1,1 ms]
      [Choose CSet: 0,0 ms]
      [Ref Proc: 0,6 ms]
      [Ref Enq: 0,0 ms]
      [Redirty Cards: 0,1 ms]
      [Humongous Register: 0,1 ms]
      [Humongous Reclaim: 0,0 ms]
      [Free CSet: 0,1 ms]
   [Eden: 212,0M(212,0M)->0,0B(332,0M) Survivors: 8192,0K->7168,0K Heap: 365,3M(1024,0M)->152,4M(1024,0M)]
 [Times: user=0,03 sys=0,00, real=0,01 secs] 
2019-06-05T11:27:29.542-0100: 3288,114: [GC pause (G1 Evacuation Pause) (young), 0,0223977 secs]
   [Parallel Time: 19,9 ms, GC Workers: 4]
      [GC Worker Start (ms): Min: 3288114,3, Avg: 3288114,3, Max: 3288114,4, Diff: 0,1]
      [Ext Root Scanning (ms): Min: 1,9, Avg: 2,6, Max: 4,1, Diff: 2,2, Sum: 10,3]
      [Update RS (ms): Min: 1,2, Avg: 2,0, Max: 2,4, Diff: 1,2, Sum: 8,0]
         [Processed Buffers: Min: 2, Avg: 6,2, Max: 11, Diff: 9, Sum: 25]
      [Scan RS (ms): Min: 0,0, Avg: 0,0, Max: 0,1, Diff: 0,1, Sum: 0,2]
      [Code Root Scanning (ms): Min: 0,0, Avg: 1,1, Max: 2,2, Diff: 2,2, Sum: 4,3]
      [Object Copy (ms): Min: 13,3, Avg: 14,1, Max: 15,0, Diff: 1,8, Sum: 56,4]
      [Termination (ms): Min: 0,0, Avg: 0,0, Max: 0,0, Diff: 0,0, Sum: 0,0]
         [Termination Attempts: Min: 1, Avg: 1,0, Max: 1, Diff: 0, Sum: 4]
      [GC Worker Other (ms): Min: 0,0, Avg: 0,0, Max: 0,0, Diff: 0,0, Sum: 0,1]
      [GC Worker Total (ms): Min: 19,7, Avg: 19,8, Max: 19,9, Diff: 0,1, Sum: 79,3]
      [GC Worker End (ms): Min: 3288134,1, Avg: 3288134,2, Max: 3288134,2, Diff: 0,0]
   [Code Root Fixup: 0,0 ms]
   [Code Root Purge: 0,0 ms]
   [Clear CT: 0,1 ms]
   [Other: 2,3 ms]
      [Choose CSet: 0,0 ms]
      [Ref Proc: 1,7 ms]
      [Ref Enq: 0,0 ms]
      [Redirty Cards: 0,1 ms]
      [Humongous Register: 0,0 ms]
      [Humongous Reclaim: 0,0 ms]
      [Free CSet: 0,3 ms]
   [Eden: 332,0M(332,0M)->0,0B(207,0M) Survivors: 7168,0K->7168,0K Heap: 484,4M(1024,0M)->152,4M(1024,0M)]
 [Times: user=0,03 sys=0,01, real=0,02 secs] 
2019-06-05T11:42:19.696-0100: 4178,238: [GC pause (G1 Evacuation Pause) (young), 0,0111061 secs]
   [Parallel Time: 10,1 ms, GC Workers: 4]
      [GC Worker Start (ms): Min: 4178238,5, Avg: 4178238,9, Max: 4178239,5, Diff: 1,0]
      [Ext Root Scanning (ms): Min: 0,2, Avg: 0,8, Max: 1,1, Diff: 1,0, Sum: 3,0]
      [Update RS (ms): Min: 1,0, Avg: 1,3, Max: 2,1, Diff: 1,1, Sum: 5,4]
         [Processed Buffers: Min: 2, Avg: 5,5, Max: 16, Diff: 14, Sum: 22]
      [Scan RS (ms): Min: 0,0, Avg: 0,0, Max: 0,1, Diff: 0,1, Sum: 0,1]
      [Code Root Scanning (ms): Min: 0,0, Avg: 0,6, Max: 1,2, Diff: 1,2, Sum: 2,3]
      [Object Copy (ms): Min: 6,7, Avg: 6,9, Max: 7,5, Diff: 0,8, Sum: 27,5]
      [Termination (ms): Min: 0,0, Avg: 0,0, Max: 0,0, Diff: 0,0, Sum: 0,0]
         [Termination Attempts: Min: 1, Avg: 1,0, Max: 1, Diff: 0, Sum: 4]
      [GC Worker Other (ms): Min: 0,0, Avg: 0,0, Max: 0,0, Diff: 0,0, Sum: 0,1]
      [GC Worker Total (ms): Min: 9,0, Avg: 9,6, Max: 10,0, Diff: 1,0, Sum: 38,5]
      [GC Worker End (ms): Min: 4178248,5, Avg: 4178248,5, Max: 4178248,5, Diff: 0,0]
   [Code Root Fixup: 0,0 ms]
   [Code Root Purge: 0,0 ms]
   [Clear CT: 0,1 ms]
   [Other: 0,8 ms]
      [Choose CSet: 0,0 ms]
      [Ref Proc: 0,3 ms]
      [Ref Enq: 0,0 ms]
      [Redirty Cards: 0,1 ms]
      [Humongous Register: 0,1 ms]
      [Humongous Reclaim: 0,0 ms]
      [Free CSet: 0,1 ms]
   [Eden: 207,0M(207,0M)->0,0B(365,0M) Survivors: 7168,0K->7168,0K Heap: 359,4M(1024,0M)->152,9M(1024,0M)]
 [Times: user=0,04 sys=0,00, real=0,01 secs] 
2019-06-05T12:09:02.796-0100: 5781,279: [GC pause (G1 Evacuation Pause) (young), 0,1060621 secs]
   [Parallel Time: 77,1 ms, GC Workers: 4]
      [GC Worker Start (ms): Min: 5781304,6, Avg: 5781304,7, Max: 5781304,8, Diff: 0,2]
      [Ext Root Scanning (ms): Min: 29,0, Avg: 37,6, Max: 63,2, Diff: 34,2, Sum: 150,5]
      [Update RS (ms): Min: 0,0, Avg: 15,7, Max: 21,6, Diff: 21,6, Sum: 62,8]
         [Processed Buffers: Min: 0, Avg: 5,0, Max: 10, Diff: 10, Sum: 20]
      [Scan RS (ms): Min: 0,0, Avg: 0,1, Max: 0,1, Diff: 0,1, Sum: 0,3]
      [Code Root Scanning (ms): Min: 0,0, Avg: 4,4, Max: 10,3, Diff: 10,3, Sum: 17,8]
      [Object Copy (ms): Min: 11,7, Avg: 17,3, Max: 24,1, Diff: 12,4, Sum: 69,0]
      [Termination (ms): Min: 0,0, Avg: 0,5, Max: 0,7, Diff: 0,7, Sum: 2,2]
         [Termination Attempts: Min: 1, Avg: 1,2, Max: 2, Diff: 1, Sum: 5]
      [GC Worker Other (ms): Min: 0,0, Avg: 0,0, Max: 0,1, Diff: 0,0, Sum: 0,2]
      [GC Worker Total (ms): Min: 75,6, Avg: 75,7, Max: 75,8, Diff: 0,2, Sum: 302,7]
      [GC Worker End (ms): Min: 5781380,3, Avg: 5781380,4, Max: 5781380,4, Diff: 0,0]
   [Code Root Fixup: 0,0 ms]
   [Code Root Purge: 0,0 ms]
   [Clear CT: 0,1 ms]
   [Other: 28,8 ms]
      [Choose CSet: 0,0 ms]
      [Ref Proc: 1,3 ms]
      [Ref Enq: 0,0 ms]
      [Redirty Cards: 0,1 ms]
      [Humongous Register: 11,3 ms]
      [Humongous Reclaim: 0,0 ms]
      [Free CSet: 0,4 ms]
   [Eden: 365,0M(365,0M)->0,0B(44,0M) Survivors: 7168,0K->7168,0K Heap: 517,9M(1024,0M)->152,9M(1024,0M)]
 [Times: user=0,04 sys=0,08, real=0,11 secs] 
2019-06-05T12:12:14.637-0100: 5973,111: [GC pause (G1 Evacuation Pause) (young), 0,0166980 secs]
   [Parallel Time: 16,0 ms, GC Workers: 4]
      [GC Worker Start (ms): Min: 5973111,1, Avg: 5973111,3, Max: 5973111,5, Diff: 0,4]
      [Ext Root Scanning (ms): Min: 0,5, Avg: 0,8, Max: 1,5, Diff: 1,1, Sum: 3,0]
      [Update RS (ms): Min: 1,3, Avg: 2,2, Max: 2,9, Diff: 1,6, Sum: 8,8]
         [Processed Buffers: Min: 1, Avg: 5,2, Max: 16, Diff: 15, Sum: 21]
      [Scan RS (ms): Min: 0,0, Avg: 0,0, Max: 0,0, Diff: 0,0, Sum: 0,0]
      [Code Root Scanning (ms): Min: 0,0, Avg: 0,8, Max: 1,9, Diff: 1,9, Sum: 3,3]
      [Object Copy (ms): Min: 10,3, Avg: 10,9, Max: 11,6, Diff: 1,3, Sum: 43,6]
      [Termination (ms): Min: 0,0, Avg: 0,8, Max: 1,1, Diff: 1,1, Sum: 3,2]
         [Termination Attempts: Min: 1, Avg: 1,0, Max: 1, Diff: 0, Sum: 4]
      [GC Worker Other (ms): Min: 0,0, Avg: 0,0, Max: 0,1, Diff: 0,1, Sum: 0,2]
      [GC Worker Total (ms): Min: 14,8, Avg: 15,5, Max: 15,9, Diff: 1,0, Sum: 62,1]
      [GC Worker End (ms): Min: 5973126,3, Avg: 5973126,8, Max: 5973127,0, Diff: 0,7]
   [Code Root Fixup: 0,0 ms]
   [Code Root Purge: 0,0 ms]
   [Clear CT: 0,0 ms]
   [Other: 0,6 ms]
      [Choose CSet: 0,0 ms]
      [Ref Proc: 0,2 ms]
      [Ref Enq: 0,0 ms]
      [Redirty Cards: 0,0 ms]
      [Humongous Register: 0,0 ms]
      [Humongous Reclaim: 0,0 ms]
      [Free CSet: 0,1 ms]
   [Eden: 44,0M(44,0M)->0,0B(46,0M) Survivors: 7168,0K->5120,0K Heap: 196,9M(1024,0M)->152,4M(1024,0M)]
 [Times: user=0,03 sys=0,00, real=0,02 secs] 
2019-06-05T12:15:34.645-0100: 6173,113: [GC pause (G1 Evacuation Pause) (young), 0,0100218 secs]
   [Parallel Time: 9,4 ms, GC Workers: 4]
      [GC Worker Start (ms): Min: 6173113,3, Avg: 6173113,6, Max: 6173114,4, Diff: 1,2]
      [Ext Root Scanning (ms): Min: 0,0, Avg: 0,6, Max: 0,8, Diff: 0,8, Sum: 2,5]
      [Update RS (ms): Min: 3,4, Avg: 3,5, Max: 3,6, Diff: 0,1, Sum: 14,0]
         [Processed Buffers: Min: 5, Avg: 9,0, Max: 19, Diff: 14, Sum: 36]
      [Scan RS (ms): Min: 0,0, Avg: 0,0, Max: 0,0, Diff: 0,0, Sum: 0,0]
      [Code Root Scanning (ms): Min: 0,0, Avg: 0,2, Max: 0,4, Diff: 0,4, Sum: 0,8]
      [Object Copy (ms): Min: 4,4, Avg: 4,6, Max: 4,8, Diff: 0,3, Sum: 18,3]
      [Termination (ms): Min: 0,0, Avg: 0,0, Max: 0,0, Diff: 0,0, Sum: 0,0]
         [Termination Attempts: Min: 1, Avg: 1,0, Max: 1, Diff: 0, Sum: 4]
      [GC Worker Other (ms): Min: 0,0, Avg: 0,1, Max: 0,1, Diff: 0,1, Sum: 0,2]
      [GC Worker Total (ms): Min: 8,1, Avg: 8,9, Max: 9,3, Diff: 1,2, Sum: 35,8]
      [GC Worker End (ms): Min: 6173122,5, Avg: 6173122,5, Max: 6173122,6, Diff: 0,1]
   [Code Root Fixup: 0,0 ms]
   [Code Root Purge: 0,0 ms]
   [Clear CT: 0,0 ms]
   [Other: 0,6 ms]
      [Choose CSet: 0,0 ms]
      [Ref Proc: 0,2 ms]
      [Ref Enq: 0,0 ms]
      [Redirty Cards: 0,0 ms]
      [Humongous Register: 0,1 ms]
      [Humongous Reclaim: 0,0 ms]
      [Free CSet: 0,0 ms]
   [Eden: 46,0M(46,0M)->0,0B(46,0M) Survivors: 5120,0K->5120,0K Heap: 198,4M(1024,0M)->152,4M(1024,0M)]
 [Times: user=0,03 sys=0,00, real=0,01 secs] 
2019-06-05T12:19:07.725-0100: 6386,186: [GC pause (G1 Evacuation Pause) (young), 0,0065702 secs]
   [Parallel Time: 6,0 ms, GC Workers: 4]
      [GC Worker Start (ms): Min: 6386186,4, Avg: 6386186,6, Max: 6386187,1, Diff: 0,7]
      [Ext Root Scanning (ms): Min: 0,1, Avg: 0,9, Max: 2,0, Diff: 1,9, Sum: 3,5]
      [Update RS (ms): Min: 0,0, Avg: 0,4, Max: 0,6, Diff: 0,6, Sum: 1,6]
         [Processed Buffers: Min: 0, Avg: 9,5, Max: 20, Diff: 20, Sum: 38]
      [Scan RS (ms): Min: 0,0, Avg: 0,0, Max: 0,0, Diff: 0,0, Sum: 0,0]
      [Code Root Scanning (ms): Min: 0,0, Avg: 0,2, Max: 0,4, Diff: 0,4, Sum: 0,7]
      [Object Copy (ms): Min: 3,8, Avg: 4,0, Max: 4,3, Diff: 0,5, Sum: 16,1]
      [Termination (ms): Min: 0,0, Avg: 0,2, Max: 0,3, Diff: 0,3, Sum: 0,9]
         [Termination Attempts: Min: 1, Avg: 1,0, Max: 1, Diff: 0, Sum: 4]
      [GC Worker Other (ms): Min: 0,0, Avg: 0,0, Max: 0,0, Diff: 0,0, Sum: 0,0]
      [GC Worker Total (ms): Min: 5,2, Avg: 5,7, Max: 5,9, Diff: 0,7, Sum: 22,8]
      [GC Worker End (ms): Min: 6386192,2, Avg: 6386192,3, Max: 6386192,4, Diff: 0,1]
   [Code Root Fixup: 0,0 ms]
   [Code Root Purge: 0,0 ms]
   [Clear CT: 0,0 ms]
   [Other: 0,5 ms]
      [Choose CSet: 0,0 ms]
      [Ref Proc: 0,2 ms]
      [Ref Enq: 0,0 ms]
      [Redirty Cards: 0,0 ms]
      [Humongous Register: 0,0 ms]
      [Humongous Reclaim: 0,0 ms]
      [Free CSet: 0,0 ms]
   [Eden: 46,0M(46,0M)->0,0B(47,0M) Survivors: 5120,0K->4096,0K Heap: 198,4M(1024,0M)->151,8M(1024,0M)]
 [Times: user=0,02 sys=0,00, real=0,01 secs] 
2019-06-05T12:22:34.558-0100: 6593,013: [GC pause (G1 Evacuation Pause) (young), 0,0067077 secs]
   [Parallel Time: 6,0 ms, GC Workers: 4]
      [GC Worker Start (ms): Min: 6593013,6, Avg: 6593013,6, Max: 6593013,7, Diff: 0,1]
      [Ext Root Scanning (ms): Min: 0,4, Avg: 0,4, Max: 0,5, Diff: 0,1, Sum: 1,7]
      [Update RS (ms): Min: 0,4, Avg: 0,4, Max: 0,4, Diff: 0,1, Sum: 1,5]
         [Processed Buffers: Min: 1, Avg: 8,5, Max: 24, Diff: 23, Sum: 34]
      [Scan RS (ms): Min: 0,0, Avg: 0,0, Max: 0,0, Diff: 0,0, Sum: 0,0]
      [Code Root Scanning (ms): Min: 0,0, Avg: 0,2, Max: 0,3, Diff: 0,3, Sum: 0,6]
      [Object Copy (ms): Min: 4,7, Avg: 4,9, Max: 5,0, Diff: 0,2, Sum: 19,4]
      [Termination (ms): Min: 0,0, Avg: 0,0, Max: 0,0, Diff: 0,0, Sum: 0,0]
         [Termination Attempts: Min: 1, Avg: 1,0, Max: 1, Diff: 0, Sum: 4]
      [GC Worker Other (ms): Min: 0,0, Avg: 0,0, Max: 0,1, Diff: 0,1, Sum: 0,1]
      [GC Worker Total (ms): Min: 5,8, Avg: 5,9, Max: 5,9, Diff: 0,1, Sum: 23,5]
      [GC Worker End (ms): Min: 6593019,5, Avg: 6593019,5, Max: 6593019,6, Diff: 0,1]
   [Code Root Fixup: 0,0 ms]
   [Code Root Purge: 0,0 ms]
   [Clear CT: 0,1 ms]
   [Other: 0,6 ms]
      [Choose CSet: 0,0 ms]
      [Ref Proc: 0,2 ms]
      [Ref Enq: 0,0 ms]
      [Redirty Cards: 0,0 ms]
      [Humongous Register: 0,0 ms]
      [Humongous Reclaim: 0,0 ms]
      [Free CSet: 0,1 ms]
   [Eden: 47,0M(47,0M)->0,0B(46,0M) Survivors: 4096,0K->5120,0K Heap: 198,8M(1024,0M)->152,4M(1024,0M)]
 [Times: user=0,02 sys=0,00, real=0,01 secs] 
2019-06-05T12:25:55.910-0100: 6794,351: [GC pause (G1 Evacuation Pause) (young), 0,0078353 secs]
   [Parallel Time: 7,0 ms, GC Workers: 4]
      [GC Worker Start (ms): Min: 6794350,9, Avg: 6794350,9, Max: 6794350,9, Diff: 0,0]
      [Ext Root Scanning (ms): Min: 0,9, Avg: 1,2, Max: 1,6, Diff: 0,7, Sum: 4,9]
      [Update RS (ms): Min: 0,2, Avg: 0,6, Max: 0,8, Diff: 0,6, Sum: 2,4]
         [Processed Buffers: Min: 1, Avg: 9,2, Max: 23, Diff: 22, Sum: 37]
      [Scan RS (ms): Min: 0,0, Avg: 0,0, Max: 0,0, Diff: 0,0, Sum: 0,0]
      [Code Root Scanning (ms): Min: 0,0, Avg: 0,2, Max: 0,5, Diff: 0,5, Sum: 0,9]
      [Object Copy (ms): Min: 4,5, Avg: 4,8, Max: 5,1, Diff: 0,5, Sum: 19,1]
      [Termination (ms): Min: 0,0, Avg: 0,0, Max: 0,0, Diff: 0,0, Sum: 0,0]
         [Termination Attempts: Min: 1, Avg: 1,0, Max: 1, Diff: 0, Sum: 4]
      [GC Worker Other (ms): Min: 0,0, Avg: 0,0, Max: 0,0, Diff: 0,0, Sum: 0,1]
      [GC Worker Total (ms): Min: 6,8, Avg: 6,8, Max: 6,9, Diff: 0,0, Sum: 27,4]
      [GC Worker End (ms): Min: 6794357,7, Avg: 6794357,7, Max: 6794357,8, Diff: 0,0]
   [Code Root Fixup: 0,0 ms]
   [Code Root Purge: 0,0 ms]
   [Clear CT: 0,3 ms]
   [Other: 0,6 ms]
      [Choose CSet: 0,0 ms]
      [Ref Proc: 0,2 ms]
      [Ref Enq: 0,0 ms]
      [Redirty Cards: 0,1 ms]
      [Humongous Register: 0,0 ms]
      [Humongous Reclaim: 0,0 ms]
      [Free CSet: 0,0 ms]
   [Eden: 46,0M(46,0M)->0,0B(46,0M) Survivors: 5120,0K->5120,0K Heap: 198,4M(1024,0M)->152,4M(1024,0M)]
 [Times: user=0,03 sys=0,00, real=0,00 secs] 
2019-06-05T12:29:15.106-0100: 6993,541: [GC pause (G1 Evacuation Pause) (young), 0,0077570 secs]
   [Parallel Time: 7,0 ms, GC Workers: 4]
      [GC Worker Start (ms): Min: 6993541,5, Avg: 6993541,5, Max: 6993541,5, Diff: 0,1]
      [Ext Root Scanning (ms): Min: 0,7, Avg: 0,9, Max: 1,4, Diff: 0,7, Sum: 3,6]
      [Update RS (ms): Min: 0,1, Avg: 0,6, Max: 0,9, Diff: 0,7, Sum: 2,5]
         [Processed Buffers: Min: 3, Avg: 9,0, Max: 15, Diff: 12, Sum: 36]
      [Scan RS (ms): Min: 0,0, Avg: 0,0, Max: 0,0, Diff: 0,0, Sum: 0,1]
      [Code Root Scanning (ms): Min: 0,0, Avg: 0,2, Max: 0,5, Diff: 0,5, Sum: 0,9]
      [Object Copy (ms): Min: 5,0, Avg: 5,2, Max: 5,4, Diff: 0,4, Sum: 20,6]
      [Termination (ms): Min: 0,0, Avg: 0,0, Max: 0,0, Diff: 0,0, Sum: 0,0]
         [Termination Attempts: Min: 1, Avg: 1,0, Max: 1, Diff: 0, Sum: 4]
      [GC Worker Other (ms): Min: 0,0, Avg: 0,0, Max: 0,0, Diff: 0,0, Sum: 0,1]
      [GC Worker Total (ms): Min: 6,9, Avg: 7,0, Max: 7,0, Diff: 0,0, Sum: 27,8]
      [GC Worker End (ms): Min: 6993548,5, Avg: 6993548,5, Max: 6993548,5, Diff: 0,0]
   [Code Root Fixup: 0,0 ms]
   [Code Root Purge: 0,0 ms]
   [Clear CT: 0,1 ms]
   [Other: 0,6 ms]
      [Choose CSet: 0,0 ms]
      [Ref Proc: 0,2 ms]
      [Ref Enq: 0,0 ms]
      [Redirty Cards: 0,0 ms]
      [Humongous Register: 0,1 ms]
      [Humongous Reclaim: 0,0 ms]
      [Free CSet: 0,0 ms]
   [Eden: 46,0M(46,0M)->0,0B(225,0M) Survivors: 5120,0K->4096,0K Heap: 198,4M(1024,0M)->151,9M(1024,0M)]
 [Times: user=0,03 sys=0,00, real=0,01 secs] 
2019-06-05T12:45:04.718-0100: 7943,121: [GC pause (G1 Evacuation Pause) (young), 0,1730338 secs]
   [Parallel Time: 109,5 ms, GC Workers: 4]
      [GC Worker Start (ms): Min: 7943172,1, Avg: 7943172,2, Max: 7943172,3, Diff: 0,2]
      [Ext Root Scanning (ms): Min: 33,7, Avg: 46,1, Max: 82,7, Diff: 48,9, Sum: 184,4]
      [Update RS (ms): Min: 0,0, Avg: 18,6, Max: 32,9, Diff: 32,9, Sum: 74,5]
         [Processed Buffers: Min: 0, Avg: 11,8, Max: 22, Diff: 22, Sum: 47]
      [Scan RS (ms): Min: 0,0, Avg: 0,0, Max: 0,1, Diff: 0,0, Sum: 0,2]
      [Code Root Scanning (ms): Min: 0,0, Avg: 2,3, Max: 5,2, Diff: 5,2, Sum: 9,3]
      [Object Copy (ms): Min: 26,1, Avg: 37,9, Max: 49,3, Diff: 23,2, Sum: 151,8]
      [Termination (ms): Min: 0,0, Avg: 3,8, Max: 7,5, Diff: 7,5, Sum: 15,2]
         [Termination Attempts: Min: 1, Avg: 4,5, Max: 11, Diff: 10, Sum: 18]
      [GC Worker Other (ms): Min: 0,1, Avg: 0,4, Max: 1,6, Diff: 1,5, Sum: 1,7]
      [GC Worker Total (ms): Min: 109,2, Avg: 109,3, Max: 109,4, Diff: 0,2, Sum: 437,0]
      [GC Worker End (ms): Min: 7943281,5, Avg: 7943281,5, Max: 7943281,5, Diff: 0,0]
   [Code Root Fixup: 0,0 ms]
   [Code Root Purge: 0,0 ms]
   [Clear CT: 0,2 ms]
   [Other: 63,4 ms]
      [Choose CSet: 0,0 ms]
      [Ref Proc: 9,2 ms]
      [Ref Enq: 0,0 ms]
      [Redirty Cards: 0,1 ms]
      [Humongous Register: 24,1 ms]
      [Humongous Reclaim: 0,0 ms]
      [Free CSet: 1,6 ms]
   [Eden: 225,0M(225,0M)->0,0B(47,0M) Survivors: 4096,0K->4096,0K Heap: 376,9M(1024,0M)->151,4M(1024,0M)]
 [Times: user=0,03 sys=0,12, real=0,18 secs] 
2019-06-05T12:48:29.217-0100: 8147,613: [GC pause (G1 Evacuation Pause) (young), 0,0176145 secs]
   [Parallel Time: 17,1 ms, GC Workers: 4]
      [GC Worker Start (ms): Min: 8147612,7, Avg: 8147612,7, Max: 8147612,8, Diff: 0,0]
      [Ext Root Scanning (ms): Min: 0,5, Avg: 0,9, Max: 1,2, Diff: 0,7, Sum: 3,4]
      [Update RS (ms): Min: 0,1, Avg: 0,7, Max: 1,3, Diff: 1,2, Sum: 2,8]
         [Processed Buffers: Min: 1, Avg: 8,8, Max: 27, Diff: 26, Sum: 35]
      [Scan RS (ms): Min: 0,0, Avg: 0,0, Max: 0,0, Diff: 0,0, Sum: 0,0]
      [Code Root Scanning (ms): Min: 0,0, Avg: 0,2, Max: 0,5, Diff: 0,5, Sum: 0,9]
      [Object Copy (ms): Min: 14,0, Avg: 14,7, Max: 15,5, Diff: 1,6, Sum: 58,8]
      [Termination (ms): Min: 0,0, Avg: 0,5, Max: 0,7, Diff: 0,7, Sum: 1,9]
         [Termination Attempts: Min: 1, Avg: 1,0, Max: 1, Diff: 0, Sum: 4]
      [GC Worker Other (ms): Min: 0,0, Avg: 0,0, Max: 0,0, Diff: 0,0, Sum: 0,1]
      [GC Worker Total (ms): Min: 17,0, Avg: 17,0, Max: 17,0, Diff: 0,0, Sum: 68,1]
      [GC Worker End (ms): Min: 8147629,7, Avg: 8147629,7, Max: 8147629,8, Diff: 0,0]
   [Code Root Fixup: 0,0 ms]
   [Code Root Purge: 0,0 ms]
   [Clear CT: 0,1 ms]
   [Other: 0,4 ms]
      [Choose CSet: 0,0 ms]
      [Ref Proc: 0,1 ms]
      [Ref Enq: 0,0 ms]
      [Redirty Cards: 0,0 ms]
      [Humongous Register: 0,0 ms]
      [Humongous Reclaim: 0,0 ms]
      [Free CSet: 0,1 ms]
   [Eden: 47,0M(47,0M)->0,0B(46,0M) Survivors: 4096,0K->5120,0K Heap: 198,4M(1024,0M)->152,4M(1024,0M)]
 [Times: user=0,02 sys=0,01, real=0,02 secs] 
2019-06-05T12:51:48.866-0100: 8347,255: [GC pause (G1 Evacuation Pause) (young), 0,0339748 secs]
   [Parallel Time: 33,4 ms, GC Workers: 4]
      [GC Worker Start (ms): Min: 8347255,2, Avg: 8347255,2, Max: 8347255,2, Diff: 0,0]
      [Ext Root Scanning (ms): Min: 1,1, Avg: 1,7, Max: 2,5, Diff: 1,4, Sum: 6,8]
      [Update RS (ms): Min: 0,0, Avg: 0,6, Max: 1,1, Diff: 1,1, Sum: 2,4]
         [Processed Buffers: Min: 0, Avg: 8,8, Max: 27, Diff: 27, Sum: 35]
      [Scan RS (ms): Min: 0,0, Avg: 0,0, Max: 0,1, Diff: 0,1, Sum: 0,1]
      [Code Root Scanning (ms): Min: 0,0, Avg: 0,2, Max: 0,6, Diff: 0,6, Sum: 0,8]
      [Object Copy (ms): Min: 29,8, Avg: 30,1, Max: 30,6, Diff: 0,8, Sum: 120,6]
      [Termination (ms): Min: 0,0, Avg: 0,6, Max: 1,1, Diff: 1,1, Sum: 2,5]
         [Termination Attempts: Min: 1, Avg: 1,2, Max: 2, Diff: 1, Sum: 5]
      [GC Worker Other (ms): Min: 0,0, Avg: 0,0, Max: 0,0, Diff: 0,0, Sum: 0,1]
      [GC Worker Total (ms): Min: 33,3, Avg: 33,3, Max: 33,3, Diff: 0,0, Sum: 133,3]
      [GC Worker End (ms): Min: 8347288,5, Avg: 8347288,5, Max: 8347288,6, Diff: 0,0]
   [Code Root Fixup: 0,0 ms]
   [Code Root Purge: 0,0 ms]
   [Clear CT: 0,1 ms]
   [Other: 0,5 ms]
      [Choose CSet: 0,0 ms]
      [Ref Proc: 0,1 ms]
      [Ref Enq: 0,0 ms]
      [Redirty Cards: 0,1 ms]
      [Humongous Register: 0,0 ms]
      [Humongous Reclaim: 0,0 ms]
      [Free CSet: 0,0 ms]
   [Eden: 46,0M(46,0M)->0,0B(45,0M) Survivors: 5120,0K->6144,0K Heap: 198,4M(1024,0M)->153,7M(1024,0M)]
 [Times: user=0,02 sys=0,02, real=0,04 secs] 
2019-06-05T12:55:03.802-0100: 8542,185: [GC pause (G1 Evacuation Pause) (young), 0,0078514 secs]
   [Parallel Time: 7,2 ms, GC Workers: 4]
      [GC Worker Start (ms): Min: 8542185,5, Avg: 8542185,5, Max: 8542185,5, Diff: 0,0]
      [Ext Root Scanning (ms): Min: 0,7, Avg: 0,9, Max: 1,3, Diff: 0,6, Sum: 3,5]
      [Update RS (ms): Min: 0,5, Avg: 1,0, Max: 1,8, Diff: 1,3, Sum: 4,1]
         [Processed Buffers: Min: 1, Avg: 9,8, Max: 26, Diff: 25, Sum: 39]
      [Scan RS (ms): Min: 0,0, Avg: 0,0, Max: 0,0, Diff: 0,0, Sum: 0,0]
      [Code Root Scanning (ms): Min: 0,0, Avg: 0,2, Max: 0,7, Diff: 0,7, Sum: 0,7]
      [Object Copy (ms): Min: 4,1, Avg: 4,6, Max: 4,8, Diff: 0,7, Sum: 18,2]
      [Termination (ms): Min: 0,0, Avg: 0,5, Max: 0,7, Diff: 0,7, Sum: 2,0]
         [Termination Attempts: Min: 1, Avg: 1,0, Max: 1, Diff: 0, Sum: 4]
      [GC Worker Other (ms): Min: 0,0, Avg: 0,0, Max: 0,0, Diff: 0,0, Sum: 0,1]
      [GC Worker Total (ms): Min: 7,1, Avg: 7,2, Max: 7,2, Diff: 0,0, Sum: 28,7]
      [GC Worker End (ms): Min: 8542192,6, Avg: 8542192,6, Max: 8542192,6, Diff: 0,0]
   [Code Root Fixup: 0,0 ms]
   [Code Root Purge: 0,0 ms]
   [Clear CT: 0,1 ms]
   [Other: 0,5 ms]
      [Choose CSet: 0,0 ms]
      [Ref Proc: 0,1 ms]
      [Ref Enq: 0,0 ms]
      [Redirty Cards: 0,1 ms]
      [Humongous Register: 0,0 ms]
      [Humongous Reclaim: 0,0 ms]
      [Free CSet: 0,1 ms]
   [Eden: 45,0M(45,0M)->0,0B(46,0M) Survivors: 6144,0K->5120,0K Heap: 198,7M(1024,0M)->152,4M(1024,0M)]
 [Times: user=0,02 sys=0,00, real=0,01 secs] 
2019-06-05T12:58:20.791-0100: 8739,168: [GC pause (G1 Evacuation Pause) (young), 0,0170944 secs]
   [Parallel Time: 16,5 ms, GC Workers: 4]
      [GC Worker Start (ms): Min: 8739168,4, Avg: 8739168,5, Max: 8739168,6, Diff: 0,2]
      [Ext Root Scanning (ms): Min: 1,6, Avg: 1,7, Max: 1,9, Diff: 0,3, Sum: 6,9]
      [Update RS (ms): Min: 0,3, Avg: 0,7, Max: 1,4, Diff: 1,1, Sum: 2,9]
         [Processed Buffers: Min: 1, Avg: 9,2, Max: 20, Diff: 19, Sum: 37]
      [Scan RS (ms): Min: 0,0, Avg: 0,0, Max: 0,0, Diff: 0,0, Sum: 0,0]
      [Code Root Scanning (ms): Min: 0,0, Avg: 0,2, Max: 0,5, Diff: 0,5, Sum: 0,9]
      [Object Copy (ms): Min: 12,4, Avg: 13,5, Max: 14,4, Diff: 2,0, Sum: 53,9]
      [Termination (ms): Min: 0,0, Avg: 0,2, Max: 0,3, Diff: 0,3, Sum: 0,9]
         [Termination Attempts: Min: 1, Avg: 1,0, Max: 1, Diff: 0, Sum: 4]
      [GC Worker Other (ms): Min: 0,0, Avg: 0,0, Max: 0,0, Diff: 0,0, Sum: 0,1]
      [GC Worker Total (ms): Min: 16,3, Avg: 16,4, Max: 16,4, Diff: 0,2, Sum: 65,6]
      [GC Worker End (ms): Min: 8739184,9, Avg: 8739184,9, Max: 8739184,9, Diff: 0,0]
   [Code Root Fixup: 0,0 ms]
   [Code Root Purge: 0,0 ms]
   [Clear CT: 0,1 ms]
   [Other: 0,4 ms]
      [Choose CSet: 0,0 ms]
      [Ref Proc: 0,1 ms]
      [Ref Enq: 0,0 ms]
      [Redirty Cards: 0,0 ms]
      [Humongous Register: 0,0 ms]
      [Humongous Reclaim: 0,0 ms]
      [Free CSet: 0,0 ms]
   [Eden: 46,0M(46,0M)->0,0B(47,0M) Survivors: 5120,0K->4096,0K Heap: 198,4M(1024,0M)->151,9M(1024,0M)]
 [Times: user=0,02 sys=0,01, real=0,01 secs] 
2019-06-05T13:01:45.720-0100: 8944,091: [GC pause (G1 Evacuation Pause) (young), 0,0170427 secs]
   [Parallel Time: 16,4 ms, GC Workers: 4]
      [GC Worker Start (ms): Min: 8944091,2, Avg: 8944091,2, Max: 8944091,3, Diff: 0,2]
      [Ext Root Scanning (ms): Min: 0,7, Avg: 1,3, Max: 1,9, Diff: 1,2, Sum: 5,3]
      [Update RS (ms): Min: 0,2, Avg: 0,7, Max: 1,4, Diff: 1,2, Sum: 3,0]
         [Processed Buffers: Min: 2, Avg: 9,2, Max: 16, Diff: 14, Sum: 37]
      [Scan RS (ms): Min: 0,0, Avg: 0,0, Max: 0,0, Diff: 0,0, Sum: 0,0]
      [Code Root Scanning (ms): Min: 0,0, Avg: 0,2, Max: 0,5, Diff: 0,5, Sum: 0,9]
      [Object Copy (ms): Min: 11,7, Avg: 12,6, Max: 13,4, Diff: 1,6, Sum: 50,4]
      [Termination (ms): Min: 0,8, Avg: 1,4, Max: 2,2, Diff: 1,4, Sum: 5,6]
         [Termination Attempts: Min: 2, Avg: 3,8, Max: 5, Diff: 3, Sum: 15]
      [GC Worker Other (ms): Min: 0,0, Avg: 0,0, Max: 0,0, Diff: 0,0, Sum: 0,1]
      [GC Worker Total (ms): Min: 16,2, Avg: 16,3, Max: 16,4, Diff: 0,2, Sum: 65,2]
      [GC Worker End (ms): Min: 8944107,5, Avg: 8944107,5, Max: 8944107,5, Diff: 0,0]
   [Code Root Fixup: 0,0 ms]
   [Code Root Purge: 0,0 ms]
   [Clear CT: 0,1 ms]
   [Other: 0,5 ms]
      [Choose CSet: 0,0 ms]
      [Ref Proc: 0,1 ms]
      [Ref Enq: 0,0 ms]
      [Redirty Cards: 0,1 ms]
      [Humongous Register: 0,0 ms]
      [Humongous Reclaim: 0,0 ms]
      [Free CSet: 0,1 ms]
   [Eden: 47,0M(47,0M)->0,0B(46,0M) Survivors: 4096,0K->5120,0K Heap: 198,9M(1024,0M)->152,4M(1024,0M)]
 [Times: user=0,04 sys=0,01, real=0,01 secs] 
2019-06-05T13:05:05.051-0100: 9143,409: [GC pause (G1 Evacuation Pause) (young), 0,0092688 secs]
   [Parallel Time: 8,7 ms, GC Workers: 4]
      [GC Worker Start (ms): Min: 9143409,3, Avg: 9143409,3, Max: 9143409,3, Diff: 0,0]
      [Ext Root Scanning (ms): Min: 0,7, Avg: 1,4, Max: 3,5, Diff: 2,8, Sum: 5,6]
      [Update RS (ms): Min: 0,0, Avg: 0,8, Max: 1,3, Diff: 1,3, Sum: 3,2]
         [Processed Buffers: Min: 0, Avg: 9,5, Max: 22, Diff: 22, Sum: 38]
      [Scan RS (ms): Min: 0,0, Avg: 0,0, Max: 0,0, Diff: 0,0, Sum: 0,0]
      [Code Root Scanning (ms): Min: 0,0, Avg: 0,2, Max: 0,8, Diff: 0,8, Sum: 0,8]
      [Object Copy (ms): Min: 4,9, Avg: 6,1, Max: 6,9, Diff: 2,0, Sum: 24,2]
      [Termination (ms): Min: 0,0, Avg: 0,2, Max: 0,2, Diff: 0,2, Sum: 0,7]
         [Termination Attempts: Min: 1, Avg: 1,2, Max: 2, Diff: 1, Sum: 5]
      [GC Worker Other (ms): Min: 0,0, Avg: 0,0, Max: 0,0, Diff: 0,0, Sum: 0,1]
      [GC Worker Total (ms): Min: 8,6, Avg: 8,7, Max: 8,7, Diff: 0,0, Sum: 34,6]
      [GC Worker End (ms): Min: 9143417,9, Avg: 9143417,9, Max: 9143417,9, Diff: 0,0]
   [Code Root Fixup: 0,0 ms]
   [Code Root Purge: 0,0 ms]
   [Clear CT: 0,1 ms]
   [Other: 0,4 ms]
      [Choose CSet: 0,0 ms]
      [Ref Proc: 0,1 ms]
      [Ref Enq: 0,0 ms]
      [Redirty Cards: 0,1 ms]
      [Humongous Register: 0,0 ms]
      [Humongous Reclaim: 0,0 ms]
      [Free CSet: 0,0 ms]
   [Eden: 46,0M(46,0M)->0,0B(46,0M) Survivors: 5120,0K->5120,0K Heap: 198,4M(1024,0M)->152,5M(1024,0M)]
 [Times: user=0,02 sys=0,01, real=0,01 secs] 
2019-06-05T13:08:24.696-0100: 9343,048: [GC pause (G1 Evacuation Pause) (young), 0,0068272 secs]
   [Parallel Time: 6,1 ms, GC Workers: 4]
      [GC Worker Start (ms): Min: 9343047,8, Avg: 9343047,9, Max: 9343048,0, Diff: 0,1]
      [Ext Root Scanning (ms): Min: 0,7, Avg: 1,0, Max: 1,4, Diff: 0,7, Sum: 3,9]
      [Update RS (ms): Min: 0,4, Avg: 0,7, Max: 0,9, Diff: 0,6, Sum: 2,8]
         [Processed Buffers: Min: 2, Avg: 9,5, Max: 27, Diff: 25, Sum: 38]
      [Scan RS (ms): Min: 0,0, Avg: 0,0, Max: 0,0, Diff: 0,0, Sum: 0,0]
      [Code Root Scanning (ms): Min: 0,0, Avg: 0,0, Max: 0,1, Diff: 0,1, Sum: 0,2]
      [Object Copy (ms): Min: 4,2, Avg: 4,3, Max: 4,3, Diff: 0,1, Sum: 17,1]
      [Termination (ms): Min: 0,0, Avg: 0,0, Max: 0,0, Diff: 0,0, Sum: 0,0]
         [Termination Attempts: Min: 1, Avg: 1,0, Max: 1, Diff: 0, Sum: 4]
      [GC Worker Other (ms): Min: 0,0, Avg: 0,0, Max: 0,0, Diff: 0,0, Sum: 0,1]
      [GC Worker Total (ms): Min: 6,0, Avg: 6,0, Max: 6,1, Diff: 0,1, Sum: 24,1]
      [GC Worker End (ms): Min: 9343053,9, Avg: 9343053,9, Max: 9343053,9, Diff: 0,0]
   [Code Root Fixup: 0,0 ms]
   [Code Root Purge: 0,0 ms]
   [Clear CT: 0,1 ms]
   [Other: 0,6 ms]
      [Choose CSet: 0,0 ms]
      [Ref Proc: 0,3 ms]
      [Ref Enq: 0,0 ms]
      [Redirty Cards: 0,1 ms]
      [Humongous Register: 0,0 ms]
      [Humongous Reclaim: 0,0 ms]
      [Free CSet: 0,0 ms]
   [Eden: 46,0M(46,0M)->0,0B(46,0M) Survivors: 5120,0K->5120,0K Heap: 198,5M(1024,0M)->152,5M(1024,0M)]
 [Times: user=0,02 sys=0,01, real=0,01 secs] 
2019-06-05T13:11:44.151-0100: 9542,497: [GC pause (G1 Evacuation Pause) (young), 0,0061289 secs]
   [Parallel Time: 5,6 ms, GC Workers: 4]
      [GC Worker Start (ms): Min: 9542496,6, Avg: 9542496,6, Max: 9542496,6, Diff: 0,0]
      [Ext Root Scanning (ms): Min: 0,4, Avg: 0,4, Max: 0,5, Diff: 0,1, Sum: 1,8]
      [Update RS (ms): Min: 0,4, Avg: 0,5, Max: 0,5, Diff: 0,1, Sum: 1,8]
         [Processed Buffers: Min: 1, Avg: 9,0, Max: 30, Diff: 29, Sum: 36]
      [Scan RS (ms): Min: 0,0, Avg: 0,0, Max: 0,0, Diff: 0,0, Sum: 0,0]
      [Code Root Scanning (ms): Min: 0,0, Avg: 0,0, Max: 0,0, Diff: 0,0, Sum: 0,1]
      [Object Copy (ms): Min: 4,2, Avg: 4,3, Max: 4,6, Diff: 0,4, Sum: 17,3]
      [Termination (ms): Min: 0,0, Avg: 0,3, Max: 0,4, Diff: 0,4, Sum: 1,2]
         [Termination Attempts: Min: 1, Avg: 1,0, Max: 1, Diff: 0, Sum: 4]
      [GC Worker Other (ms): Min: 0,0, Avg: 0,0, Max: 0,0, Diff: 0,0, Sum: 0,1]
      [GC Worker Total (ms): Min: 5,5, Avg: 5,6, Max: 5,6, Diff: 0,0, Sum: 22,2]
      [GC Worker End (ms): Min: 9542502,2, Avg: 9542502,2, Max: 9542502,2, Diff: 0,0]
   [Code Root Fixup: 0,0 ms]
   [Code Root Purge: 0,0 ms]
   [Clear CT: 0,1 ms]
   [Other: 0,4 ms]
      [Choose CSet: 0,0 ms]
      [Ref Proc: 0,1 ms]
      [Ref Enq: 0,0 ms]
      [Redirty Cards: 0,1 ms]
      [Humongous Register: 0,0 ms]
      [Humongous Reclaim: 0,0 ms]
      [Free CSet: 0,0 ms]
   [Eden: 46,0M(46,0M)->0,0B(107,0M) Survivors: 5120,0K->4096,0K Heap: 198,5M(1024,0M)->151,5M(1024,0M)]
 [Times: user=0,02 sys=0,01, real=0,00 secs] 
2019-06-05T13:19:27.102-0100: 10005,434: [GC pause (G1 Evacuation Pause) (young), 0,0074830 secs]
   [Parallel Time: 7,0 ms, GC Workers: 4]
      [GC Worker Start (ms): Min: 10005433,9, Avg: 10005433,9, Max: 10005434,0, Diff: 0,0]
      [Ext Root Scanning (ms): Min: 0,0, Avg: 0,5, Max: 0,9, Diff: 0,9, Sum: 1,9]
      [Update RS (ms): Min: 0,0, Avg: 0,6, Max: 1,2, Diff: 1,2, Sum: 2,3]
         [Processed Buffers: Min: 0, Avg: 9,5, Max: 29, Diff: 29, Sum: 38]
      [Scan RS (ms): Min: 0,0, Avg: 0,0, Max: 0,1, Diff: 0,0, Sum: 0,1]
      [Code Root Scanning (ms): Min: 0,0, Avg: 0,0, Max: 0,1, Diff: 0,1, Sum: 0,1]
      [Object Copy (ms): Min: 3,8, Avg: 4,5, Max: 4,8, Diff: 1,0, Sum: 17,8]
      [Termination (ms): Min: 0,0, Avg: 0,0, Max: 0,0, Diff: 0,0, Sum: 0,0]
         [Termination Attempts: Min: 1, Avg: 1,0, Max: 1, Diff: 0, Sum: 4]
      [GC Worker Other (ms): Min: 0,0, Avg: 1,4, Max: 3,1, Diff: 3,0, Sum: 5,5]
      [GC Worker Total (ms): Min: 6,9, Avg: 6,9, Max: 6,9, Diff: 0,1, Sum: 27,5]
      [GC Worker End (ms): Min: 10005440,8, Avg: 10005440,8, Max: 10005440,8, Diff: 0,0]
   [Code Root Fixup: 0,0 ms]
   [Code Root Purge: 0,0 ms]
   [Clear CT: 0,1 ms]
   [Other: 0,4 ms]
      [Choose CSet: 0,0 ms]
      [Ref Proc: 0,1 ms]
      [Ref Enq: 0,0 ms]
      [Redirty Cards: 0,0 ms]
      [Humongous Register: 0,0 ms]
      [Humongous Reclaim: 0,0 ms]
      [Free CSet: 0,1 ms]
   [Eden: 107,0M(107,0M)->0,0B(280,0M) Survivors: 4096,0K->5120,0K Heap: 258,5M(1024,0M)->152,5M(1024,0M)]
 [Times: user=0,03 sys=0,00, real=0,00 secs] 
2019-06-05T13:39:26.384-0100: 11204,676: [GC pause (G1 Evacuation Pause) (young), 0,0726858 secs]
   [Parallel Time: 67,6 ms, GC Workers: 4]
      [GC Worker Start (ms): Min: 11204679,3, Avg: 11204679,3, Max: 11204679,3, Diff: 0,1]
      [Ext Root Scanning (ms): Min: 1,8, Avg: 4,0, Max: 9,1, Diff: 7,3, Sum: 16,0]
      [Update RS (ms): Min: 0,4, Avg: 4,5, Max: 7,5, Diff: 7,1, Sum: 18,1]
         [Processed Buffers: Min: 1, Avg: 9,8, Max: 33, Diff: 32, Sum: 39]
      [Scan RS (ms): Min: 0,0, Avg: 0,0, Max: 0,1, Diff: 0,1, Sum: 0,2]
      [Code Root Scanning (ms): Min: 0,0, Avg: 0,0, Max: 0,1, Diff: 0,1, Sum: 0,1]
      [Object Copy (ms): Min: 56,6, Avg: 58,1, Max: 59,3, Diff: 2,7, Sum: 232,5]
      [Termination (ms): Min: 0,0, Avg: 0,4, Max: 0,7, Diff: 0,7, Sum: 1,7]
         [Termination Attempts: Min: 1, Avg: 1,2, Max: 2, Diff: 1, Sum: 5]
      [GC Worker Other (ms): Min: 0,0, Avg: 0,4, Max: 1,6, Diff: 1,6, Sum: 1,7]
      [GC Worker Total (ms): Min: 67,5, Avg: 67,5, Max: 67,6, Diff: 0,1, Sum: 270,2]
      [GC Worker End (ms): Min: 11204746,9, Avg: 11204746,9, Max: 11204746,9, Diff: 0,0]
   [Code Root Fixup: 0,0 ms]
   [Code Root Purge: 0,0 ms]
   [Clear CT: 0,1 ms]
   [Other: 5,0 ms]
      [Choose CSet: 0,0 ms]
      [Ref Proc: 0,3 ms]
      [Ref Enq: 0,0 ms]
      [Redirty Cards: 0,0 ms]
      [Humongous Register: 0,1 ms]
      [Humongous Reclaim: 0,0 ms]
      [Free CSet: 1,3 ms]
   [Eden: 280,0M(280,0M)->0,0B(46,0M) Survivors: 5120,0K->5120,0K Heap: 432,5M(1024,0M)->152,6M(1024,0M)]
 [Times: user=0,03 sys=0,05, real=0,07 secs] 
2019-06-05T13:42:46.098-0100: 11404,376: [GC pause (G1 Evacuation Pause) (young), 0,0085224 secs]
   [Parallel Time: 7,9 ms, GC Workers: 4]
      [GC Worker Start (ms): Min: 11404376,2, Avg: 11404376,3, Max: 11404376,3, Diff: 0,0]
      [Ext Root Scanning (ms): Min: 2,1, Avg: 2,2, Max: 2,2, Diff: 0,0, Sum: 8,6]
      [Update RS (ms): Min: 0,6, Avg: 1,0, Max: 1,6, Diff: 0,9, Sum: 3,9]
         [Processed Buffers: Min: 1, Avg: 9,8, Max: 32, Diff: 31, Sum: 39]
      [Scan RS (ms): Min: 0,0, Avg: 0,0, Max: 0,0, Diff: 0,0, Sum: 0,0]
      [Code Root Scanning (ms): Min: 0,0, Avg: 0,0, Max: 0,1, Diff: 0,1, Sum: 0,1]
      [Object Copy (ms): Min: 4,1, Avg: 4,7, Max: 5,0, Diff: 0,9, Sum: 18,7]
      [Termination (ms): Min: 0,0, Avg: 0,0, Max: 0,0, Diff: 0,0, Sum: 0,0]
         [Termination Attempts: Min: 1, Avg: 1,0, Max: 1, Diff: 0, Sum: 4]
      [GC Worker Other (ms): Min: 0,0, Avg: 0,0, Max: 0,0, Diff: 0,0, Sum: 0,1]
      [GC Worker Total (ms): Min: 7,8, Avg: 7,8, Max: 7,9, Diff: 0,0, Sum: 31,4]
      [GC Worker End (ms): Min: 11404384,1, Avg: 11404384,1, Max: 11404384,1, Diff: 0,0]
   [Code Root Fixup: 0,0 ms]
   [Code Root Purge: 0,0 ms]
   [Clear CT: 0,1 ms]
   [Other: 0,5 ms]
      [Choose CSet: 0,0 ms]
      [Ref Proc: 0,1 ms]
      [Ref Enq: 0,0 ms]
      [Redirty Cards: 0,1 ms]
      [Humongous Register: 0,0 ms]
      [Humongous Reclaim: 0,0 ms]
      [Free CSet: 0,0 ms]
   [Eden: 46,0M(46,0M)->0,0B(46,0M) Survivors: 5120,0K->5120,0K Heap: 198,6M(1024,0M)->152,6M(1024,0M)]
 [Times: user=0,03 sys=0,00, real=0,01 secs] 
2019-06-05T13:46:06.746-0100: 11605,019: [GC pause (G1 Evacuation Pause) (young), 0,0899192 secs]
   [Parallel Time: 51,3 ms, GC Workers: 4]
      [GC Worker Start (ms): Min: 11605054,2, Avg: 11605054,3, Max: 11605054,4, Diff: 0,1]
      [Ext Root Scanning (ms): Min: 16,0, Avg: 25,3, Max: 50,3, Diff: 34,3, Sum: 101,0]
      [Update RS (ms): Min: 0,0, Avg: 11,7, Max: 16,4, Diff: 16,4, Sum: 47,0]
         [Processed Buffers: Min: 0, Avg: 9,2, Max: 34, Diff: 34, Sum: 37]
      [Scan RS (ms): Min: 0,0, Avg: 0,0, Max: 0,0, Diff: 0,0, Sum: 0,0]
      [Code Root Scanning (ms): Min: 0,0, Avg: 0,4, Max: 1,2, Diff: 1,2, Sum: 1,4]
      [Object Copy (ms): Min: 0,0, Avg: 11,3, Max: 15,7, Diff: 15,7, Sum: 45,2]
      [Termination (ms): Min: 0,0, Avg: 1,6, Max: 2,1, Diff: 2,1, Sum: 6,3]
         [Termination Attempts: Min: 1, Avg: 1,5, Max: 2, Diff: 1, Sum: 6]
      [GC Worker Other (ms): Min: 0,8, Avg: 0,9, Max: 0,9, Diff: 0,1, Sum: 3,5]
      [GC Worker Total (ms): Min: 51,0, Avg: 51,1, Max: 51,2, Diff: 0,1, Sum: 204,4]
      [GC Worker End (ms): Min: 11605105,4, Avg: 11605105,4, Max: 11605105,4, Diff: 0,0]
   [Code Root Fixup: 0,0 ms]
   [Code Root Purge: 0,0 ms]
   [Clear CT: 0,1 ms]
   [Other: 38,5 ms]
      [Choose CSet: 0,0 ms]
      [Ref Proc: 1,3 ms]
      [Ref Enq: 0,0 ms]
      [Redirty Cards: 0,1 ms]
      [Humongous Register: 34,1 ms]
      [Humongous Reclaim: 0,0 ms]
      [Free CSet: 0,2 ms]
   [Eden: 46,0M(46,0M)->0,0B(47,0M) Survivors: 5120,0K->4096,0K Heap: 198,6M(1024,0M)->152,1M(1024,0M)]
 [Times: user=0,03 sys=0,07, real=0,09 secs] 
2019-06-05T13:49:29.214-0100: 11807,480: [GC pause (G1 Evacuation Pause) (young), 0,0065868 secs]
   [Parallel Time: 6,0 ms, GC Workers: 4]
      [GC Worker Start (ms): Min: 11807480,4, Avg: 11807480,4, Max: 11807480,4, Diff: 0,0]
      [Ext Root Scanning (ms): Min: 0,7, Avg: 0,7, Max: 0,7, Diff: 0,1, Sum: 2,8]
      [Update RS (ms): Min: 0,5, Avg: 0,6, Max: 0,7, Diff: 0,2, Sum: 2,4]
         [Processed Buffers: Min: 1, Avg: 9,0, Max: 30, Diff: 29, Sum: 36]
      [Scan RS (ms): Min: 0,0, Avg: 0,0, Max: 0,0, Diff: 0,0, Sum: 0,0]
      [Code Root Scanning (ms): Min: 0,0, Avg: 0,0, Max: 0,1, Diff: 0,1, Sum: 0,2]
      [Object Copy (ms): Min: 4,5, Avg: 4,5, Max: 4,6, Diff: 0,1, Sum: 18,2]
      [Termination (ms): Min: 0,0, Avg: 0,0, Max: 0,0, Diff: 0,0, Sum: 0,1]
         [Termination Attempts: Min: 1, Avg: 1,0, Max: 1, Diff: 0, Sum: 4]
      [GC Worker Other (ms): Min: 0,0, Avg: 0,0, Max: 0,0, Diff: 0,0, Sum: 0,1]
      [GC Worker Total (ms): Min: 5,9, Avg: 5,9, Max: 5,9, Diff: 0,0, Sum: 23,7]
      [GC Worker End (ms): Min: 11807486,3, Avg: 11807486,3, Max: 11807486,3, Diff: 0,0]
   [Code Root Fixup: 0,0 ms]
   [Code Root Purge: 0,0 ms]
   [Clear CT: 0,1 ms]
   [Other: 0,5 ms]
      [Choose CSet: 0,0 ms]
      [Ref Proc: 0,2 ms]
      [Ref Enq: 0,0 ms]
      [Redirty Cards: 0,1 ms]
      [Humongous Register: 0,0 ms]
      [Humongous Reclaim: 0,0 ms]
      [Free CSet: 0,0 ms]
   [Eden: 47,0M(47,0M)->0,0B(47,0M) Survivors: 4096,0K->4096,0K Heap: 199,1M(1024,0M)->152,1M(1024,0M)]
 [Times: user=0,02 sys=0,01, real=0,01 secs] 
2019-06-05T13:52:52.211-0100: 12010,471: [GC pause (G1 Evacuation Pause) (young), 0,0242977 secs]
   [Parallel Time: 20,5 ms, GC Workers: 4]
      [GC Worker Start (ms): Min: 12010470,9, Avg: 12010470,9, Max: 12010471,0, Diff: 0,0]
      [Ext Root Scanning (ms): Min: 2,5, Avg: 2,7, Max: 3,2, Diff: 0,7, Sum: 11,0]
      [Update RS (ms): Min: 0,0, Avg: 0,5, Max: 1,1, Diff: 1,1, Sum: 2,1]
         [Processed Buffers: Min: 0, Avg: 9,5, Max: 36, Diff: 36, Sum: 38]
      [Scan RS (ms): Min: 0,0, Avg: 0,0, Max: 0,0, Diff: 0,0, Sum: 0,0]
      [Code Root Scanning (ms): Min: 0,0, Avg: 0,0, Max: 0,1, Diff: 0,1, Sum: 0,1]
      [Object Copy (ms): Min: 15,2, Avg: 16,1, Max: 17,0, Diff: 1,8, Sum: 64,3]
      [Termination (ms): Min: 0,3, Avg: 1,0, Max: 1,6, Diff: 1,2, Sum: 4,0]
         [Termination Attempts: Min: 2, Avg: 3,2, Max: 5, Diff: 3, Sum: 13]
      [GC Worker Other (ms): Min: 0,0, Avg: 0,0, Max: 0,0, Diff: 0,0, Sum: 0,1]
      [GC Worker Total (ms): Min: 20,4, Avg: 20,4, Max: 20,4, Diff: 0,0, Sum: 81,5]
      [GC Worker End (ms): Min: 12010491,3, Avg: 12010491,3, Max: 12010491,3, Diff: 0,0]
   [Code Root Fixup: 0,0 ms]
   [Code Root Purge: 0,0 ms]
   [Clear CT: 0,1 ms]
   [Other: 3,7 ms]
      [Choose CSet: 0,0 ms]
      [Ref Proc: 3,4 ms]
      [Ref Enq: 0,0 ms]
      [Redirty Cards: 0,1 ms]
      [Humongous Register: 0,0 ms]
      [Humongous Reclaim: 0,0 ms]
      [Free CSet: 0,0 ms]
   [Eden: 47,0M(47,0M)->0,0B(44,0M) Survivors: 4096,0K->7168,0K Heap: 199,1M(1024,0M)->154,5M(1024,0M)]
 [Times: user=0,03 sys=0,01, real=0,02 secs] 
2019-06-05T13:56:01.295-0100: 12199,549: [GC pause (G1 Evacuation Pause) (young), 0,0059148 secs]
   [Parallel Time: 5,3 ms, GC Workers: 4]
      [GC Worker Start (ms): Min: 12199549,6, Avg: 12199549,6, Max: 12199549,6, Diff: 0,0]
      [Ext Root Scanning (ms): Min: 0,4, Avg: 0,5, Max: 0,5, Diff: 0,1, Sum: 1,9]
      [Update RS (ms): Min: 0,4, Avg: 0,4, Max: 0,5, Diff: 0,1, Sum: 1,7]
         [Processed Buffers: Min: 1, Avg: 9,0, Max: 30, Diff: 29, Sum: 36]
      [Scan RS (ms): Min: 0,0, Avg: 0,0, Max: 0,0, Diff: 0,0, Sum: 0,0]
      [Code Root Scanning (ms): Min: 0,0, Avg: 0,0, Max: 0,1, Diff: 0,1, Sum: 0,1]
      [Object Copy (ms): Min: 4,2, Avg: 4,2, Max: 4,3, Diff: 0,0, Sum: 17,0]
      [Termination (ms): Min: 0,0, Avg: 0,0, Max: 0,0, Diff: 0,0, Sum: 0,0]
         [Termination Attempts: Min: 1, Avg: 1,0, Max: 1, Diff: 0, Sum: 4]
      [GC Worker Other (ms): Min: 0,0, Avg: 0,0, Max: 0,1, Diff: 0,1, Sum: 0,2]
      [GC Worker Total (ms): Min: 5,2, Avg: 5,2, Max: 5,2, Diff: 0,1, Sum: 20,9]
      [GC Worker End (ms): Min: 12199554,8, Avg: 12199554,8, Max: 12199554,8, Diff: 0,1]
   [Code Root Fixup: 0,0 ms]
   [Code Root Purge: 0,0 ms]
   [Clear CT: 0,1 ms]
   [Other: 0,5 ms]
      [Choose CSet: 0,0 ms]
      [Ref Proc: 0,2 ms]
      [Ref Enq: 0,0 ms]
      [Redirty Cards: 0,1 ms]
      [Humongous Register: 0,0 ms]
      [Humongous Reclaim: 0,0 ms]
      [Free CSet: 0,0 ms]
   [Eden: 44,0M(44,0M)->0,0B(46,0M) Survivors: 7168,0K->5120,0K Heap: 198,5M(1024,0M)->152,8M(1024,0M)]
 [Times: user=0,02 sys=0,00, real=0,01 secs] 
2019-06-05T13:59:18.240-0100: 12396,483: [GC pause (G1 Evacuation Pause) (young), 0,0064952 secs]
   [Parallel Time: 5,8 ms, GC Workers: 4]
      [GC Worker Start (ms): Min: 12396482,9, Avg: 12396483,0, Max: 12396483,0, Diff: 0,1]
      [Ext Root Scanning (ms): Min: 0,5, Avg: 0,6, Max: 0,7, Diff: 0,2, Sum: 2,4]
      [Update RS (ms): Min: 0,8, Avg: 0,9, Max: 1,0, Diff: 0,2, Sum: 3,8]
         [Processed Buffers: Min: 1, Avg: 9,5, Max: 23, Diff: 22, Sum: 38]
      [Scan RS (ms): Min: 0,0, Avg: 0,0, Max: 0,0, Diff: 0,0, Sum: 0,0]
      [Code Root Scanning (ms): Min: 0,0, Avg: 0,0, Max: 0,1, Diff: 0,1, Sum: 0,1]
      [Object Copy (ms): Min: 4,0, Avg: 4,0, Max: 4,1, Diff: 0,1, Sum: 16,1]
      [Termination (ms): Min: 0,0, Avg: 0,0, Max: 0,1, Diff: 0,1, Sum: 0,1]
         [Termination Attempts: Min: 1, Avg: 1,0, Max: 1, Diff: 0, Sum: 4]
      [GC Worker Other (ms): Min: 0,0, Avg: 0,0, Max: 0,0, Diff: 0,0, Sum: 0,1]
      [GC Worker Total (ms): Min: 5,6, Avg: 5,7, Max: 5,8, Diff: 0,1, Sum: 22,7]
      [GC Worker End (ms): Min: 12396488,6, Avg: 12396488,6, Max: 12396488,6, Diff: 0,0]
   [Code Root Fixup: 0,0 ms]
   [Code Root Purge: 0,0 ms]
   [Clear CT: 0,1 ms]
   [Other: 0,5 ms]
      [Choose CSet: 0,0 ms]
      [Ref Proc: 0,2 ms]
      [Ref Enq: 0,0 ms]
      [Redirty Cards: 0,1 ms]
      [Humongous Register: 0,0 ms]
      [Humongous Reclaim: 0,0 ms]
      [Free CSet: 0,0 ms]
   [Eden: 46,0M(46,0M)->0,0B(46,0M) Survivors: 5120,0K->5120,0K Heap: 198,8M(1024,0M)->152,8M(1024,0M)]
 [Times: user=0,02 sys=0,00, real=0,00 secs] 
2019-06-05T14:02:35.422-0100: 12593,659: [GC pause (G1 Evacuation Pause) (young), 0,0093357 secs]
   [Parallel Time: 8,1 ms, GC Workers: 4]
      [GC Worker Start (ms): Min: 12593659,6, Avg: 12593659,7, Max: 12593659,9, Diff: 0,3]
      [Ext Root Scanning (ms): Min: 0,4, Avg: 1,1, Max: 2,6, Diff: 2,2, Sum: 4,3]
      [Update RS (ms): Min: 0,0, Avg: 0,4, Max: 0,5, Diff: 0,5, Sum: 1,5]
         [Processed Buffers: Min: 0, Avg: 9,2, Max: 24, Diff: 24, Sum: 37]
      [Scan RS (ms): Min: 0,0, Avg: 0,0, Max: 0,0, Diff: 0,0, Sum: 0,0]
      [Code Root Scanning (ms): Min: 0,0, Avg: 0,1, Max: 0,5, Diff: 0,5, Sum: 0,5]
      [Object Copy (ms): Min: 4,5, Avg: 5,8, Max: 6,4, Diff: 1,9, Sum: 23,1]
      [Termination (ms): Min: 0,0, Avg: 0,5, Max: 0,8, Diff: 0,8, Sum: 2,0]
         [Termination Attempts: Min: 1, Avg: 1,0, Max: 1, Diff: 0, Sum: 4]
      [GC Worker Other (ms): Min: 0,0, Avg: 0,0, Max: 0,0, Diff: 0,0, Sum: 0,0]
      [GC Worker Total (ms): Min: 7,6, Avg: 7,9, Max: 8,0, Diff: 0,4, Sum: 31,6]
      [GC Worker End (ms): Min: 12593667,5, Avg: 12593667,6, Max: 12593667,7, Diff: 0,1]
   [Code Root Fixup: 0,0 ms]
   [Code Root Purge: 0,0 ms]
   [Clear CT: 0,3 ms]
   [Other: 0,9 ms]
      [Choose CSet: 0,0 ms]
      [Ref Proc: 0,4 ms]
      [Ref Enq: 0,0 ms]
      [Redirty Cards: 0,1 ms]
      [Humongous Register: 0,0 ms]
      [Humongous Reclaim: 0,0 ms]
      [Free CSet: 0,0 ms]
   [Eden: 46,0M(46,0M)->0,0B(46,0M) Survivors: 5120,0K->5120,0K Heap: 198,8M(1024,0M)->152,8M(1024,0M)]
 [Times: user=0,02 sys=0,00, real=0,01 secs] 
2019-06-05T14:05:53.733-0100: 12791,964: [GC pause (G1 Evacuation Pause) (young), 0,0072179 secs]
   [Parallel Time: 6,5 ms, GC Workers: 4]
      [GC Worker Start (ms): Min: 12791964,1, Avg: 12791964,2, Max: 12791964,2, Diff: 0,0]
      [Ext Root Scanning (ms): Min: 0,5, Avg: 0,6, Max: 0,6, Diff: 0,1, Sum: 2,3]
      [Update RS (ms): Min: 0,3, Avg: 0,4, Max: 0,5, Diff: 0,2, Sum: 1,5]
         [Processed Buffers: Min: 3, Avg: 9,5, Max: 24, Diff: 21, Sum: 38]
      [Scan RS (ms): Min: 0,0, Avg: 0,0, Max: 0,0, Diff: 0,0, Sum: 0,0]
      [Code Root Scanning (ms): Min: 0,0, Avg: 0,0, Max: 0,1, Diff: 0,1, Sum: 0,2]
      [Object Copy (ms): Min: 5,3, Avg: 5,4, Max: 5,4, Diff: 0,1, Sum: 21,5]
      [Termination (ms): Min: 0,0, Avg: 0,0, Max: 0,0, Diff: 0,0, Sum: 0,0]
         [Termination Attempts: Min: 1, Avg: 1,8, Max: 2, Diff: 1, Sum: 7]
      [GC Worker Other (ms): Min: 0,0, Avg: 0,0, Max: 0,0, Diff: 0,0, Sum: 0,1]
      [GC Worker Total (ms): Min: 6,4, Avg: 6,4, Max: 6,4, Diff: 0,0, Sum: 25,6]
      [GC Worker End (ms): Min: 12791970,5, Avg: 12791970,6, Max: 12791970,6, Diff: 0,0]
   [Code Root Fixup: 0,0 ms]
   [Code Root Purge: 0,0 ms]
   [Clear CT: 0,1 ms]
   [Other: 0,6 ms]
      [Choose CSet: 0,0 ms]
      [Ref Proc: 0,2 ms]
      [Ref Enq: 0,0 ms]
      [Redirty Cards: 0,1 ms]
      [Humongous Register: 0,0 ms]
      [Humongous Reclaim: 0,0 ms]
      [Free CSet: 0,0 ms]
   [Eden: 46,0M(46,0M)->0,0B(142,0M) Survivors: 5120,0K->5120,0K Heap: 198,8M(1024,0M)->152,9M(1024,0M)]
 [Times: user=0,03 sys=0,00, real=0,01 secs] 
2019-06-05T14:16:08.701-0100: 13406,914: [GC pause (G1 Evacuation Pause) (young), 0,0244564 secs]
   [Parallel Time: 23,6 ms, GC Workers: 4]
      [GC Worker Start (ms): Min: 13406914,1, Avg: 13406914,1, Max: 13406914,1, Diff: 0,1]
      [Ext Root Scanning (ms): Min: 0,0, Avg: 0,5, Max: 0,8, Diff: 0,7, Sum: 2,1]
      [Update RS (ms): Min: 0,0, Avg: 0,3, Max: 0,7, Diff: 0,7, Sum: 1,1]
         [Processed Buffers: Min: 0, Avg: 10,2, Max: 29, Diff: 29, Sum: 41]
      [Scan RS (ms): Min: 0,0, Avg: 0,0, Max: 0,1, Diff: 0,1, Sum: 0,1]
      [Code Root Scanning (ms): Min: 0,0, Avg: 0,1, Max: 0,2, Diff: 0,2, Sum: 0,2]
      [Object Copy (ms): Min: 21,2, Avg: 21,8, Max: 22,3, Diff: 1,1, Sum: 87,2]
      [Termination (ms): Min: 0,0, Avg: 0,4, Max: 0,6, Diff: 0,6, Sum: 1,7]
         [Termination Attempts: Min: 1, Avg: 1,0, Max: 1, Diff: 0, Sum: 4]
      [GC Worker Other (ms): Min: 0,0, Avg: 0,4, Max: 1,7, Diff: 1,7, Sum: 1,8]
      [GC Worker Total (ms): Min: 23,5, Avg: 23,5, Max: 23,6, Diff: 0,0, Sum: 94,2]
      [GC Worker End (ms): Min: 13406937,7, Avg: 13406937,7, Max: 13406937,7, Diff: 0,0]
   [Code Root Fixup: 0,0 ms]
   [Code Root Purge: 0,0 ms]
   [Clear CT: 0,1 ms]
   [Other: 0,7 ms]
      [Choose CSet: 0,0 ms]
      [Ref Proc: 0,2 ms]
      [Ref Enq: 0,0 ms]
      [Redirty Cards: 0,1 ms]
      [Humongous Register: 0,0 ms]
      [Humongous Reclaim: 0,0 ms]
      [Free CSet: 0,2 ms]
   [Eden: 142,0M(142,0M)->0,0B(47,0M) Survivors: 5120,0K->4096,0K Heap: 294,9M(1024,0M)->151,9M(1024,0M)]
 [Times: user=0,02 sys=0,02, real=0,02 secs] 
2019-06-05T14:19:31.667-0100: 13609,866: [GC pause (G1 Evacuation Pause) (young), 0,0078548 secs]
   [Parallel Time: 6,2 ms, GC Workers: 4]
      [GC Worker Start (ms): Min: 13609866,4, Avg: 13609866,4, Max: 13609866,4, Diff: 0,0]
      [Ext Root Scanning (ms): Min: 0,4, Avg: 0,4, Max: 0,5, Diff: 0,1, Sum: 1,7]
      [Update RS (ms): Min: 0,2, Avg: 0,3, Max: 0,3, Diff: 0,2, Sum: 1,0]
         [Processed Buffers: Min: 3, Avg: 9,2, Max: 15, Diff: 12, Sum: 37]
      [Scan RS (ms): Min: 0,0, Avg: 0,0, Max: 0,0, Diff: 0,0, Sum: 0,0]
      [Code Root Scanning (ms): Min: 0,0, Avg: 0,0, Max: 0,1, Diff: 0,1, Sum: 0,1]
      [Object Copy (ms): Min: 5,2, Avg: 5,3, Max: 5,3, Diff: 0,1, Sum: 21,1]
      [Termination (ms): Min: 0,0, Avg: 0,0, Max: 0,0, Diff: 0,0, Sum: 0,0]
         [Termination Attempts: Min: 1, Avg: 1,0, Max: 1, Diff: 0, Sum: 4]
      [GC Worker Other (ms): Min: 0,0, Avg: 0,0, Max: 0,1, Diff: 0,1, Sum: 0,2]
      [GC Worker Total (ms): Min: 6,0, Avg: 6,0, Max: 6,1, Diff: 0,1, Sum: 24,1]
      [GC Worker End (ms): Min: 13609872,4, Avg: 13609872,4, Max: 13609872,5, Diff: 0,1]
   [Code Root Fixup: 0,0 ms]
   [Code Root Purge: 0,0 ms]
   [Clear CT: 0,1 ms]
   [Other: 1,6 ms]
      [Choose CSet: 0,0 ms]
      [Ref Proc: 0,1 ms]
      [Ref Enq: 0,0 ms]
      [Redirty Cards: 0,0 ms]
      [Humongous Register: 0,0 ms]
      [Humongous Reclaim: 0,0 ms]
      [Free CSet: 0,0 ms]
   [Eden: 47,0M(47,0M)->0,0B(109,0M) Survivors: 4096,0K->5120,0K Heap: 198,9M(1024,0M)->153,4M(1024,0M)]
 [Times: user=0,02 sys=0,00, real=0,01 secs] 
2019-06-05T14:27:19.927-0100: 14078,112: [GC pause (G1 Evacuation Pause) (young), 0,0058679 secs]
   [Parallel Time: 5,2 ms, GC Workers: 4]
      [GC Worker Start (ms): Min: 14078112,4, Avg: 14078112,4, Max: 14078112,4, Diff: 0,0]
      [Ext Root Scanning (ms): Min: 0,4, Avg: 0,5, Max: 0,5, Diff: 0,1, Sum: 1,9]
      [Update RS (ms): Min: 0,2, Avg: 0,3, Max: 0,3, Diff: 0,1, Sum: 1,1]
         [Processed Buffers: Min: 2, Avg: 9,5, Max: 14, Diff: 12, Sum: 38]
      [Scan RS (ms): Min: 0,0, Avg: 0,0, Max: 0,0, Diff: 0,0, Sum: 0,1]
      [Code Root Scanning (ms): Min: 0,0, Avg: 0,0, Max: 0,1, Diff: 0,1, Sum: 0,1]
      [Object Copy (ms): Min: 4,2, Avg: 4,2, Max: 4,3, Diff: 0,1, Sum: 16,9]
      [Termination (ms): Min: 0,0, Avg: 0,0, Max: 0,0, Diff: 0,0, Sum: 0,0]
         [Termination Attempts: Min: 1, Avg: 1,0, Max: 1, Diff: 0, Sum: 4]
      [GC Worker Other (ms): Min: 0,0, Avg: 0,1, Max: 0,2, Diff: 0,2, Sum: 0,6]
      [GC Worker Total (ms): Min: 5,0, Avg: 5,1, Max: 5,2, Diff: 0,2, Sum: 20,6]
      [GC Worker End (ms): Min: 14078117,4, Avg: 14078117,6, Max: 14078117,6, Diff: 0,2]
   [Code Root Fixup: 0,0 ms]
   [Code Root Purge: 0,0 ms]
   [Clear CT: 0,1 ms]
   [Other: 0,6 ms]
      [Choose CSet: 0,0 ms]
      [Ref Proc: 0,3 ms]
      [Ref Enq: 0,0 ms]
      [Redirty Cards: 0,0 ms]
      [Humongous Register: 0,0 ms]
      [Humongous Reclaim: 0,0 ms]
      [Free CSet: 0,1 ms]
   [Eden: 109,0M(109,0M)->0,0B(371,0M) Survivors: 5120,0K->4096,0K Heap: 262,4M(1024,0M)->152,4M(1024,0M)]
 [Times: user=0,02 sys=0,00, real=0,01 secs] 
2019-06-05T14:53:54.487-0100: 15672,618: [GC pause (G1 Evacuation Pause) (young), 0,0324789 secs]
   [Parallel Time: 28,1 ms, GC Workers: 4]
      [GC Worker Start (ms): Min: 15672621,2, Avg: 15672621,3, Max: 15672621,3, Diff: 0,1]
      [Ext Root Scanning (ms): Min: 1,8, Avg: 2,0, Max: 2,1, Diff: 0,2, Sum: 7,8]
      [Update RS (ms): Min: 0,4, Avg: 1,5, Max: 2,2, Diff: 1,7, Sum: 5,8]
         [Processed Buffers: Min: 1, Avg: 9,8, Max: 24, Diff: 23, Sum: 39]
      [Scan RS (ms): Min: 0,0, Avg: 0,1, Max: 0,1, Diff: 0,1, Sum: 0,3]
      [Code Root Scanning (ms): Min: 0,0, Avg: 0,1, Max: 0,2, Diff: 0,2, Sum: 0,3]
      [Object Copy (ms): Min: 23,0, Avg: 24,0, Max: 25,1, Diff: 2,1, Sum: 95,9]
      [Termination (ms): Min: 0,0, Avg: 0,5, Max: 0,7, Diff: 0,7, Sum: 1,8]
         [Termination Attempts: Min: 1, Avg: 1,0, Max: 1, Diff: 0, Sum: 4]
      [GC Worker Other (ms): Min: 0,0, Avg: 0,0, Max: 0,0, Diff: 0,0, Sum: 0,1]
      [GC Worker Total (ms): Min: 28,0, Avg: 28,0, Max: 28,0, Diff: 0,1, Sum: 112,0]
      [GC Worker End (ms): Min: 15672649,3, Avg: 15672649,3, Max: 15672649,3, Diff: 0,0]
   [Code Root Fixup: 0,0 ms]
   [Code Root Purge: 0,0 ms]
   [Clear CT: 0,1 ms]
   [Other: 4,2 ms]
      [Choose CSet: 0,0 ms]
      [Ref Proc: 0,3 ms]
      [Ref Enq: 0,0 ms]
      [Redirty Cards: 0,1 ms]
      [Humongous Register: 0,1 ms]
      [Humongous Reclaim: 0,0 ms]
      [Free CSet: 0,4 ms]
   [Eden: 371,0M(371,0M)->0,0B(78,0M) Survivors: 4096,0K->4096,0K Heap: 523,4M(1024,0M)->152,4M(1024,0M)]
 [Times: user=0,02 sys=0,02, real=0,04 secs] 
2019-06-05T14:59:29.999-0100: 16008,113: [GC pause (G1 Evacuation Pause) (young), 0,0079804 secs]
   [Parallel Time: 7,3 ms, GC Workers: 4]
      [GC Worker Start (ms): Min: 16008113,0, Avg: 16008113,1, Max: 16008113,1, Diff: 0,0]
      [Ext Root Scanning (ms): Min: 0,7, Avg: 1,5, Max: 3,8, Diff: 3,1, Sum: 5,9]
      [Update RS (ms): Min: 0,0, Avg: 0,6, Max: 0,8, Diff: 0,8, Sum: 2,3]
         [Processed Buffers: Min: 0, Avg: 9,5, Max: 19, Diff: 19, Sum: 38]
      [Scan RS (ms): Min: 0,0, Avg: 0,0, Max: 0,0, Diff: 0,0, Sum: 0,1]
      [Code Root Scanning (ms): Min: 0,0, Avg: 0,1, Max: 0,1, Diff: 0,1, Sum: 0,3]
      [Object Copy (ms): Min: 3,3, Avg: 5,0, Max: 5,6, Diff: 2,3, Sum: 20,1]
      [Termination (ms): Min: 0,0, Avg: 0,0, Max: 0,0, Diff: 0,0, Sum: 0,0]
         [Termination Attempts: Min: 1, Avg: 1,0, Max: 1, Diff: 0, Sum: 4]
      [GC Worker Other (ms): Min: 0,0, Avg: 0,0, Max: 0,1, Diff: 0,0, Sum: 0,2]
      [GC Worker Total (ms): Min: 7,2, Avg: 7,2, Max: 7,2, Diff: 0,0, Sum: 28,7]
      [GC Worker End (ms): Min: 16008120,2, Avg: 16008120,3, Max: 16008120,3, Diff: 0,0]
   [Code Root Fixup: 0,0 ms]
   [Code Root Purge: 0,0 ms]
   [Clear CT: 0,1 ms]
   [Other: 0,6 ms]
      [Choose CSet: 0,0 ms]
      [Ref Proc: 0,3 ms]
      [Ref Enq: 0,0 ms]
      [Redirty Cards: 0,1 ms]
      [Humongous Register: 0,0 ms]
      [Humongous Reclaim: 0,0 ms]
      [Free CSet: 0,1 ms]
   [Eden: 78,0M(78,0M)->0,0B(214,0M) Survivors: 4096,0K->5120,0K Heap: 230,4M(1024,0M)->152,9M(1024,0M)]
 [Times: user=0,02 sys=0,00, real=0,01 secs] 
2019-06-05T15:14:57.092-0100: 16935,177: [GC pause (G1 Evacuation Pause) (young), 0,0206703 secs]
   [Parallel Time: 17,3 ms, GC Workers: 4]
      [GC Worker Start (ms): Min: 16935179,7, Avg: 16935179,7, Max: 16935179,8, Diff: 0,1]
      [Ext Root Scanning (ms): Min: 2,3, Avg: 3,0, Max: 5,2, Diff: 2,9, Sum: 12,0]
      [Update RS (ms): Min: 0,0, Avg: 0,9, Max: 2,0, Diff: 2,0, Sum: 3,6]
         [Processed Buffers: Min: 0, Avg: 9,8, Max: 21, Diff: 21, Sum: 39]
      [Scan RS (ms): Min: 0,0, Avg: 0,0, Max: 0,1, Diff: 0,1, Sum: 0,1]
      [Code Root Scanning (ms): Min: 0,0, Avg: 0,0, Max: 0,1, Diff: 0,1, Sum: 0,2]
      [Object Copy (ms): Min: 12,0, Avg: 13,1, Max: 13,9, Diff: 1,9, Sum: 52,5]
      [Termination (ms): Min: 0,0, Avg: 0,0, Max: 0,0, Diff: 0,0, Sum: 0,0]
         [Termination Attempts: Min: 1, Avg: 1,0, Max: 1, Diff: 0, Sum: 4]
      [GC Worker Other (ms): Min: 0,0, Avg: 0,0, Max: 0,0, Diff: 0,0, Sum: 0,2]
      [GC Worker Total (ms): Min: 17,1, Avg: 17,1, Max: 17,2, Diff: 0,1, Sum: 68,6]
      [GC Worker End (ms): Min: 16935196,9, Avg: 16935196,9, Max: 16935196,9, Diff: 0,0]
   [Code Root Fixup: 0,0 ms]
   [Code Root Purge: 0,0 ms]
   [Clear CT: 0,1 ms]
   [Other: 3,3 ms]
      [Choose CSet: 0,0 ms]
      [Ref Proc: 0,3 ms]
      [Ref Enq: 0,0 ms]
      [Redirty Cards: 0,1 ms]
      [Humongous Register: 1,9 ms]
      [Humongous Reclaim: 0,0 ms]
      [Free CSet: 0,4 ms]
   [Eden: 214,0M(214,0M)->0,0B(175,0M) Survivors: 5120,0K->4096,0K Heap: 366,9M(1024,0M)->152,4M(1024,0M)]
 [Times: user=0,02 sys=0,03, real=0,02 secs] 
2019-06-05T15:27:35.283-0100: 17693,336: [GC pause (G1 Evacuation Pause) (young), 0,0081619 secs]
   [Parallel Time: 6,1 ms, GC Workers: 4]
      [GC Worker Start (ms): Min: 17693336,6, Avg: 17693336,6, Max: 17693336,6, Diff: 0,1]
      [Ext Root Scanning (ms): Min: 0,4, Avg: 0,5, Max: 0,6, Diff: 0,1, Sum: 2,1]
      [Update RS (ms): Min: 0,2, Avg: 0,3, Max: 0,3, Diff: 0,1, Sum: 1,1]
         [Processed Buffers: Min: 2, Avg: 9,8, Max: 17, Diff: 15, Sum: 39]
      [Scan RS (ms): Min: 0,0, Avg: 0,0, Max: 0,1, Diff: 0,1, Sum: 0,1]
      [Code Root Scanning (ms): Min: 0,0, Avg: 0,0, Max: 0,1, Diff: 0,1, Sum: 0,2]
      [Object Copy (ms): Min: 4,5, Avg: 4,6, Max: 4,7, Diff: 0,2, Sum: 18,3]
      [Termination (ms): Min: 0,0, Avg: 0,3, Max: 0,6, Diff: 0,6, Sum: 1,2]
         [Termination Attempts: Min: 1, Avg: 1,0, Max: 1, Diff: 0, Sum: 4]
      [GC Worker Other (ms): Min: 0,0, Avg: 0,1, Max: 0,3, Diff: 0,3, Sum: 0,4]
      [GC Worker Total (ms): Min: 5,6, Avg: 5,8, Max: 6,0, Diff: 0,5, Sum: 23,3]
      [GC Worker End (ms): Min: 17693342,1, Avg: 17693342,4, Max: 17693342,6, Diff: 0,4]
   [Code Root Fixup: 0,1 ms]
   [Code Root Purge: 0,0 ms]
   [Clear CT: 0,3 ms]
   [Other: 1,7 ms]
      [Choose CSet: 0,0 ms]
      [Ref Proc: 0,5 ms]
      [Ref Enq: 0,0 ms]
      [Redirty Cards: 0,1 ms]
      [Humongous Register: 0,0 ms]
      [Humongous Reclaim: 0,1 ms]
      [Free CSet: 0,4 ms]
   [Eden: 175,0M(175,0M)->0,0B(436,0M) Survivors: 4096,0K->4096,0K Heap: 327,4M(1024,0M)->152,4M(1024,0M)]
 [Times: user=0,02 sys=0,00, real=0,01 secs] 
2019-06-05T15:59:09.586-0100: 19587,570: [GC pause (G1 Evacuation Pause) (young), 0,1638589 secs]
   [Parallel Time: 143,5 ms, GC Workers: 4]
      [GC Worker Start (ms): Min: 19587580,8, Avg: 19587580,9, Max: 19587581,2, Diff: 0,4]
      [Ext Root Scanning (ms): Min: 5,6, Avg: 9,7, Max: 18,7, Diff: 13,1, Sum: 38,8]
      [Update RS (ms): Min: 0,0, Avg: 4,6, Max: 6,5, Diff: 6,5, Sum: 18,3]
         [Processed Buffers: Min: 0, Avg: 10,5, Max: 36, Diff: 36, Sum: 42]
      [Scan RS (ms): Min: 0,0, Avg: 0,1, Max: 0,2, Diff: 0,2, Sum: 0,3]
      [Code Root Scanning (ms): Min: 0,0, Avg: 0,1, Max: 0,1, Diff: 0,1, Sum: 0,2]
      [Object Copy (ms): Min: 124,5, Avg: 128,2, Max: 130,2, Diff: 5,7, Sum: 512,7]
      [Termination (ms): Min: 0,0, Avg: 0,1, Max: 0,2, Diff: 0,2, Sum: 0,3]
         [Termination Attempts: Min: 1, Avg: 1,8, Max: 2, Diff: 1, Sum: 7]
      [GC Worker Other (ms): Min: 0,0, Avg: 0,5, Max: 1,8, Diff: 1,8, Sum: 2,0]
      [GC Worker Total (ms): Min: 143,0, Avg: 143,2, Max: 143,3, Diff: 0,4, Sum: 572,7]
      [GC Worker End (ms): Min: 19587724,1, Avg: 19587724,1, Max: 19587724,1, Diff: 0,0]
   [Code Root Fixup: 0,0 ms]
   [Code Root Purge: 0,0 ms]
   [Clear CT: 1,2 ms]
   [Other: 19,2 ms]
      [Choose CSet: 0,0 ms]
      [Ref Proc: 7,1 ms]
      [Ref Enq: 0,0 ms]
      [Redirty Cards: 0,1 ms]
      [Humongous Register: 4,1 ms]
      [Humongous Reclaim: 0,0 ms]
      [Free CSet: 0,6 ms]
   [Eden: 436,0M(436,0M)->0,0B(45,0M) Survivors: 4096,0K->6144,0K Heap: 588,4M(1024,0M)->153,8M(1024,0M)]
 [Times: user=0,02 sys=0,13, real=0,17 secs] 
2019-06-05T16:02:22.447-0100: 19780,425: [GC pause (G1 Evacuation Pause) (young), 0,0439540 secs]
   [Parallel Time: 32,1 ms, GC Workers: 4]
      [GC Worker Start (ms): Min: 19780425,1, Avg: 19780425,4, Max: 19780426,3, Diff: 1,2]
      [Ext Root Scanning (ms): Min: 1,4, Avg: 2,6, Max: 3,7, Diff: 2,3, Sum: 10,5]
      [Update RS (ms): Min: 0,0, Avg: 0,3, Max: 0,5, Diff: 0,5, Sum: 1,3]
         [Processed Buffers: Min: 0, Avg: 9,2, Max: 23, Diff: 23, Sum: 37]
      [Scan RS (ms): Min: 0,0, Avg: 0,0, Max: 0,0, Diff: 0,0, Sum: 0,0]
      [Code Root Scanning (ms): Min: 0,0, Avg: 0,0, Max: 0,1, Diff: 0,1, Sum: 0,2]
      [Object Copy (ms): Min: 17,7, Avg: 18,3, Max: 18,9, Diff: 1,2, Sum: 73,3]
      [Termination (ms): Min: 0,0, Avg: 7,7, Max: 10,3, Diff: 10,3, Sum: 30,7]
         [Termination Attempts: Min: 1, Avg: 1,0, Max: 1, Diff: 0, Sum: 4]
      [GC Worker Other (ms): Min: 0,0, Avg: 0,1, Max: 0,1, Diff: 0,1, Sum: 0,2]
      [GC Worker Total (ms): Min: 22,1, Avg: 29,1, Max: 31,9, Diff: 9,7, Sum: 116,2]
      [GC Worker End (ms): Min: 19780447,2, Avg: 19780454,5, Max: 19780457,0, Diff: 9,8]
   [Code Root Fixup: 0,0 ms]
   [Code Root Purge: 0,0 ms]
   [Clear CT: 0,1 ms]
   [Other: 11,8 ms]
      [Choose CSet: 0,0 ms]
      [Ref Proc: 11,4 ms]
      [Ref Enq: 0,0 ms]
      [Redirty Cards: 0,0 ms]
      [Humongous Register: 0,0 ms]
      [Humongous Reclaim: 0,0 ms]
      [Free CSet: 0,1 ms]
   [Eden: 45,0M(45,0M)->0,0B(46,0M) Survivors: 6144,0K->5120,0K Heap: 198,8M(1024,0M)->152,9M(1024,0M)]
 [Times: user=0,02 sys=0,03, real=0,05 secs] 
2019-06-05T16:05:35.758-0100: 19973,730: [GC pause (G1 Evacuation Pause) (young), 0,0210618 secs]
   [Parallel Time: 18,2 ms, GC Workers: 4]
      [GC Worker Start (ms): Min: 19973730,4, Avg: 19973730,5, Max: 19973730,6, Diff: 0,2]
      [Ext Root Scanning (ms): Min: 1,3, Avg: 1,6, Max: 2,0, Diff: 0,7, Sum: 6,2]
      [Update RS (ms): Min: 1,5, Avg: 2,2, Max: 3,1, Diff: 1,7, Sum: 8,6]
         [Processed Buffers: Min: 2, Avg: 10,5, Max: 26, Diff: 24, Sum: 42]
      [Scan RS (ms): Min: 0,0, Avg: 0,0, Max: 0,0, Diff: 0,0, Sum: 0,0]
      [Code Root Scanning (ms): Min: 0,0, Avg: 0,1, Max: 0,3, Diff: 0,3, Sum: 0,4]
      [Object Copy (ms): Min: 13,3, Avg: 13,7, Max: 14,0, Diff: 0,7, Sum: 54,8]
      [Termination (ms): Min: 0,0, Avg: 0,3, Max: 0,5, Diff: 0,5, Sum: 1,4]
         [Termination Attempts: Min: 1, Avg: 1,0, Max: 1, Diff: 0, Sum: 4]
      [GC Worker Other (ms): Min: 0,0, Avg: 0,0, Max: 0,0, Diff: 0,0, Sum: 0,1]
      [GC Worker Total (ms): Min: 17,8, Avg: 17,9, Max: 18,0, Diff: 0,2, Sum: 71,6]
      [GC Worker End (ms): Min: 19973748,4, Avg: 19973748,4, Max: 19973748,4, Diff: 0,0]
   [Code Root Fixup: 0,0 ms]
   [Code Root Purge: 0,0 ms]
   [Clear CT: 0,1 ms]
   [Other: 2,8 ms]
      [Choose CSet: 0,0 ms]
      [Ref Proc: 2,1 ms]
      [Ref Enq: 0,0 ms]
      [Redirty Cards: 0,0 ms]
      [Humongous Register: 0,3 ms]
      [Humongous Reclaim: 0,0 ms]
      [Free CSet: 0,1 ms]
   [Eden: 46,0M(46,0M)->0,0B(47,0M) Survivors: 5120,0K->4096,0K Heap: 198,9M(1024,0M)->152,4M(1024,0M)]
 [Times: user=0,02 sys=0,02, real=0,02 secs] 
2019-06-05T16:08:37.606-0100: 20155,573: [GC pause (G1 Evacuation Pause) (young), 0,0668191 secs]
   [Parallel Time: 62,8 ms, GC Workers: 4]
      [GC Worker Start (ms): Min: 20155573,5, Avg: 20155574,3, Max: 20155574,6, Diff: 1,1]
      [Ext Root Scanning (ms): Min: 0,0, Avg: 1,9, Max: 5,1, Diff: 5,1, Sum: 7,7]
      [Update RS (ms): Min: 0,0, Avg: 0,6, Max: 1,0, Diff: 1,0, Sum: 2,4]
         [Processed Buffers: Min: 0, Avg: 9,2, Max: 23, Diff: 23, Sum: 37]
      [Scan RS (ms): Min: 0,0, Avg: 0,0, Max: 0,0, Diff: 0,0, Sum: 0,0]
      [Code Root Scanning (ms): Min: 0,0, Avg: 0,0, Max: 0,1, Diff: 0,1, Sum: 0,1]
      [Object Copy (ms): Min: 55,3, Avg: 56,6, Max: 57,7, Diff: 2,4, Sum: 226,6]
      [Termination (ms): Min: 0,0, Avg: 1,4, Max: 2,2, Diff: 2,1, Sum: 5,5]
         [Termination Attempts: Min: 1, Avg: 1,8, Max: 3, Diff: 2, Sum: 7]
      [GC Worker Other (ms): Min: 0,0, Avg: 1,1, Max: 2,4, Diff: 2,4, Sum: 4,4]
      [GC Worker Total (ms): Min: 60,9, Avg: 61,7, Max: 62,6, Diff: 1,7, Sum: 246,8]
      [GC Worker End (ms): Min: 20155635,4, Avg: 20155636,0, Max: 20155636,2, Diff: 0,7]
   [Code Root Fixup: 0,0 ms]
   [Code Root Purge: 0,0 ms]
   [Clear CT: 0,2 ms]
   [Other: 3,8 ms]
      [Choose CSet: 0,0 ms]
      [Ref Proc: 2,7 ms]
      [Ref Enq: 0,0 ms]
      [Redirty Cards: 0,3 ms]
      [Humongous Register: 0,0 ms]
      [Humongous Reclaim: 0,0 ms]
      [Free CSet: 0,3 ms]
   [Eden: 47,0M(47,0M)->0,0B(46,0M) Survivors: 4096,0K->5120,0K Heap: 199,4M(1024,0M)->153,4M(1024,0M)]
 [Times: user=0,03 sys=0,05, real=0,07 secs] 
2019-06-05T16:11:25.149-0100: 20323,111: [GC pause (G1 Evacuation Pause) (young), 0,0107710 secs]
   [Parallel Time: 10,0 ms, GC Workers: 4]
      [GC Worker Start (ms): Min: 20323110,8, Avg: 20323110,9, Max: 20323111,0, Diff: 0,2]
      [Ext Root Scanning (ms): Min: 1,8, Avg: 2,0, Max: 2,1, Diff: 0,4, Sum: 8,2]
      [Update RS (ms): Min: 0,1, Avg: 0,4, Max: 0,7, Diff: 0,7, Sum: 1,6]
         [Processed Buffers: Min: 1, Avg: 9,5, Max: 19, Diff: 18, Sum: 38]
      [Scan RS (ms): Min: 0,0, Avg: 0,0, Max: 0,0, Diff: 0,0, Sum: 0,0]
      [Code Root Scanning (ms): Min: 0,0, Avg: 0,1, Max: 0,1, Diff: 0,1, Sum: 0,3]
      [Object Copy (ms): Min: 6,2, Avg: 6,5, Max: 7,0, Diff: 0,8, Sum: 26,2]
      [Termination (ms): Min: 0,0, Avg: 0,3, Max: 0,9, Diff: 0,9, Sum: 1,1]
         [Termination Attempts: Min: 1, Avg: 1,5, Max: 2, Diff: 1, Sum: 6]
      [GC Worker Other (ms): Min: 0,0, Avg: 0,0, Max: 0,0, Diff: 0,0, Sum: 0,1]
      [GC Worker Total (ms): Min: 9,0, Avg: 9,3, Max: 9,9, Diff: 0,9, Sum: 37,3]
      [GC Worker End (ms): Min: 20323120,0, Avg: 20323120,2, Max: 20323120,7, Diff: 0,7]
   [Code Root Fixup: 0,0 ms]
   [Code Root Purge: 0,0 ms]
   [Clear CT: 0,1 ms]
   [Other: 0,7 ms]
      [Choose CSet: 0,0 ms]
      [Ref Proc: 0,3 ms]
      [Ref Enq: 0,0 ms]
      [Redirty Cards: 0,0 ms]
      [Humongous Register: 0,1 ms]
      [Humongous Reclaim: 0,0 ms]
      [Free CSet: 0,0 ms]
   [Eden: 46,0M(46,0M)->0,0B(46,0M) Survivors: 5120,0K->5120,0K Heap: 199,4M(1024,0M)->152,9M(1024,0M)]
 [Times: user=0,02 sys=0,00, real=0,02 secs] 
2019-06-05T16:14:07.787-0100: 20485,738: [GC pause (G1 Evacuation Pause) (young), 0,0102119 secs]
   [Parallel Time: 7,3 ms, GC Workers: 4]
      [GC Worker Start (ms): Min: 20485738,2, Avg: 20485738,2, Max: 20485738,3, Diff: 0,1]
      [Ext Root Scanning (ms): Min: 0,6, Avg: 1,5, Max: 3,1, Diff: 2,6, Sum: 5,9]
      [Update RS (ms): Min: 0,0, Avg: 0,3, Max: 0,7, Diff: 0,7, Sum: 1,2]
         [Processed Buffers: Min: 0, Avg: 9,8, Max: 34, Diff: 34, Sum: 39]
      [Scan RS (ms): Min: 0,0, Avg: 0,0, Max: 0,0, Diff: 0,0, Sum: 0,0]
      [Code Root Scanning (ms): Min: 0,0, Avg: 0,1, Max: 0,1, Diff: 0,1, Sum: 0,2]
      [Object Copy (ms): Min: 4,0, Avg: 4,6, Max: 5,0, Diff: 0,9, Sum: 18,6]
      [Termination (ms): Min: 0,0, Avg: 0,7, Max: 0,9, Diff: 0,9, Sum: 2,7]
         [Termination Attempts: Min: 1, Avg: 1,0, Max: 1, Diff: 0, Sum: 4]
      [GC Worker Other (ms): Min: 0,0, Avg: 0,0, Max: 0,0, Diff: 0,0, Sum: 0,1]
      [GC Worker Total (ms): Min: 7,1, Avg: 7,2, Max: 7,2, Diff: 0,1, Sum: 28,7]
      [GC Worker End (ms): Min: 20485745,4, Avg: 20485745,4, Max: 20485745,4, Diff: 0,0]
   [Code Root Fixup: 0,0 ms]
   [Code Root Purge: 1,1 ms]
   [Clear CT: 0,1 ms]
   [Other: 1,7 ms]
      [Choose CSet: 0,0 ms]
      [Ref Proc: 0,1 ms]
      [Ref Enq: 0,0 ms]
      [Redirty Cards: 0,1 ms]
      [Humongous Register: 0,0 ms]
      [Humongous Reclaim: 0,0 ms]
      [Free CSet: 1,3 ms]
   [Eden: 46,0M(46,0M)->0,0B(47,0M) Survivors: 5120,0K->4096,0K Heap: 198,9M(1024,0M)->152,4M(1024,0M)]
 [Times: user=0,02 sys=0,00, real=0,01 secs] 
2019-06-05T16:16:52.841-0100: 20650,787: [GC pause (G1 Evacuation Pause) (young), 0,0174463 secs]
   [Parallel Time: 15,6 ms, GC Workers: 4]
      [GC Worker Start (ms): Min: 20650787,5, Avg: 20650787,6, Max: 20650787,6, Diff: 0,1]
      [Ext Root Scanning (ms): Min: 0,9, Avg: 1,0, Max: 1,4, Diff: 0,6, Sum: 4,2]
      [Update RS (ms): Min: 0,2, Avg: 0,6, Max: 0,8, Diff: 0,6, Sum: 2,2]
         [Processed Buffers: Min: 2, Avg: 9,2, Max: 28, Diff: 26, Sum: 37]
      [Scan RS (ms): Min: 0,0, Avg: 0,0, Max: 0,0, Diff: 0,0, Sum: 0,1]
      [Code Root Scanning (ms): Min: 0,0, Avg: 0,0, Max: 0,2, Diff: 0,2, Sum: 0,2]
      [Object Copy (ms): Min: 13,4, Avg: 13,6, Max: 13,9, Diff: 0,5, Sum: 54,4]
      [Termination (ms): Min: 0,0, Avg: 0,3, Max: 0,4, Diff: 0,4, Sum: 1,1]
         [Termination Attempts: Min: 1, Avg: 1,0, Max: 1, Diff: 0, Sum: 4]
      [GC Worker Other (ms): Min: 0,0, Avg: 0,0, Max: 0,0, Diff: 0,0, Sum: 0,1]
      [GC Worker Total (ms): Min: 15,5, Avg: 15,5, Max: 15,6, Diff: 0,1, Sum: 62,1]
      [GC Worker End (ms): Min: 20650803,1, Avg: 20650803,1, Max: 20650803,1, Diff: 0,0]
   [Code Root Fixup: 0,0 ms]
   [Code Root Purge: 0,0 ms]
   [Clear CT: 0,1 ms]
   [Other: 1,7 ms]
      [Choose CSet: 0,0 ms]
      [Ref Proc: 1,3 ms]
      [Ref Enq: 0,0 ms]
      [Redirty Cards: 0,1 ms]
      [Humongous Register: 0,1 ms]
      [Humongous Reclaim: 0,0 ms]
      [Free CSet: 0,0 ms]
   [Eden: 47,0M(47,0M)->0,0B(46,0M) Survivors: 4096,0K->5120,0K Heap: 199,4M(1024,0M)->152,9M(1024,0M)]
 [Times: user=0,02 sys=0,01, real=0,01 secs] 
2019-06-05T16:19:35.797-0100: 20813,738: [GC pause (G1 Evacuation Pause) (young), 0,0078961 secs]
   [Parallel Time: 7,3 ms, GC Workers: 4]
      [GC Worker Start (ms): Min: 20813738,3, Avg: 20813738,4, Max: 20813738,4, Diff: 0,0]
      [Ext Root Scanning (ms): Min: 0,6, Avg: 1,4, Max: 3,5, Diff: 2,8, Sum: 5,6]
      [Update RS (ms): Min: 0,0, Avg: 0,6, Max: 0,8, Diff: 0,8, Sum: 2,2]
         [Processed Buffers: Min: 0, Avg: 9,5, Max: 32, Diff: 32, Sum: 38]
      [Scan RS (ms): Min: 0,0, Avg: 0,0, Max: 0,0, Diff: 0,0, Sum: 0,1]
      [Code Root Scanning (ms): Min: 0,0, Avg: 0,1, Max: 0,1, Diff: 0,1, Sum: 0,2]
      [Object Copy (ms): Min: 3,7, Avg: 5,2, Max: 5,7, Diff: 2,0, Sum: 20,7]
      [Termination (ms): Min: 0,0, Avg: 0,0, Max: 0,0, Diff: 0,0, Sum: 0,0]
         [Termination Attempts: Min: 1, Avg: 1,0, Max: 1, Diff: 0, Sum: 4]
      [GC Worker Other (ms): Min: 0,0, Avg: 0,0, Max: 0,0, Diff: 0,0, Sum: 0,1]
      [GC Worker Total (ms): Min: 7,2, Avg: 7,2, Max: 7,2, Diff: 0,0, Sum: 28,9]
      [GC Worker End (ms): Min: 20813745,6, Avg: 20813745,6, Max: 20813745,6, Diff: 0,0]
   [Code Root Fixup: 0,0 ms]
   [Code Root Purge: 0,0 ms]
   [Clear CT: 0,1 ms]
   [Other: 0,5 ms]
      [Choose CSet: 0,0 ms]
      [Ref Proc: 0,1 ms]
      [Ref Enq: 0,0 ms]
      [Redirty Cards: 0,1 ms]
      [Humongous Register: 0,0 ms]
      [Humongous Reclaim: 0,0 ms]
      [Free CSet: 0,0 ms]
   [Eden: 46,0M(46,0M)->0,0B(46,0M) Survivors: 5120,0K->5120,0K Heap: 198,9M(1024,0M)->152,9M(1024,0M)]
 [Times: user=0,02 sys=0,00, real=0,01 secs] 
2019-06-05T16:22:17.593-0100: 20975,529: [GC pause (G1 Evacuation Pause) (young), 0,0170501 secs]
   [Parallel Time: 16,3 ms, GC Workers: 4]
      [GC Worker Start (ms): Min: 20975529,5, Avg: 20975529,7, Max: 20975529,9, Diff: 0,4]
      [Ext Root Scanning (ms): Min: 0,5, Avg: 1,1, Max: 1,6, Diff: 1,1, Sum: 4,4]
      [Update RS (ms): Min: 0,0, Avg: 1,4, Max: 4,0, Diff: 4,0, Sum: 5,4]
         [Processed Buffers: Min: 0, Avg: 9,2, Max: 24, Diff: 24, Sum: 37]
      [Scan RS (ms): Min: 0,0, Avg: 0,0, Max: 0,0, Diff: 0,0, Sum: 0,0]
      [Code Root Scanning (ms): Min: 0,0, Avg: 0,5, Max: 2,0, Diff: 2,0, Sum: 2,2]
      [Object Copy (ms): Min: 8,3, Avg: 10,8, Max: 14,2, Diff: 5,9, Sum: 43,2]
      [Termination (ms): Min: 0,0, Avg: 1,8, Max: 3,5, Diff: 3,5, Sum: 7,2]
         [Termination Attempts: Min: 1, Avg: 1,0, Max: 1, Diff: 0, Sum: 4]
      [GC Worker Other (ms): Min: 0,0, Avg: 0,2, Max: 0,6, Diff: 0,6, Sum: 0,7]
      [GC Worker Total (ms): Min: 15,6, Avg: 15,8, Max: 16,1, Diff: 0,5, Sum: 63,2]
      [GC Worker End (ms): Min: 20975545,5, Avg: 20975545,5, Max: 20975545,5, Diff: 0,1]
   [Code Root Fixup: 0,0 ms]
   [Code Root Purge: 0,0 ms]
   [Clear CT: 0,1 ms]
   [Other: 0,7 ms]
      [Choose CSet: 0,0 ms]
      [Ref Proc: 0,2 ms]
      [Ref Enq: 0,0 ms]
      [Redirty Cards: 0,0 ms]
      [Humongous Register: 0,1 ms]
      [Humongous Reclaim: 0,0 ms]
      [Free CSet: 0,1 ms]
   [Eden: 46,0M(46,0M)->0,0B(47,0M) Survivors: 5120,0K->4096,0K Heap: 198,9M(1024,0M)->152,4M(1024,0M)]
 [Times: user=0,03 sys=0,01, real=0,02 secs] 
2019-06-05T16:25:02.909-0100: 21140,840: [GC pause (G1 Evacuation Pause) (young), 0,0108335 secs]
   [Parallel Time: 9,4 ms, GC Workers: 4]
      [GC Worker Start (ms): Min: 21140840,9, Avg: 21140840,9, Max: 21140840,9, Diff: 0,0]
      [Ext Root Scanning (ms): Min: 0,5, Avg: 0,7, Max: 1,2, Diff: 0,6, Sum: 2,8]
      [Update RS (ms): Min: 1,6, Avg: 1,9, Max: 2,3, Diff: 0,6, Sum: 7,6]
         [Processed Buffers: Min: 5, Avg: 11,0, Max: 22, Diff: 17, Sum: 44]
      [Scan RS (ms): Min: 0,0, Avg: 0,0, Max: 0,0, Diff: 0,0, Sum: 0,0]
      [Code Root Scanning (ms): Min: 0,0, Avg: 0,0, Max: 0,1, Diff: 0,1, Sum: 0,1]
      [Object Copy (ms): Min: 6,2, Avg: 6,7, Max: 7,1, Diff: 0,9, Sum: 26,8]
      [Termination (ms): Min: 0,0, Avg: 0,0, Max: 0,0, Diff: 0,0, Sum: 0,0]
         [Termination Attempts: Min: 1, Avg: 1,0, Max: 1, Diff: 0, Sum: 4]
      [GC Worker Other (ms): Min: 0,0, Avg: 0,0, Max: 0,0, Diff: 0,0, Sum: 0,1]
      [GC Worker Total (ms): Min: 9,3, Avg: 9,4, Max: 9,4, Diff: 0,1, Sum: 37,4]
      [GC Worker End (ms): Min: 21140850,3, Avg: 21140850,3, Max: 21140850,3, Diff: 0,0]
   [Code Root Fixup: 0,0 ms]
   [Code Root Purge: 0,0 ms]
   [Clear CT: 0,0 ms]
   [Other: 1,3 ms]
      [Choose CSet: 0,0 ms]
      [Ref Proc: 0,1 ms]
      [Ref Enq: 0,0 ms]
      [Redirty Cards: 0,0 ms]
      [Humongous Register: 1,0 ms]
      [Humongous Reclaim: 0,0 ms]
      [Free CSet: 0,1 ms]
   [Eden: 47,0M(47,0M)->0,0B(76,0M) Survivors: 4096,0K->4096,0K Heap: 199,4M(1024,0M)->152,4M(1024,0M)]
 [Times: user=0,01 sys=0,01, real=0,02 secs] 
2019-06-05T16:30:30.842-0100: 21468,763: [GC pause (G1 Evacuation Pause) (young), 0,0324818 secs]
   [Parallel Time: 30,7 ms, GC Workers: 4]
      [GC Worker Start (ms): Min: 21468763,2, Avg: 21468763,3, Max: 21468763,5, Diff: 0,4]
      [Ext Root Scanning (ms): Min: 0,3, Avg: 0,8, Max: 1,4, Diff: 1,0, Sum: 3,2]
      [Update RS (ms): Min: 0,0, Avg: 0,6, Max: 1,5, Diff: 1,5, Sum: 2,2]
         [Processed Buffers: Min: 0, Avg: 9,5, Max: 34, Diff: 34, Sum: 38]
      [Scan RS (ms): Min: 0,0, Avg: 0,0, Max: 0,0, Diff: 0,0, Sum: 0,0]
      [Code Root Scanning (ms): Min: 0,0, Avg: 0,0, Max: 0,1, Diff: 0,1, Sum: 0,2]
      [Object Copy (ms): Min: 28,1, Avg: 28,7, Max: 29,2, Diff: 1,1, Sum: 114,9]
      [Termination (ms): Min: 0,0, Avg: 0,4, Max: 0,7, Diff: 0,7, Sum: 1,7]
         [Termination Attempts: Min: 1, Avg: 1,0, Max: 1, Diff: 0, Sum: 4]
      [GC Worker Other (ms): Min: 0,0, Avg: 0,0, Max: 0,0, Diff: 0,0, Sum: 0,1]
      [GC Worker Total (ms): Min: 30,3, Avg: 30,6, Max: 30,7, Diff: 0,4, Sum: 122,2]
      [GC Worker End (ms): Min: 21468793,8, Avg: 21468793,8, Max: 21468793,8, Diff: 0,0]
   [Code Root Fixup: 0,0 ms]
   [Code Root Purge: 0,0 ms]
   [Clear CT: 0,1 ms]
   [Other: 1,6 ms]
      [Choose CSet: 0,0 ms]
      [Ref Proc: 1,3 ms]
      [Ref Enq: 0,0 ms]
      [Redirty Cards: 0,1 ms]
      [Humongous Register: 0,0 ms]
      [Humongous Reclaim: 0,0 ms]
      [Free CSet: 0,1 ms]
   [Eden: 76,0M(76,0M)->0,0B(46,0M) Survivors: 4096,0K->5120,0K Heap: 228,4M(1024,0M)->153,4M(1024,0M)]
 [Times: user=0,02 sys=0,03, real=0,03 secs] 
2019-06-05T16:33:35.382-0100: 21653,291: [GC pause (G1 Evacuation Pause) (young), 0,0075840 secs]
   [Parallel Time: 6,4 ms, GC Workers: 4]
      [GC Worker Start (ms): Min: 21653290,9, Avg: 21653291,0, Max: 21653291,0, Diff: 0,1]
      [Ext Root Scanning (ms): Min: 0,6, Avg: 0,9, Max: 1,3, Diff: 0,6, Sum: 3,4]
      [Update RS (ms): Min: 0,0, Avg: 0,5, Max: 0,9, Diff: 0,9, Sum: 1,8]
         [Processed Buffers: Min: 0, Avg: 10,0, Max: 25, Diff: 25, Sum: 40]
      [Scan RS (ms): Min: 0,0, Avg: 0,0, Max: 0,0, Diff: 0,0, Sum: 0,1]
      [Code Root Scanning (ms): Min: 0,0, Avg: 0,1, Max: 0,2, Diff: 0,2, Sum: 0,2]
      [Object Copy (ms): Min: 4,3, Avg: 4,8, Max: 5,5, Diff: 1,2, Sum: 19,0]
      [Termination (ms): Min: 0,0, Avg: 0,0, Max: 0,0, Diff: 0,0, Sum: 0,0]
         [Termination Attempts: Min: 1, Avg: 1,0, Max: 1, Diff: 0, Sum: 4]
      [GC Worker Other (ms): Min: 0,0, Avg: 0,0, Max: 0,0, Diff: 0,0, Sum: 0,1]
      [GC Worker Total (ms): Min: 6,1, Avg: 6,2, Max: 6,2, Diff: 0,1, Sum: 24,6]
      [GC Worker End (ms): Min: 21653297,1, Avg: 21653297,2, Max: 21653297,2, Diff: 0,0]
   [Code Root Fixup: 0,0 ms]
   [Code Root Purge: 0,0 ms]
   [Clear CT: 0,1 ms]
   [Other: 1,1 ms]
      [Choose CSet: 0,0 ms]
      [Ref Proc: 0,7 ms]
      [Ref Enq: 0,0 ms]
      [Redirty Cards: 0,1 ms]
      [Humongous Register: 0,1 ms]
      [Humongous Reclaim: 0,0 ms]
      [Free CSet: 0,1 ms]
   [Eden: 46,0M(46,0M)->0,0B(80,0M) Survivors: 5120,0K->5120,0K Heap: 199,4M(1024,0M)->153,0M(1024,0M)]
 [Times: user=0,02 sys=0,00, real=0,01 secs] 
2019-06-05T16:39:22.903-0100: 22000,801: [GC pause (G1 Evacuation Pause) (young), 0,0332944 secs]
   [Parallel Time: 32,6 ms, GC Workers: 4]
      [GC Worker Start (ms): Min: 22000801,6, Avg: 22000801,7, Max: 22000801,9, Diff: 0,3]
      [Ext Root Scanning (ms): Min: 0,4, Avg: 1,1, Max: 1,7, Diff: 1,4, Sum: 4,6]
      [Update RS (ms): Min: 0,0, Avg: 0,8, Max: 1,6, Diff: 1,6, Sum: 3,2]
         [Processed Buffers: Min: 0, Avg: 9,5, Max: 21, Diff: 21, Sum: 38]
      [Scan RS (ms): Min: 0,0, Avg: 0,0, Max: 0,1, Diff: 0,1, Sum: 0,2]
      [Code Root Scanning (ms): Min: 0,0, Avg: 0,0, Max: 0,1, Diff: 0,1, Sum: 0,1]
      [Object Copy (ms): Min: 29,0, Avg: 30,1, Max: 31,5, Diff: 2,5, Sum: 120,5]
      [Termination (ms): Min: 0,0, Avg: 0,3, Max: 0,4, Diff: 0,4, Sum: 1,2]
         [Termination Attempts: Min: 1, Avg: 1,0, Max: 1, Diff: 0, Sum: 4]
      [GC Worker Other (ms): Min: 0,0, Avg: 0,0, Max: 0,0, Diff: 0,0, Sum: 0,1]
      [GC Worker Total (ms): Min: 32,3, Avg: 32,5, Max: 32,5, Diff: 0,2, Sum: 129,8]
      [GC Worker End (ms): Min: 22000834,1, Avg: 22000834,1, Max: 22000834,1, Diff: 0,0]
   [Code Root Fixup: 0,0 ms]
   [Code Root Purge: 0,0 ms]
   [Clear CT: 0,0 ms]
   [Other: 0,7 ms]
      [Choose CSet: 0,0 ms]
      [Ref Proc: 0,2 ms]
      [Ref Enq: 0,0 ms]
      [Redirty Cards: 0,1 ms]
      [Humongous Register: 0,1 ms]
      [Humongous Reclaim: 0,0 ms]
      [Free CSet: 0,1 ms]
   [Eden: 80,0M(80,0M)->0,0B(46,0M) Survivors: 5120,0K->5120,0K Heap: 233,0M(1024,0M)->152,9M(1024,0M)]
 [Times: user=0,02 sys=0,03, real=0,03 secs] 
2019-06-05T16:42:29.077-0100: 22186,969: [GC pause (G1 Evacuation Pause) (young), 0,0137358 secs]
   [Parallel Time: 10,3 ms, GC Workers: 4]
      [GC Worker Start (ms): Min: 22186971,8, Avg: 22186971,9, Max: 22186971,9, Diff: 0,1]
      [Ext Root Scanning (ms): Min: 1,8, Avg: 1,8, Max: 1,9, Diff: 0,1, Sum: 7,4]
      [Update RS (ms): Min: 0,7, Avg: 1,1, Max: 1,7, Diff: 1,0, Sum: 4,5]
         [Processed Buffers: Min: 1, Avg: 10,0, Max: 26, Diff: 25, Sum: 40]
      [Scan RS (ms): Min: 0,0, Avg: 0,0, Max: 0,1, Diff: 0,1, Sum: 0,1]
      [Code Root Scanning (ms): Min: 0,0, Avg: 0,1, Max: 0,2, Diff: 0,2, Sum: 0,2]
      [Object Copy (ms): Min: 6,3, Avg: 6,5, Max: 6,6, Diff: 0,3, Sum: 25,9]
      [Termination (ms): Min: 0,0, Avg: 0,6, Max: 0,9, Diff: 0,9, Sum: 2,5]
         [Termination Attempts: Min: 1, Avg: 1,0, Max: 1, Diff: 0, Sum: 4]
      [GC Worker Other (ms): Min: 0,0, Avg: 0,0, Max: 0,0, Diff: 0,0, Sum: 0,1]
      [GC Worker Total (ms): Min: 10,1, Avg: 10,2, Max: 10,2, Diff: 0,1, Sum: 40,7]
      [GC Worker End (ms): Min: 22186982,0, Avg: 22186982,0, Max: 22186982,0, Diff: 0,0]
   [Code Root Fixup: 0,0 ms]
   [Code Root Purge: 0,0 ms]
   [Clear CT: 0,1 ms]
   [Other: 3,4 ms]
      [Choose CSet: 0,0 ms]
      [Ref Proc: 0,2 ms]
      [Ref Enq: 0,0 ms]
      [Redirty Cards: 0,1 ms]
      [Humongous Register: 2,8 ms]
      [Humongous Reclaim: 0,0 ms]
      [Free CSet: 0,1 ms]
   [Eden: 46,0M(46,0M)->0,0B(46,0M) Survivors: 5120,0K->5120,0K Heap: 198,9M(1024,0M)->153,0M(1024,0M)]
 [Times: user=0,03 sys=0,00, real=0,02 secs] 
2019-06-05T16:45:45.480-0100: 22383,366: [GC pause (G1 Evacuation Pause) (young), 0,0460264 secs]
   [Parallel Time: 29,7 ms, GC Workers: 4]
      [GC Worker Start (ms): Min: 22383366,3, Avg: 22383366,6, Max: 22383367,0, Diff: 0,8]
      [Ext Root Scanning (ms): Min: 2,2, Avg: 2,8, Max: 4,1, Diff: 1,9, Sum: 11,3]
      [Update RS (ms): Min: 0,0, Avg: 0,9, Max: 1,7, Diff: 1,7, Sum: 3,5]
         [Processed Buffers: Min: 0, Avg: 10,5, Max: 20, Diff: 20, Sum: 42]
      [Scan RS (ms): Min: 0,0, Avg: 0,0, Max: 0,0, Diff: 0,0, Sum: 0,0]
      [Code Root Scanning (ms): Min: 0,0, Avg: 0,0, Max: 0,0, Diff: 0,0, Sum: 0,1]
      [Object Copy (ms): Min: 14,6, Avg: 15,2, Max: 15,5, Diff: 0,9, Sum: 60,8]
      [Termination (ms): Min: 0,0, Avg: 5,1, Max: 10,2, Diff: 10,2, Sum: 20,4]
         [Termination Attempts: Min: 1, Avg: 1,0, Max: 1, Diff: 0, Sum: 4]
      [GC Worker Other (ms): Min: 0,0, Avg: 0,0, Max: 0,0, Diff: 0,0, Sum: 0,1]
      [GC Worker Total (ms): Min: 18,6, Avg: 24,0, Max: 29,5, Diff: 10,9, Sum: 96,2]
      [GC Worker End (ms): Min: 22383385,6, Avg: 22383390,7, Max: 22383395,7, Diff: 10,1]
   [Code Root Fixup: 0,0 ms]
   [Code Root Purge: 0,0 ms]
   [Clear CT: 0,1 ms]
   [Other: 16,2 ms]
      [Choose CSet: 0,0 ms]
      [Ref Proc: 15,7 ms]
      [Ref Enq: 0,0 ms]
      [Redirty Cards: 0,0 ms]
      [Humongous Register: 0,0 ms]
      [Humongous Reclaim: 0,0 ms]
      [Free CSet: 0,1 ms]
   [Eden: 46,0M(46,0M)->0,0B(46,0M) Survivors: 5120,0K->5120,0K Heap: 199,0M(1024,0M)->153,0M(1024,0M)]
 [Times: user=0,02 sys=0,01, real=0,04 secs] 
2019-06-05T16:48:51.522-0100: 22569,403: [GC pause (G1 Evacuation Pause) (young), 0,0260926 secs]
   [Parallel Time: 20,4 ms, GC Workers: 4]
      [GC Worker Start (ms): Min: 22569406,0, Avg: 22569406,0, Max: 22569406,1, Diff: 0,1]
      [Ext Root Scanning (ms): Min: 2,8, Avg: 3,0, Max: 3,2, Diff: 0,4, Sum: 12,0]
      [Update RS (ms): Min: 2,4, Avg: 3,0, Max: 4,1, Diff: 1,7, Sum: 12,1]
         [Processed Buffers: Min: 2, Avg: 10,2, Max: 17, Diff: 15, Sum: 41]
      [Scan RS (ms): Min: 0,0, Avg: 0,0, Max: 0,0, Diff: 0,0, Sum: 0,0]
      [Code Root Scanning (ms): Min: 0,0, Avg: 0,0, Max: 0,1, Diff: 0,1, Sum: 0,1]
      [Object Copy (ms): Min: 3,2, Avg: 4,2, Max: 4,7, Diff: 1,5, Sum: 16,8]
      [Termination (ms): Min: 0,0, Avg: 5,5, Max: 10,0, Diff: 10,0, Sum: 22,1]
         [Termination Attempts: Min: 1, Avg: 1,0, Max: 1, Diff: 0, Sum: 4]
      [GC Worker Other (ms): Min: 0,0, Avg: 0,0, Max: 0,0, Diff: 0,0, Sum: 0,1]
      [GC Worker Total (ms): Min: 10,2, Avg: 15,8, Max: 20,3, Diff: 10,0, Sum: 63,2]
      [GC Worker End (ms): Min: 22569416,3, Avg: 22569421,8, Max: 22569426,2, Diff: 9,9]
   [Code Root Fixup: 0,0 ms]
   [Code Root Purge: 0,0 ms]
   [Clear CT: 0,1 ms]
   [Other: 5,6 ms]
      [Choose CSet: 0,0 ms]
      [Ref Proc: 1,8 ms]
      [Ref Enq: 0,0 ms]
      [Redirty Cards: 0,1 ms]
      [Humongous Register: 0,0 ms]
      [Humongous Reclaim: 0,0 ms]
      [Free CSet: 0,1 ms]
   [Eden: 46,0M(46,0M)->0,0B(46,0M) Survivors: 5120,0K->5120,0K Heap: 199,0M(1024,0M)->153,0M(1024,0M)]
 [Times: user=0,02 sys=0,00, real=0,02 secs] 
2019-06-05T16:51:52.074-0100: 22749,949: [GC pause (G1 Evacuation Pause) (young), 0,0066717 secs]
   [Parallel Time: 6,1 ms, GC Workers: 4]
      [GC Worker Start (ms): Min: 22749949,5, Avg: 22749949,6, Max: 22749949,9, Diff: 0,3]
      [Ext Root Scanning (ms): Min: 0,3, Avg: 0,7, Max: 1,3, Diff: 1,0, Sum: 2,9]
      [Update RS (ms): Min: 0,0, Avg: 0,4, Max: 0,5, Diff: 0,5, Sum: 1,5]
         [Processed Buffers: Min: 0, Avg: 10,0, Max: 19, Diff: 19, Sum: 40]
      [Scan RS (ms): Min: 0,0, Avg: 0,0, Max: 0,0, Diff: 0,0, Sum: 0,0]
      [Code Root Scanning (ms): Min: 0,0, Avg: 0,0, Max: 0,0, Diff: 0,0, Sum: 0,1]
      [Object Copy (ms): Min: 4,7, Avg: 4,8, Max: 4,9, Diff: 0,2, Sum: 19,2]
      [Termination (ms): Min: 0,0, Avg: 0,0, Max: 0,0, Diff: 0,0, Sum: 0,0]
         [Termination Attempts: Min: 1, Avg: 1,0, Max: 1, Diff: 0, Sum: 4]
      [GC Worker Other (ms): Min: 0,0, Avg: 0,0, Max: 0,0, Diff: 0,0, Sum: 0,1]
      [GC Worker Total (ms): Min: 5,7, Avg: 5,9, Max: 6,0, Diff: 0,4, Sum: 23,8]
      [GC Worker End (ms): Min: 22749955,6, Avg: 22749955,6, Max: 22749955,6, Diff: 0,0]
   [Code Root Fixup: 0,0 ms]
   [Code Root Purge: 0,0 ms]
   [Clear CT: 0,0 ms]
   [Other: 0,5 ms]
      [Choose CSet: 0,0 ms]
      [Ref Proc: 0,2 ms]
      [Ref Enq: 0,0 ms]
      [Redirty Cards: 0,1 ms]
      [Humongous Register: 0,0 ms]
      [Humongous Reclaim: 0,0 ms]
      [Free CSet: 0,0 ms]
   [Eden: 46,0M(46,0M)->0,0B(47,0M) Survivors: 5120,0K->4096,0K Heap: 199,0M(1024,0M)->152,6M(1024,0M)]
 [Times: user=0,02 sys=0,00, real=0,01 secs] 
2019-06-05T16:54:53.672-0100: 22931,533: [GC pause (G1 Evacuation Pause) (young), 0,0136284 secs]
   [Parallel Time: 10,9 ms, GC Workers: 4]
      [GC Worker Start (ms): Min: 22931533,5, Avg: 22931533,6, Max: 22931533,6, Diff: 0,1]
      [Ext Root Scanning (ms): Min: 0,4, Avg: 1,2, Max: 3,3, Diff: 2,8, Sum: 4,9]
      [Update RS (ms): Min: 0,0, Avg: 1,3, Max: 2,1, Diff: 2,1, Sum: 5,2]
         [Processed Buffers: Min: 0, Avg: 10,8, Max: 22, Diff: 22, Sum: 43]
      [Scan RS (ms): Min: 0,0, Avg: 0,0, Max: 0,0, Diff: 0,0, Sum: 0,0]
      [Code Root Scanning (ms): Min: 0,0, Avg: 0,0, Max: 0,1, Diff: 0,1, Sum: 0,1]
      [Object Copy (ms): Min: 6,3, Avg: 6,7, Max: 7,3, Diff: 1,0, Sum: 26,9]
      [Termination (ms): Min: 0,0, Avg: 1,2, Max: 1,7, Diff: 1,7, Sum: 4,8]
         [Termination Attempts: Min: 1, Avg: 1,2, Max: 2, Diff: 1, Sum: 5]
      [GC Worker Other (ms): Min: 0,0, Avg: 0,0, Max: 0,0, Diff: 0,0, Sum: 0,0]
      [GC Worker Total (ms): Min: 9,7, Avg: 10,5, Max: 10,8, Diff: 1,1, Sum: 42,0]
      [GC Worker End (ms): Min: 22931543,4, Avg: 22931544,1, Max: 22931544,3, Diff: 1,0]
   [Code Root Fixup: 0,0 ms]
   [Code Root Purge: 0,1 ms]
   [Clear CT: 0,2 ms]
   [Other: 2,5 ms]
      [Choose CSet: 0,0 ms]
      [Ref Proc: 2,1 ms]
      [Ref Enq: 0,0 ms]
      [Redirty Cards: 0,0 ms]
      [Humongous Register: 0,0 ms]
      [Humongous Reclaim: 0,0 ms]
      [Free CSet: 0,1 ms]
   [Eden: 47,0M(47,0M)->0,0B(47,0M) Survivors: 4096,0K->4096,0K Heap: 199,6M(1024,0M)->152,6M(1024,0M)]
 [Times: user=0,02 sys=0,01, real=0,01 secs] 
2019-06-05T16:57:53.754-0100: 23111,611: [GC pause (G1 Evacuation Pause) (young), 0,0348950 secs]
   [Parallel Time: 30,3 ms, GC Workers: 4]
      [GC Worker Start (ms): Min: 23111610,7, Avg: 23111611,1, Max: 23111612,3, Diff: 1,6]
      [Ext Root Scanning (ms): Min: 0,0, Avg: 0,4, Max: 0,7, Diff: 0,6, Sum: 1,8]
      [Update RS (ms): Min: 0,1, Avg: 8,5, Max: 29,6, Diff: 29,5, Sum: 33,9]
         [Processed Buffers: Min: 3, Avg: 9,5, Max: 16, Diff: 13, Sum: 38]
      [Scan RS (ms): Min: 0,0, Avg: 0,0, Max: 0,0, Diff: 0,0, Sum: 0,0]
      [Code Root Scanning (ms): Min: 0,0, Avg: 0,3, Max: 0,8, Diff: 0,8, Sum: 1,0]
      [Object Copy (ms): Min: 0,0, Avg: 5,6, Max: 8,3, Diff: 8,2, Sum: 22,2]
      [Termination (ms): Min: 0,0, Avg: 15,1, Max: 20,3, Diff: 20,3, Sum: 60,4]
         [Termination Attempts: Min: 1, Avg: 2,8, Max: 5, Diff: 4, Sum: 11]
      [GC Worker Other (ms): Min: 0,0, Avg: 0,0, Max: 0,0, Diff: 0,0, Sum: 0,1]
      [GC Worker Total (ms): Min: 28,7, Avg: 29,9, Max: 30,3, Diff: 1,6, Sum: 119,4]
      [GC Worker End (ms): Min: 23111641,0, Avg: 23111641,0, Max: 23111641,0, Diff: 0,0]
   [Code Root Fixup: 0,0 ms]
   [Code Root Purge: 0,0 ms]
   [Clear CT: 0,1 ms]
   [Other: 4,5 ms]
      [Choose CSet: 0,0 ms]
      [Ref Proc: 4,1 ms]
      [Ref Enq: 0,0 ms]
      [Redirty Cards: 0,0 ms]
      [Humongous Register: 0,0 ms]
      [Humongous Reclaim: 0,0 ms]
      [Free CSet: 0,1 ms]
   [Eden: 47,0M(47,0M)->0,0B(46,0M) Survivors: 4096,0K->5120,0K Heap: 199,6M(1024,0M)->153,6M(1024,0M)]
 [Times: user=0,07 sys=0,02, real=0,04 secs] 
2019-06-05T17:00:59.853-0100: 23297,704: [GC pause (G1 Evacuation Pause) (young), 0,0132546 secs]
   [Parallel Time: 8,9 ms, GC Workers: 4]
      [GC Worker Start (ms): Min: 23297703,9, Avg: 23297704,0, Max: 23297704,0, Diff: 0,1]
      [Ext Root Scanning (ms): Min: 0,7, Avg: 0,9, Max: 1,3, Diff: 0,6, Sum: 3,5]
      [Update RS (ms): Min: 0,4, Avg: 0,8, Max: 1,0, Diff: 0,6, Sum: 3,2]
         [Processed Buffers: Min: 1, Avg: 9,8, Max: 20, Diff: 19, Sum: 39]
      [Scan RS (ms): Min: 0,0, Avg: 0,0, Max: 0,0, Diff: 0,0, Sum: 0,0]
      [Code Root Scanning (ms): Min: 0,0, Avg: 0,1, Max: 0,2, Diff: 0,2, Sum: 0,4]
      [Object Copy (ms): Min: 6,4, Avg: 6,6, Max: 6,9, Diff: 0,6, Sum: 26,5]
      [Termination (ms): Min: 0,0, Avg: 0,4, Max: 0,6, Diff: 0,6, Sum: 1,5]
         [Termination Attempts: Min: 1, Avg: 1,0, Max: 1, Diff: 0, Sum: 4]
      [GC Worker Other (ms): Min: 0,0, Avg: 0,0, Max: 0,0, Diff: 0,0, Sum: 0,1]
      [GC Worker Total (ms): Min: 8,8, Avg: 8,8, Max: 8,9, Diff: 0,1, Sum: 35,2]
      [GC Worker End (ms): Min: 23297712,8, Avg: 23297712,8, Max: 23297712,8, Diff: 0,0]
   [Code Root Fixup: 0,0 ms]
   [Code Root Purge: 0,2 ms]
   [Clear CT: 0,1 ms]
   [Other: 4,1 ms]
      [Choose CSet: 0,0 ms]
      [Ref Proc: 3,6 ms]
      [Ref Enq: 0,0 ms]
      [Redirty Cards: 0,1 ms]
      [Humongous Register: 0,0 ms]
      [Humongous Reclaim: 0,0 ms]
      [Free CSet: 0,1 ms]
   [Eden: 46,0M(46,0M)->0,0B(84,0M) Survivors: 5120,0K->6144,0K Heap: 199,6M(1024,0M)->154,0M(1024,0M)]
 [Times: user=0,02 sys=0,01, real=0,01 secs] 
2019-06-05T17:06:27.903-0100: 23625,744: [GC pause (G1 Evacuation Pause) (young), 0,0467032 secs]
   [Parallel Time: 44,9 ms, GC Workers: 4]
      [GC Worker Start (ms): Min: 23625744,4, Avg: 23625744,5, Max: 23625744,5, Diff: 0,1]
      [Ext Root Scanning (ms): Min: 0,8, Avg: 1,2, Max: 1,7, Diff: 0,9, Sum: 4,8]
      [Update RS (ms): Min: 0,0, Avg: 0,6, Max: 1,0, Diff: 0,9, Sum: 2,3]
         [Processed Buffers: Min: 1, Avg: 11,2, Max: 23, Diff: 22, Sum: 45]
      [Scan RS (ms): Min: 0,0, Avg: 0,0, Max: 0,0, Diff: 0,0, Sum: 0,1]
      [Code Root Scanning (ms): Min: 0,0, Avg: 0,0, Max: 0,1, Diff: 0,1, Sum: 0,2]
      [Object Copy (ms): Min: 38,5, Avg: 40,6, Max: 41,6, Diff: 3,1, Sum: 162,4]
      [Termination (ms): Min: 1,3, Avg: 2,3, Max: 4,5, Diff: 3,2, Sum: 9,4]
         [Termination Attempts: Min: 3, Avg: 4,0, Max: 5, Diff: 2, Sum: 16]
      [GC Worker Other (ms): Min: 0,0, Avg: 0,0, Max: 0,0, Diff: 0,0, Sum: 0,1]
      [GC Worker Total (ms): Min: 44,8, Avg: 44,8, Max: 44,8, Diff: 0,1, Sum: 179,2]
      [GC Worker End (ms): Min: 23625789,3, Avg: 23625789,3, Max: 23625789,3, Diff: 0,0]
   [Code Root Fixup: 0,0 ms]
   [Code Root Purge: 0,0 ms]
   [Clear CT: 0,1 ms]
   [Other: 1,7 ms]
      [Choose CSet: 0,0 ms]
      [Ref Proc: 1,3 ms]
      [Ref Enq: 0,0 ms]
      [Redirty Cards: 0,1 ms]
      [Humongous Register: 0,0 ms]
      [Humongous Reclaim: 0,0 ms]
      [Free CSet: 0,1 ms]
   [Eden: 84,0M(84,0M)->0,0B(46,0M) Survivors: 6144,0K->5120,0K Heap: 238,0M(1024,0M)->153,1M(1024,0M)]
 [Times: user=0,03 sys=0,04, real=0,05 secs] 
2019-06-05T17:09:24.618-0100: 23802,454: [GC pause (G1 Evacuation Pause) (young), 0,0084767 secs]
   [Parallel Time: 7,6 ms, GC Workers: 4]
      [GC Worker Start (ms): Min: 23802454,4, Avg: 23802454,4, Max: 23802454,7, Diff: 0,3]
      [Ext Root Scanning (ms): Min: 0,7, Avg: 1,0, Max: 1,3, Diff: 0,7, Sum: 4,2]
      [Update RS (ms): Min: 0,7, Avg: 0,8, Max: 1,0, Diff: 0,3, Sum: 3,3]
         [Processed Buffers: Min: 1, Avg: 9,5, Max: 28, Diff: 27, Sum: 38]
      [Scan RS (ms): Min: 0,0, Avg: 0,0, Max: 0,1, Diff: 0,1, Sum: 0,2]
      [Code Root Scanning (ms): Min: 0,0, Avg: 0,1, Max: 0,2, Diff: 0,2, Sum: 0,3]
      [Object Copy (ms): Min: 4,7, Avg: 4,9, Max: 5,4, Diff: 0,7, Sum: 19,8]
      [Termination (ms): Min: 0,0, Avg: 0,5, Max: 0,7, Diff: 0,7, Sum: 2,1]
         [Termination Attempts: Min: 1, Avg: 1,0, Max: 1, Diff: 0, Sum: 4]
      [GC Worker Other (ms): Min: 0,0, Avg: 0,0, Max: 0,0, Diff: 0,0, Sum: 0,1]
      [GC Worker Total (ms): Min: 7,2, Avg: 7,5, Max: 7,5, Diff: 0,3, Sum: 29,8]
      [GC Worker End (ms): Min: 23802461,9, Avg: 23802461,9, Max: 23802461,9, Diff: 0,0]
   [Code Root Fixup: 0,0 ms]
   [Code Root Purge: 0,0 ms]
   [Clear CT: 0,1 ms]
   [Other: 0,8 ms]
      [Choose CSet: 0,0 ms]
      [Ref Proc: 0,2 ms]
      [Ref Enq: 0,0 ms]
      [Redirty Cards: 0,1 ms]
      [Humongous Register: 0,2 ms]
      [Humongous Reclaim: 0,0 ms]
      [Free CSet: 0,1 ms]
   [Eden: 46,0M(46,0M)->0,0B(46,0M) Survivors: 5120,0K->5120,0K Heap: 199,1M(1024,0M)->153,1M(1024,0M)]
 [Times: user=0,03 sys=0,00, real=0,01 secs] 
2019-06-05T17:12:20.858-0100: 23978,682: [GC pause (G1 Evacuation Pause) (young), 0,0068504 secs]
   [Parallel Time: 6,1 ms, GC Workers: 4]
      [GC Worker Start (ms): Min: 23978682,3, Avg: 23978682,4, Max: 23978682,4, Diff: 0,2]
      [Ext Root Scanning (ms): Min: 0,6, Avg: 0,7, Max: 0,7, Diff: 0,2, Sum: 2,6]
      [Update RS (ms): Min: 0,6, Avg: 0,8, Max: 1,3, Diff: 0,7, Sum: 3,1]
         [Processed Buffers: Min: 1, Avg: 9,2, Max: 18, Diff: 17, Sum: 37]
      [Scan RS (ms): Min: 0,0, Avg: 0,0, Max: 0,0, Diff: 0,0, Sum: 0,0]
      [Code Root Scanning (ms): Min: 0,0, Avg: 0,0, Max: 0,1, Diff: 0,1, Sum: 0,2]
      [Object Copy (ms): Min: 3,9, Avg: 4,3, Max: 4,5, Diff: 0,6, Sum: 17,2]
      [Termination (ms): Min: 0,0, Avg: 0,0, Max: 0,0, Diff: 0,0, Sum: 0,1]
         [Termination Attempts: Min: 1, Avg: 1,0, Max: 1, Diff: 0, Sum: 4]
      [GC Worker Other (ms): Min: 0,0, Avg: 0,0, Max: 0,0, Diff: 0,0, Sum: 0,1]
      [GC Worker Total (ms): Min: 5,7, Avg: 5,8, Max: 5,9, Diff: 0,2, Sum: 23,3]
      [GC Worker End (ms): Min: 23978688,2, Avg: 23978688,2, Max: 23978688,2, Diff: 0,0]
   [Code Root Fixup: 0,0 ms]
   [Code Root Purge: 0,0 ms]
   [Clear CT: 0,1 ms]
   [Other: 0,7 ms]
      [Choose CSet: 0,0 ms]
      [Ref Proc: 0,3 ms]
      [Ref Enq: 0,0 ms]
      [Redirty Cards: 0,1 ms]
      [Humongous Register: 0,0 ms]
      [Humongous Reclaim: 0,0 ms]
      [Free CSet: 0,0 ms]
   [Eden: 46,0M(46,0M)->0,0B(79,0M) Survivors: 5120,0K->4096,0K Heap: 199,1M(1024,0M)->152,6M(1024,0M)]
 [Times: user=0,02 sys=0,00, real=0,01 secs] 
2019-06-05T17:17:26.310-0100: 24284,126: [GC pause (G1 Evacuation Pause) (young), 0,0084853 secs]
   [Parallel Time: 7,7 ms, GC Workers: 4]
      [GC Worker Start (ms): Min: 24284125,9, Avg: 24284126,0, Max: 24284126,0, Diff: 0,1]
      [Ext Root Scanning (ms): Min: 0,7, Avg: 1,0, Max: 1,8, Diff: 1,0, Sum: 4,1]
      [Update RS (ms): Min: 0,0, Avg: 0,8, Max: 1,3, Diff: 1,3, Sum: 3,2]
         [Processed Buffers: Min: 1, Avg: 10,0, Max: 24, Diff: 23, Sum: 40]
      [Scan RS (ms): Min: 0,0, Avg: 0,0, Max: 0,0, Diff: 0,0, Sum: 0,1]
      [Code Root Scanning (ms): Min: 0,0, Avg: 0,1, Max: 0,2, Diff: 0,2, Sum: 0,3]
      [Object Copy (ms): Min: 5,5, Avg: 5,7, Max: 5,9, Diff: 0,3, Sum: 22,9]
      [Termination (ms): Min: 0,0, Avg: 0,0, Max: 0,0, Diff: 0,0, Sum: 0,0]
         [Termination Attempts: Min: 1, Avg: 1,0, Max: 1, Diff: 0, Sum: 4]
      [GC Worker Other (ms): Min: 0,0, Avg: 0,0, Max: 0,0, Diff: 0,0, Sum: 0,1]
      [GC Worker Total (ms): Min: 7,6, Avg: 7,7, Max: 7,7, Diff: 0,1, Sum: 30,6]
      [GC Worker End (ms): Min: 24284133,6, Avg: 24284133,6, Max: 24284133,6, Diff: 0,0]
   [Code Root Fixup: 0,0 ms]
   [Code Root Purge: 0,0 ms]
   [Clear CT: 0,0 ms]
   [Other: 0,7 ms]
      [Choose CSet: 0,0 ms]
      [Ref Proc: 0,2 ms]
      [Ref Enq: 0,0 ms]
      [Redirty Cards: 0,1 ms]
      [Humongous Register: 0,0 ms]
      [Humongous Reclaim: 0,0 ms]
      [Free CSet: 0,1 ms]
   [Eden: 79,0M(79,0M)->0,0B(181,0M) Survivors: 4096,0K->6144,0K Heap: 231,6M(1024,0M)->154,1M(1024,0M)]
 [Times: user=0,03 sys=0,00, real=0,00 secs] 
2019-06-05T17:29:08.800-0100: 24986,595: [GC pause (G1 Evacuation Pause) (young), 0,0792146 secs]
   [Parallel Time: 78,0 ms, GC Workers: 4]
      [GC Worker Start (ms): Min: 24986595,3, Avg: 24986595,4, Max: 24986595,4, Diff: 0,1]
      [Ext Root Scanning (ms): Min: 1,6, Avg: 4,2, Max: 6,3, Diff: 4,7, Sum: 16,6]
      [Update RS (ms): Min: 0,0, Avg: 1,0, Max: 3,8, Diff: 3,8, Sum: 3,8]
         [Processed Buffers: Min: 0, Avg: 10,0, Max: 34, Diff: 34, Sum: 40]
      [Scan RS (ms): Min: 0,0, Avg: 0,0, Max: 0,1, Diff: 0,1, Sum: 0,1]
      [Code Root Scanning (ms): Min: 0,0, Avg: 0,1, Max: 0,4, Diff: 0,4, Sum: 0,6]
      [Object Copy (ms): Min: 70,2, Avg: 71,9, Max: 75,3, Diff: 5,1, Sum: 287,6]
      [Termination (ms): Min: 0,0, Avg: 0,7, Max: 1,0, Diff: 1,0, Sum: 2,6]
         [Termination Attempts: Min: 1, Avg: 1,0, Max: 1, Diff: 0, Sum: 4]
      [GC Worker Other (ms): Min: 0,0, Avg: 0,0, Max: 0,1, Diff: 0,0, Sum: 0,2]
      [GC Worker Total (ms): Min: 77,9, Avg: 77,9, Max: 77,9, Diff: 0,1, Sum: 311,6]
      [GC Worker End (ms): Min: 24986673,3, Avg: 24986673,3, Max: 24986673,3, Diff: 0,0]
   [Code Root Fixup: 0,0 ms]
   [Code Root Purge: 0,0 ms]
   [Clear CT: 0,1 ms]
   [Other: 1,1 ms]
      [Choose CSet: 0,0 ms]
      [Ref Proc: 0,3 ms]
      [Ref Enq: 0,0 ms]
      [Redirty Cards: 0,1 ms]
      [Humongous Register: 0,2 ms]
      [Humongous Reclaim: 0,0 ms]
      [Free CSet: 0,3 ms]
   [Eden: 180,0M(180,0M)->0,0B(46,0M) Survivors: 6144,0K->5120,0K Heap: 334,1M(1024,0M)->153,6M(1024,0M)]
 [Times: user=0,02 sys=0,06, real=0,08 secs] 
2019-06-05T17:32:06.847-0100: 25164,628: [GC pause (G1 Evacuation Pause) (young), 0,0119661 secs]
   [Parallel Time: 11,3 ms, GC Workers: 4]
      [GC Worker Start (ms): Min: 25164627,9, Avg: 25164628,1, Max: 25164628,3, Diff: 0,4]
      [Ext Root Scanning (ms): Min: 1,9, Avg: 2,2, Max: 2,4, Diff: 0,4, Sum: 8,7]
      [Update RS (ms): Min: 0,5, Avg: 0,6, Max: 0,9, Diff: 0,4, Sum: 2,4]
         [Processed Buffers: Min: 1, Avg: 9,5, Max: 28, Diff: 27, Sum: 38]
      [Scan RS (ms): Min: 0,0, Avg: 0,0, Max: 0,0, Diff: 0,0, Sum: 0,0]
      [Code Root Scanning (ms): Min: 0,0, Avg: 0,1, Max: 0,3, Diff: 0,3, Sum: 0,4]
      [Object Copy (ms): Min: 7,6, Avg: 7,8, Max: 7,9, Diff: 0,2, Sum: 31,0]
      [Termination (ms): Min: 0,0, Avg: 0,3, Max: 0,4, Diff: 0,4, Sum: 1,1]
         [Termination Attempts: Min: 1, Avg: 1,5, Max: 2, Diff: 1, Sum: 6]
      [GC Worker Other (ms): Min: 0,0, Avg: 0,0, Max: 0,0, Diff: 0,0, Sum: 0,1]
      [GC Worker Total (ms): Min: 10,8, Avg: 10,9, Max: 11,2, Diff: 0,4, Sum: 43,8]
      [GC Worker End (ms): Min: 25164638,8, Avg: 25164639,0, Max: 25164639,1, Diff: 0,3]
   [Code Root Fixup: 0,0 ms]
   [Code Root Purge: 0,0 ms]
   [Clear CT: 0,1 ms]
   [Other: 0,6 ms]
      [Choose CSet: 0,0 ms]
      [Ref Proc: 0,2 ms]
      [Ref Enq: 0,0 ms]
      [Redirty Cards: 0,0 ms]
      [Humongous Register: 0,1 ms]
      [Humongous Reclaim: 0,0 ms]
      [Free CSet: 0,1 ms]
   [Eden: 46,0M(46,0M)->0,0B(46,0M) Survivors: 5120,0K->5120,0K Heap: 199,6M(1024,0M)->153,8M(1024,0M)]
 [Times: user=0,03 sys=0,01, real=0,01 secs] 
2019-06-05T17:34:48.653-0100: 25326,429: [GC pause (G1 Evacuation Pause) (young), 0,0116423 secs]
   [Parallel Time: 11,0 ms, GC Workers: 4]
      [GC Worker Start (ms): Min: 25326429,1, Avg: 25326429,1, Max: 25326429,3, Diff: 0,2]
      [Ext Root Scanning (ms): Min: 1,1, Avg: 1,2, Max: 1,3, Diff: 0,1, Sum: 4,8]
      [Update RS (ms): Min: 1,4, Avg: 2,2, Max: 4,1, Diff: 2,8, Sum: 8,9]
         [Processed Buffers: Min: 1, Avg: 10,5, Max: 24, Diff: 23, Sum: 42]
      [Scan RS (ms): Min: 0,0, Avg: 0,0, Max: 0,1, Diff: 0,1, Sum: 0,1]
      [Code Root Scanning (ms): Min: 0,0, Avg: 0,1, Max: 0,1, Diff: 0,1, Sum: 0,2]
      [Object Copy (ms): Min: 5,6, Avg: 7,3, Max: 7,9, Diff: 2,3, Sum: 29,2]
      [Termination (ms): Min: 0,0, Avg: 0,1, Max: 0,2, Diff: 0,2, Sum: 0,4]
         [Termination Attempts: Min: 1, Avg: 1,2, Max: 2, Diff: 1, Sum: 5]
      [GC Worker Other (ms): Min: 0,0, Avg: 0,0, Max: 0,0, Diff: 0,0, Sum: 0,1]
      [GC Worker Total (ms): Min: 10,8, Avg: 10,9, Max: 11,0, Diff: 0,2, Sum: 43,7]
      [GC Worker End (ms): Min: 25326440,0, Avg: 25326440,1, Max: 25326440,1, Diff: 0,0]
   [Code Root Fixup: 0,0 ms]
   [Code Root Purge: 0,0 ms]
   [Clear CT: 0,0 ms]
   [Other: 0,6 ms]
      [Choose CSet: 0,0 ms]
      [Ref Proc: 0,2 ms]
      [Ref Enq: 0,0 ms]
      [Redirty Cards: 0,1 ms]
      [Humongous Register: 0,0 ms]
      [Humongous Reclaim: 0,0 ms]
      [Free CSet: 0,0 ms]
   [Eden: 46,0M(46,0M)->0,0B(46,0M) Survivors: 5120,0K->5120,0K Heap: 199,8M(1024,0M)->153,3M(1024,0M)]
 [Times: user=0,03 sys=0,00, real=0,01 secs] 
2019-06-05T17:37:45.345-0100: 25503,115: [GC pause (G1 Evacuation Pause) (young), 0,0065826 secs]
   [Parallel Time: 6,1 ms, GC Workers: 4]
      [GC Worker Start (ms): Min: 25503115,5, Avg: 25503115,5, Max: 25503115,5, Diff: 0,0]
      [Ext Root Scanning (ms): Min: 0,6, Avg: 0,7, Max: 1,2, Diff: 0,7, Sum: 3,0]
      [Update RS (ms): Min: 0,0, Avg: 0,6, Max: 1,0, Diff: 1,0, Sum: 2,5]
         [Processed Buffers: Min: 2, Avg: 9,5, Max: 18, Diff: 16, Sum: 38]
      [Scan RS (ms): Min: 0,0, Avg: 0,0, Max: 0,0, Diff: 0,0, Sum: 0,0]
      [Code Root Scanning (ms): Min: 0,0, Avg: 0,1, Max: 0,1, Diff: 0,1, Sum: 0,2]
      [Object Copy (ms): Min: 4,0, Avg: 4,1, Max: 4,3, Diff: 0,3, Sum: 16,5]
      [Termination (ms): Min: 0,0, Avg: 0,4, Max: 0,5, Diff: 0,5, Sum: 1,4]
         [Termination Attempts: Min: 1, Avg: 1,2, Max: 2, Diff: 1, Sum: 5]
      [GC Worker Other (ms): Min: 0,0, Avg: 0,0, Max: 0,0, Diff: 0,0, Sum: 0,1]
      [GC Worker Total (ms): Min: 5,9, Avg: 5,9, Max: 5,9, Diff: 0,0, Sum: 23,7]
      [GC Worker End (ms): Min: 25503121,4, Avg: 25503121,4, Max: 25503121,5, Diff: 0,0]
   [Code Root Fixup: 0,0 ms]
   [Code Root Purge: 0,0 ms]
   [Clear CT: 0,1 ms]
   [Other: 0,4 ms]
      [Choose CSet: 0,0 ms]
      [Ref Proc: 0,1 ms]
      [Ref Enq: 0,0 ms]
      [Redirty Cards: 0,0 ms]
      [Humongous Register: 0,0 ms]
      [Humongous Reclaim: 0,0 ms]
      [Free CSet: 0,0 ms]
   [Eden: 46,0M(46,0M)->0,0B(46,0M) Survivors: 5120,0K->5120,0K Heap: 199,3M(1024,0M)->153,3M(1024,0M)]
 [Times: user=0,02 sys=0,00, real=0,01 secs] 
2019-06-05T19:33:06.638-0100: 25866,762: [GC pause (G1 Evacuation Pause) (young), 0,0474490 secs]
   [Parallel Time: 28,4 ms, GC Workers: 4]
      [GC Worker Start (ms): Min: 25866778,5, Avg: 25866778,6, Max: 25866778,9, Diff: 0,3]
      [Ext Root Scanning (ms): Min: 3,8, Avg: 6,3, Max: 11,1, Diff: 7,2, Sum: 25,1]
      [Update RS (ms): Min: 0,6, Avg: 6,5, Max: 12,2, Diff: 11,5, Sum: 26,1]
         [Processed Buffers: Min: 2, Avg: 10,5, Max: 18, Diff: 16, Sum: 42]
      [Scan RS (ms): Min: 0,0, Avg: 0,0, Max: 0,0, Diff: 0,0, Sum: 0,0]
      [Code Root Scanning (ms): Min: 0,0, Avg: 0,1, Max: 0,3, Diff: 0,3, Sum: 0,3]
      [Object Copy (ms): Min: 10,9, Avg: 14,6, Max: 16,7, Diff: 5,8, Sum: 58,3]
      [Termination (ms): Min: 0,0, Avg: 0,6, Max: 1,0, Diff: 1,0, Sum: 2,4]
         [Termination Attempts: Min: 1, Avg: 1,0, Max: 1, Diff: 0, Sum: 4]
      [GC Worker Other (ms): Min: 0,0, Avg: 0,1, Max: 0,3, Diff: 0,3, Sum: 0,4]
      [GC Worker Total (ms): Min: 28,0, Avg: 28,2, Max: 28,3, Diff: 0,3, Sum: 112,7]
      [GC Worker End (ms): Min: 25866806,8, Avg: 25866806,8, Max: 25866806,8, Diff: 0,0]
   [Code Root Fixup: 0,0 ms]
   [Code Root Purge: 0,0 ms]
   [Clear CT: 0,1 ms]
   [Other: 19,0 ms]
      [Choose CSet: 0,0 ms]
      [Ref Proc: 0,2 ms]
      [Ref Enq: 0,0 ms]
      [Redirty Cards: 0,0 ms]
      [Humongous Register: 14,3 ms]
      [Humongous Reclaim: 0,0 ms]
      [Free CSet: 1,8 ms]
   [Eden: 46,0M(46,0M)->0,0B(47,0M) Survivors: 5120,0K->4096,0K Heap: 199,3M(1024,0M)->152,8M(1024,0M)]
 [Times: user=0,02 sys=0,04, real=0,05 secs] 
2019-06-05T19:39:19.329-0100: 26239,455: [GC pause (G1 Evacuation Pause) (young), 0,1116660 secs]
   [Parallel Time: 93,6 ms, GC Workers: 4]
      [GC Worker Start (ms): Min: 26239470,0, Avg: 26239470,0, Max: 26239470,1, Diff: 0,1]
      [Ext Root Scanning (ms): Min: 8,3, Avg: 10,5, Max: 16,9, Diff: 8,6, Sum: 42,0]
      [Update RS (ms): Min: 0,1, Avg: 7,1, Max: 12,7, Diff: 12,6, Sum: 28,4]
         [Processed Buffers: Min: 1, Avg: 9,2, Max: 16, Diff: 15, Sum: 37]
      [Scan RS (ms): Min: 0,0, Avg: 0,0, Max: 0,1, Diff: 0,1, Sum: 0,1]
      [Code Root Scanning (ms): Min: 0,0, Avg: 4,4, Max: 9,9, Diff: 9,9, Sum: 17,7]
      [Object Copy (ms): Min: 63,9, Avg: 69,1, Max: 75,2, Diff: 11,3, Sum: 276,5]
      [Termination (ms): Min: 0,0, Avg: 1,7, Max: 2,6, Diff: 2,6, Sum: 6,8]
         [Termination Attempts: Min: 1, Avg: 1,2, Max: 2, Diff: 1, Sum: 5]
      [GC Worker Other (ms): Min: 0,0, Avg: 0,1, Max: 0,1, Diff: 0,1, Sum: 0,2]
      [GC Worker Total (ms): Min: 92,6, Avg: 92,9, Max: 93,3, Diff: 0,7, Sum: 371,7]
      [GC Worker End (ms): Min: 26239562,6, Avg: 26239563,0, Max: 26239563,4, Diff: 0,8]
   [Code Root Fixup: 0,0 ms]
   [Code Root Purge: 0,0 ms]
   [Clear CT: 1,9 ms]
   [Other: 16,1 ms]
      [Choose CSet: 0,0 ms]
      [Ref Proc: 0,6 ms]
      [Ref Enq: 0,0 ms]
      [Redirty Cards: 0,1 ms]
      [Humongous Register: 10,3 ms]
      [Humongous Reclaim: 0,0 ms]
      [Free CSet: 0,4 ms]
   [Eden: 47,0M(47,0M)->0,0B(46,0M) Survivors: 4096,0K->5120,0K Heap: 199,8M(1024,0M)->153,8M(1024,0M)]
 [Times: user=0,04 sys=0,10, real=0,12 secs] 
2019-06-05T19:45:26.035-0100: 26608,288: [GC pause (G1 Evacuation Pause) (young), 0,0290747 secs]
   [Parallel Time: 28,4 ms, GC Workers: 4]
      [GC Worker Start (ms): Min: 26608288,0, Avg: 26608288,1, Max: 26608288,1, Diff: 0,0]
      [Ext Root Scanning (ms): Min: 0,3, Avg: 1,4, Max: 2,5, Diff: 2,2, Sum: 5,5]
      [Update RS (ms): Min: 0,5, Avg: 1,2, Max: 2,1, Diff: 1,6, Sum: 4,7]
         [Processed Buffers: Min: 1, Avg: 9,8, Max: 21, Diff: 20, Sum: 39]
      [Scan RS (ms): Min: 0,0, Avg: 0,0, Max: 0,0, Diff: 0,0, Sum: 0,0]
      [Code Root Scanning (ms): Min: 0,0, Avg: 0,0, Max: 0,1, Diff: 0,1, Sum: 0,1]
      [Object Copy (ms): Min: 24,5, Avg: 25,3, Max: 25,8, Diff: 1,3, Sum: 101,1]
      [Termination (ms): Min: 0,0, Avg: 0,5, Max: 0,8, Diff: 0,8, Sum: 1,9]
         [Termination Attempts: Min: 1, Avg: 1,0, Max: 1, Diff: 0, Sum: 4]
      [GC Worker Other (ms): Min: 0,0, Avg: 0,0, Max: 0,1, Diff: 0,1, Sum: 0,1]
      [GC Worker Total (ms): Min: 28,3, Avg: 28,4, Max: 28,4, Diff: 0,1, Sum: 113,4]
      [GC Worker End (ms): Min: 26608316,4, Avg: 26608316,4, Max: 26608316,4, Diff: 0,0]
   [Code Root Fixup: 0,0 ms]
   [Code Root Purge: 0,0 ms]
   [Clear CT: 0,1 ms]
   [Other: 0,6 ms]
      [Choose CSet: 0,0 ms]
      [Ref Proc: 0,2 ms]
      [Ref Enq: 0,0 ms]
      [Redirty Cards: 0,1 ms]
      [Humongous Register: 0,0 ms]
      [Humongous Reclaim: 0,0 ms]
      [Free CSet: 0,1 ms]
   [Eden: 46,0M(46,0M)->0,0B(46,0M) Survivors: 5120,0K->5120,0K Heap: 199,8M(1024,0M)->153,8M(1024,0M)]
 [Times: user=0,02 sys=0,02, real=0,03 secs] 
2019-06-05T19:51:29.170-0100: 26971,413: [GC pause (G1 Evacuation Pause) (young), 0,0153221 secs]
   [Parallel Time: 14,7 ms, GC Workers: 4]
      [GC Worker Start (ms): Min: 26971412,9, Avg: 26971413,0, Max: 26971413,0, Diff: 0,1]
      [Ext Root Scanning (ms): Min: 0,7, Avg: 1,2, Max: 2,6, Diff: 1,9, Sum: 4,7]
      [Update RS (ms): Min: 0,0, Avg: 0,9, Max: 1,3, Diff: 1,3, Sum: 3,7]
         [Processed Buffers: Min: 0, Avg: 9,5, Max: 25, Diff: 25, Sum: 38]
      [Scan RS (ms): Min: 0,0, Avg: 0,0, Max: 0,0, Diff: 0,0, Sum: 0,0]
      [Code Root Scanning (ms): Min: 0,0, Avg: 1,7, Max: 3,4, Diff: 3,4, Sum: 6,7]
      [Object Copy (ms): Min: 8,6, Avg: 10,3, Max: 12,1, Diff: 3,5, Sum: 41,2]
      [Termination (ms): Min: 0,0, Avg: 0,6, Max: 0,9, Diff: 0,9, Sum: 2,2]
         [Termination Attempts: Min: 1, Avg: 1,2, Max: 2, Diff: 1, Sum: 5]
      [GC Worker Other (ms): Min: 0,0, Avg: 0,0, Max: 0,0, Diff: 0,0, Sum: 0,0]
      [GC Worker Total (ms): Min: 14,6, Avg: 14,7, Max: 14,7, Diff: 0,1, Sum: 58,6]
      [GC Worker End (ms): Min: 26971427,6, Avg: 26971427,6, Max: 26971427,6, Diff: 0,0]
   [Code Root Fixup: 0,0 ms]
   [Code Root Purge: 0,0 ms]
   [Clear CT: 0,0 ms]
   [Other: 0,5 ms]
      [Choose CSet: 0,0 ms]
      [Ref Proc: 0,2 ms]
      [Ref Enq: 0,0 ms]
      [Redirty Cards: 0,1 ms]
      [Humongous Register: 0,0 ms]
      [Humongous Reclaim: 0,0 ms]
      [Free CSet: 0,0 ms]
   [Eden: 46,0M(46,0M)->0,0B(46,0M) Survivors: 5120,0K->5120,0K Heap: 199,8M(1024,0M)->153,9M(1024,0M)]
 [Times: user=0,03 sys=0,01, real=0,01 secs] 
2019-06-05T19:57:32.509-0100: 27334,742: [GC pause (G1 Evacuation Pause) (young), 0,0146438 secs]
   [Parallel Time: 14,0 ms, GC Workers: 4]
      [GC Worker Start (ms): Min: 27334742,3, Avg: 27334742,4, Max: 27334742,4, Diff: 0,0]
      [Ext Root Scanning (ms): Min: 0,5, Avg: 2,0, Max: 3,5, Diff: 3,0, Sum: 7,9]
      [Update RS (ms): Min: 0,0, Avg: 1,0, Max: 1,4, Diff: 1,4, Sum: 4,1]
         [Processed Buffers: Min: 0, Avg: 10,0, Max: 22, Diff: 22, Sum: 40]
      [Scan RS (ms): Min: 0,0, Avg: 0,0, Max: 0,0, Diff: 0,0, Sum: 0,0]
      [Code Root Scanning (ms): Min: 0,0, Avg: 0,0, Max: 0,1, Diff: 0,1, Sum: 0,2]
      [Object Copy (ms): Min: 9,5, Avg: 9,9, Max: 10,4, Diff: 0,9, Sum: 39,8]
      [Termination (ms): Min: 0,0, Avg: 0,5, Max: 1,0, Diff: 1,0, Sum: 2,1]
         [Termination Attempts: Min: 1, Avg: 1,0, Max: 1, Diff: 0, Sum: 4]
      [GC Worker Other (ms): Min: 0,0, Avg: 0,4, Max: 1,5, Diff: 1,5, Sum: 1,5]
      [GC Worker Total (ms): Min: 13,9, Avg: 13,9, Max: 13,9, Diff: 0,0, Sum: 55,6]
      [GC Worker End (ms): Min: 27334756,2, Avg: 27334756,2, Max: 27334756,2, Diff: 0,0]
   [Code Root Fixup: 0,0 ms]
   [Code Root Purge: 0,0 ms]
   [Clear CT: 0,1 ms]
   [Other: 0,5 ms]
      [Choose CSet: 0,0 ms]
      [Ref Proc: 0,1 ms]
      [Ref Enq: 0,0 ms]
      [Redirty Cards: 0,1 ms]
      [Humongous Register: 0,0 ms]
      [Humongous Reclaim: 0,0 ms]
      [Free CSet: 0,1 ms]
   [Eden: 46,0M(46,0M)->0,0B(46,0M) Survivors: 5120,0K->5120,0K Heap: 199,9M(1024,0M)->154,0M(1024,0M)]
 [Times: user=0,03 sys=0,01, real=0,02 secs] 
2019-06-05T20:03:36.767-0100: 27698,991: [GC pause (G1 Evacuation Pause) (young), 0,0077616 secs]
   [Parallel Time: 7,2 ms, GC Workers: 4]
      [GC Worker Start (ms): Min: 27698991,1, Avg: 27698991,2, Max: 27698991,2, Diff: 0,1]
      [Ext Root Scanning (ms): Min: 0,7, Avg: 1,4, Max: 3,4, Diff: 2,7, Sum: 5,7]
      [Update RS (ms): Min: 0,0, Avg: 1,3, Max: 1,8, Diff: 1,8, Sum: 5,3]
         [Processed Buffers: Min: 0, Avg: 9,8, Max: 18, Diff: 18, Sum: 39]
      [Scan RS (ms): Min: 0,0, Avg: 0,0, Max: 0,0, Diff: 0,0, Sum: 0,0]
      [Code Root Scanning (ms): Min: 0,0, Avg: 0,0, Max: 0,1, Diff: 0,1, Sum: 0,1]
      [Object Copy (ms): Min: 3,6, Avg: 4,2, Max: 4,5, Diff: 0,9, Sum: 16,9]
      [Termination (ms): Min: 0,0, Avg: 0,0, Max: 0,0, Diff: 0,0, Sum: 0,0]
         [Termination Attempts: Min: 1, Avg: 1,0, Max: 1, Diff: 0, Sum: 4]
      [GC Worker Other (ms): Min: 0,0, Avg: 0,0, Max: 0,0, Diff: 0,0, Sum: 0,1]
      [GC Worker Total (ms): Min: 7,0, Avg: 7,0, Max: 7,1, Diff: 0,1, Sum: 28,1]
      [GC Worker End (ms): Min: 27698998,2, Avg: 27698998,2, Max: 27698998,2, Diff: 0,0]
   [Code Root Fixup: 0,0 ms]
   [Code Root Purge: 0,0 ms]
   [Clear CT: 0,1 ms]
   [Other: 0,5 ms]
      [Choose CSet: 0,0 ms]
      [Ref Proc: 0,1 ms]
      [Ref Enq: 0,0 ms]
      [Redirty Cards: 0,1 ms]
      [Humongous Register: 0,0 ms]
      [Humongous Reclaim: 0,0 ms]
      [Free CSet: 0,0 ms]
   [Eden: 46,0M(46,0M)->0,0B(47,0M) Survivors: 5120,0K->4096,0K Heap: 200,0M(1024,0M)->153,4M(1024,0M)]
 [Times: user=0,03 sys=0,00, real=0,01 secs] 
2019-06-05T20:09:50.692-0100: 28072,892: [GC pause (G1 Evacuation Pause) (young), 0,0592205 secs]
   [Parallel Time: 46,9 ms, GC Workers: 4]
      [GC Worker Start (ms): Min: 28072902,7, Avg: 28072902,9, Max: 28072903,1, Diff: 0,4]
      [Ext Root Scanning (ms): Min: 8,6, Avg: 12,2, Max: 20,6, Diff: 12,0, Sum: 49,0]
      [Update RS (ms): Min: 0,0, Avg: 8,0, Max: 11,7, Diff: 11,7, Sum: 31,9]
         [Processed Buffers: Min: 0, Avg: 9,8, Max: 33, Diff: 33, Sum: 39]
      [Scan RS (ms): Min: 0,0, Avg: 0,0, Max: 0,1, Diff: 0,1, Sum: 0,1]
      [Code Root Scanning (ms): Min: 0,0, Avg: 0,0, Max: 0,0, Diff: 0,0, Sum: 0,0]
      [Object Copy (ms): Min: 22,3, Avg: 24,2, Max: 28,2, Diff: 6,0, Sum: 96,9]
      [Termination (ms): Min: 0,0, Avg: 1,9, Max: 3,6, Diff: 3,6, Sum: 7,5]
         [Termination Attempts: Min: 1, Avg: 1,0, Max: 1, Diff: 0, Sum: 4]
      [GC Worker Other (ms): Min: 0,0, Avg: 0,1, Max: 0,2, Diff: 0,1, Sum: 0,3]
      [GC Worker Total (ms): Min: 46,2, Avg: 46,4, Max: 46,6, Diff: 0,4, Sum: 185,7]
      [GC Worker End (ms): Min: 28072949,3, Avg: 28072949,3, Max: 28072949,3, Diff: 0,0]
   [Code Root Fixup: 0,0 ms]
   [Code Root Purge: 0,0 ms]
   [Clear CT: 0,1 ms]
   [Other: 12,3 ms]
      [Choose CSet: 0,0 ms]
      [Ref Proc: 1,2 ms]
      [Ref Enq: 0,0 ms]
      [Redirty Cards: 0,0 ms]
      [Humongous Register: 7,2 ms]
      [Humongous Reclaim: 0,0 ms]
      [Free CSet: 0,3 ms]
   [Eden: 47,0M(47,0M)->0,0B(46,0M) Survivors: 4096,0K->5120,0K Heap: 200,4M(1024,0M)->153,8M(1024,0M)]
 [Times: user=0,04 sys=0,05, real=0,06 secs] 
2019-06-05T20:15:57.597-0100: 28439,786: [GC pause (G1 Evacuation Pause) (young), 0,0100964 secs]
   [Parallel Time: 9,4 ms, GC Workers: 4]
      [GC Worker Start (ms): Min: 28439786,6, Avg: 28439787,3, Max: 28439788,6, Diff: 2,0]
      [Ext Root Scanning (ms): Min: 0,0, Avg: 0,4, Max: 0,9, Diff: 0,9, Sum: 1,7]
      [Update RS (ms): Min: 0,0, Avg: 0,5, Max: 0,7, Diff: 0,7, Sum: 1,9]
         [Processed Buffers: Min: 0, Avg: 9,5, Max: 17, Diff: 17, Sum: 38]
      [Scan RS (ms): Min: 0,0, Avg: 0,0, Max: 0,0, Diff: 0,0, Sum: 0,1]
      [Code Root Scanning (ms): Min: 0,0, Avg: 0,0, Max: 0,0, Diff: 0,0, Sum: 0,0]
      [Object Copy (ms): Min: 6,6, Avg: 7,1, Max: 7,8, Diff: 1,2, Sum: 28,3]
      [Termination (ms): Min: 0,0, Avg: 0,5, Max: 0,7, Diff: 0,7, Sum: 2,1]
         [Termination Attempts: Min: 1, Avg: 1,0, Max: 1, Diff: 0, Sum: 4]
      [GC Worker Other (ms): Min: 0,0, Avg: 0,0, Max: 0,0, Diff: 0,0, Sum: 0,0]
      [GC Worker Total (ms): Min: 7,3, Avg: 8,6, Max: 9,4, Diff: 2,0, Sum: 34,2]
      [GC Worker End (ms): Min: 28439795,9, Avg: 28439795,9, Max: 28439795,9, Diff: 0,0]
   [Code Root Fixup: 0,0 ms]
   [Code Root Purge: 0,0 ms]
   [Clear CT: 0,1 ms]
   [Other: 0,6 ms]
      [Choose CSet: 0,0 ms]
      [Ref Proc: 0,2 ms]
      [Ref Enq: 0,0 ms]
      [Redirty Cards: 0,1 ms]
      [Humongous Register: 0,0 ms]
      [Humongous Reclaim: 0,0 ms]
      [Free CSet: 0,1 ms]
   [Eden: 46,0M(46,0M)->0,0B(46,0M) Survivors: 5120,0K->5120,0K Heap: 199,8M(1024,0M)->153,9M(1024,0M)]
 [Times: user=0,02 sys=0,00, real=0,01 secs] 
2019-06-05T20:21:59.699-0100: 28801,877: [GC pause (G1 Evacuation Pause) (young), 0,0318239 secs]
   [Parallel Time: 30,0 ms, GC Workers: 4]
      [GC Worker Start (ms): Min: 28801877,7, Avg: 28801877,7, Max: 28801877,8, Diff: 0,0]
      [Ext Root Scanning (ms): Min: 1,2, Avg: 3,1, Max: 5,8, Diff: 4,5, Sum: 12,2]
      [Update RS (ms): Min: 0,0, Avg: 1,5, Max: 2,7, Diff: 2,7, Sum: 5,8]
         [Processed Buffers: Min: 0, Avg: 9,5, Max: 23, Diff: 23, Sum: 38]
      [Scan RS (ms): Min: 0,0, Avg: 0,0, Max: 0,0, Diff: 0,0, Sum: 0,0]
      [Code Root Scanning (ms): Min: 0,0, Avg: 0,0, Max: 0,0, Diff: 0,0, Sum: 0,0]
      [Object Copy (ms): Min: 21,9, Avg: 22,2, Max: 22,8, Diff: 0,9, Sum: 88,6]
      [Termination (ms): Min: 2,2, Avg: 2,9, Max: 3,8, Diff: 1,6, Sum: 11,8]
         [Termination Attempts: Min: 16, Avg: 16,8, Max: 18, Diff: 2, Sum: 67]
      [GC Worker Other (ms): Min: 0,0, Avg: 0,3, Max: 1,1, Diff: 1,1, Sum: 1,2]
      [GC Worker Total (ms): Min: 29,9, Avg: 29,9, Max: 30,0, Diff: 0,1, Sum: 119,7]
      [GC Worker End (ms): Min: 28801907,7, Avg: 28801907,7, Max: 28801907,7, Diff: 0,0]
   [Code Root Fixup: 0,0 ms]
   [Code Root Purge: 0,0 ms]
   [Clear CT: 0,1 ms]
   [Other: 1,7 ms]
      [Choose CSet: 0,0 ms]
      [Ref Proc: 1,2 ms]
      [Ref Enq: 0,0 ms]
      [Redirty Cards: 0,1 ms]
      [Humongous Register: 0,1 ms]
      [Humongous Reclaim: 0,0 ms]
      [Free CSet: 0,1 ms]
   [Eden: 46,0M(46,0M)->0,0B(46,0M) Survivors: 5120,0K->5120,0K Heap: 199,9M(1024,0M)->153,9M(1024,0M)]
 [Times: user=0,03 sys=0,02, real=0,04 secs] 
2019-06-05T20:27:37.608-0100: 29139,770: [GC pause (G1 Evacuation Pause) (young), 0,0096843 secs]
   [Parallel Time: 9,0 ms, GC Workers: 4]
      [GC Worker Start (ms): Min: 29139770,0, Avg: 29139770,0, Max: 29139770,3, Diff: 0,3]
      [Ext Root Scanning (ms): Min: 0,4, Avg: 1,1, Max: 2,6, Diff: 2,2, Sum: 4,3]
      [Update RS (ms): Min: 0,0, Avg: 0,7, Max: 1,4, Diff: 1,4, Sum: 2,8]
         [Processed Buffers: Min: 0, Avg: 9,8, Max: 25, Diff: 25, Sum: 39]
      [Scan RS (ms): Min: 0,0, Avg: 0,1, Max: 0,3, Diff: 0,3, Sum: 0,3]
      [Code Root Scanning (ms): Min: 0,0, Avg: 0,0, Max: 0,0, Diff: 0,0, Sum: 0,0]
      [Object Copy (ms): Min: 5,5, Avg: 6,5, Max: 7,5, Diff: 2,0, Sum: 26,2]
      [Termination (ms): Min: 0,0, Avg: 0,5, Max: 0,8, Diff: 0,8, Sum: 1,9]
         [Termination Attempts: Min: 1, Avg: 1,2, Max: 2, Diff: 1, Sum: 5]
      [GC Worker Other (ms): Min: 0,0, Avg: 0,0, Max: 0,0, Diff: 0,0, Sum: 0,0]
      [GC Worker Total (ms): Min: 8,6, Avg: 8,9, Max: 9,0, Diff: 0,3, Sum: 35,5]
      [GC Worker End (ms): Min: 29139778,9, Avg: 29139778,9, Max: 29139778,9, Diff: 0,0]
   [Code Root Fixup: 0,0 ms]
   [Code Root Purge: 0,0 ms]
   [Clear CT: 0,0 ms]
   [Other: 0,6 ms]
      [Choose CSet: 0,0 ms]
      [Ref Proc: 0,3 ms]
      [Ref Enq: 0,0 ms]
      [Redirty Cards: 0,0 ms]
      [Humongous Register: 0,0 ms]
      [Humongous Reclaim: 0,0 ms]
      [Free CSet: 0,0 ms]
   [Eden: 46,0M(46,0M)->0,0B(46,0M) Survivors: 5120,0K->5120,0K Heap: 199,9M(1024,0M)->154,4M(1024,0M)]
 [Times: user=0,03 sys=0,01, real=0,01 secs] 
2019-06-05T20:33:43.551-0100: 29505,701: [GC pause (G1 Evacuation Pause) (young), 0,0179818 secs]
   [Parallel Time: 15,1 ms, GC Workers: 4]
      [GC Worker Start (ms): Min: 29505702,7, Avg: 29505702,7, Max: 29505702,7, Diff: 0,1]
      [Ext Root Scanning (ms): Min: 0,7, Avg: 0,7, Max: 0,7, Diff: 0,1, Sum: 2,8]
      [Update RS (ms): Min: 0,8, Avg: 1,8, Max: 2,8, Diff: 2,0, Sum: 7,3]
         [Processed Buffers: Min: 1, Avg: 9,5, Max: 27, Diff: 26, Sum: 38]
      [Scan RS (ms): Min: 0,0, Avg: 0,0, Max: 0,0, Diff: 0,0, Sum: 0,0]
      [Code Root Scanning (ms): Min: 0,0, Avg: 0,0, Max: 0,0, Diff: 0,0, Sum: 0,0]
      [Object Copy (ms): Min: 10,7, Avg: 11,9, Max: 13,3, Diff: 2,7, Sum: 47,8]
      [Termination (ms): Min: 0,0, Avg: 0,4, Max: 0,7, Diff: 0,7, Sum: 1,7]
         [Termination Attempts: Min: 1, Avg: 1,0, Max: 1, Diff: 0, Sum: 4]
      [GC Worker Other (ms): Min: 0,0, Avg: 0,0, Max: 0,1, Diff: 0,0, Sum: 0,1]
      [GC Worker Total (ms): Min: 14,9, Avg: 14,9, Max: 15,0, Diff: 0,0, Sum: 59,8]
      [GC Worker End (ms): Min: 29505717,6, Avg: 29505717,6, Max: 29505717,7, Diff: 0,0]
   [Code Root Fixup: 0,0 ms]
   [Code Root Purge: 0,0 ms]
   [Clear CT: 0,0 ms]
   [Other: 2,8 ms]
      [Choose CSet: 0,0 ms]
      [Ref Proc: 1,3 ms]
      [Ref Enq: 0,0 ms]
      [Redirty Cards: 0,1 ms]
      [Humongous Register: 0,0 ms]
      [Humongous Reclaim: 0,0 ms]
      [Free CSet: 0,0 ms]
   [Eden: 46,0M(46,0M)->0,0B(46,0M) Survivors: 5120,0K->5120,0K Heap: 200,4M(1024,0M)->154,4M(1024,0M)]
 [Times: user=0,02 sys=0,01, real=0,01 secs] 
2019-06-05T20:39:47.374-0100: 29869,514: [GC pause (G1 Evacuation Pause) (young), 0,0108253 secs]
   [Parallel Time: 10,3 ms, GC Workers: 4]
      [GC Worker Start (ms): Min: 29869513,6, Avg: 29869513,7, Max: 29869513,7, Diff: 0,1]
      [Ext Root Scanning (ms): Min: 0,4, Avg: 1,0, Max: 2,2, Diff: 1,8, Sum: 4,0]
      [Update RS (ms): Min: 0,0, Avg: 0,8, Max: 1,6, Diff: 1,5, Sum: 3,2]
         [Processed Buffers: Min: 2, Avg: 9,2, Max: 18, Diff: 16, Sum: 37]
      [Scan RS (ms): Min: 0,0, Avg: 0,0, Max: 0,0, Diff: 0,0, Sum: 0,1]
      [Code Root Scanning (ms): Min: 0,0, Avg: 0,0, Max: 0,0, Diff: 0,0, Sum: 0,0]
      [Object Copy (ms): Min: 7,0, Avg: 7,8, Max: 8,6, Diff: 1,6, Sum: 31,3]
      [Termination (ms): Min: 0,0, Avg: 0,5, Max: 0,9, Diff: 0,9, Sum: 2,1]
         [Termination Attempts: Min: 1, Avg: 1,2, Max: 2, Diff: 1, Sum: 5]
      [GC Worker Other (ms): Min: 0,0, Avg: 0,0, Max: 0,0, Diff: 0,0, Sum: 0,1]
      [GC Worker Total (ms): Min: 10,2, Avg: 10,2, Max: 10,2, Diff: 0,1, Sum: 40,8]
      [GC Worker End (ms): Min: 29869523,9, Avg: 29869523,9, Max: 29869523,9, Diff: 0,0]
   [Code Root Fixup: 0,0 ms]
   [Code Root Purge: 0,0 ms]
   [Clear CT: 0,1 ms]
   [Other: 0,5 ms]
      [Choose CSet: 0,0 ms]
      [Ref Proc: 0,2 ms]
      [Ref Enq: 0,0 ms]
      [Redirty Cards: 0,1 ms]
      [Humongous Register: 0,0 ms]
      [Humongous Reclaim: 0,0 ms]
      [Free CSet: 0,0 ms]
   [Eden: 46,0M(46,0M)->0,0B(47,0M) Survivors: 5120,0K->4096,0K Heap: 200,4M(1024,0M)->152,9M(1024,0M)]
 [Times: user=0,02 sys=0,00, real=0,01 secs] 
2019-06-05T20:46:03.080-0100: 30245,203: [GC pause (G1 Evacuation Pause) (young), 0,0127974 secs]
   [Parallel Time: 12,2 ms, GC Workers: 4]
      [GC Worker Start (ms): Min: 30245203,2, Avg: 30245203,3, Max: 30245203,3, Diff: 0,1]
      [Ext Root Scanning (ms): Min: 1,3, Avg: 2,1, Max: 2,5, Diff: 1,2, Sum: 8,4]
      [Update RS (ms): Min: 1,6, Avg: 2,6, Max: 3,6, Diff: 2,0, Sum: 10,3]
         [Processed Buffers: Min: 1, Avg: 9,5, Max: 34, Diff: 33, Sum: 38]
      [Scan RS (ms): Min: 0,0, Avg: 0,0, Max: 0,0, Diff: 0,0, Sum: 0,0]
      [Code Root Scanning (ms): Min: 0,0, Avg: 0,0, Max: 0,0, Diff: 0,0, Sum: 0,0]
      [Object Copy (ms): Min: 6,2, Avg: 7,0, Max: 7,7, Diff: 1,5, Sum: 28,1]
      [Termination (ms): Min: 0,0, Avg: 0,0, Max: 0,0, Diff: 0,0, Sum: 0,0]
         [Termination Attempts: Min: 1, Avg: 1,2, Max: 2, Diff: 1, Sum: 5]
      [GC Worker Other (ms): Min: 0,0, Avg: 0,4, Max: 1,5, Diff: 1,5, Sum: 1,6]
      [GC Worker Total (ms): Min: 12,1, Avg: 12,1, Max: 12,1, Diff: 0,1, Sum: 48,4]
      [GC Worker End (ms): Min: 30245215,4, Avg: 30245215,4, Max: 30245215,4, Diff: 0,0]
   [Code Root Fixup: 0,0 ms]
   [Code Root Purge: 0,0 ms]
   [Clear CT: 0,1 ms]
   [Other: 0,5 ms]
      [Choose CSet: 0,0 ms]
      [Ref Proc: 0,1 ms]
      [Ref Enq: 0,0 ms]
      [Redirty Cards: 0,1 ms]
      [Humongous Register: 0,0 ms]
      [Humongous Reclaim: 0,0 ms]
      [Free CSet: 0,1 ms]
   [Eden: 47,0M(47,0M)->0,0B(105,0M) Survivors: 4096,0K->4096,0K Heap: 199,9M(1024,0M)->153,4M(1024,0M)]
 [Times: user=0,02 sys=0,01, real=0,01 secs] 
2019-06-05T20:59:25.256-0100: 31047,347: [GC pause (G1 Evacuation Pause) (young), 0,0348173 secs]
   [Parallel Time: 32,7 ms, GC Workers: 4]
      [GC Worker Start (ms): Min: 31047347,6, Avg: 31047347,7, Max: 31047347,7, Diff: 0,1]
      [Ext Root Scanning (ms): Min: 2,0, Avg: 2,0, Max: 2,1, Diff: 0,1, Sum: 8,1]
      [Update RS (ms): Min: 0,7, Avg: 0,7, Max: 0,7, Diff: 0,1, Sum: 2,7]
         [Processed Buffers: Min: 1, Avg: 9,5, Max: 18, Diff: 17, Sum: 38]
      [Scan RS (ms): Min: 0,0, Avg: 0,0, Max: 0,1, Diff: 0,1, Sum: 0,1]
      [Code Root Scanning (ms): Min: 0,0, Avg: 0,0, Max: 0,0, Diff: 0,0, Sum: 0,0]
      [Object Copy (ms): Min: 29,1, Avg: 29,3, Max: 29,7, Diff: 0,7, Sum: 117,1]
      [Termination (ms): Min: 0,0, Avg: 0,5, Max: 0,7, Diff: 0,7, Sum: 1,9]
         [Termination Attempts: Min: 1, Avg: 1,0, Max: 1, Diff: 0, Sum: 4]
      [GC Worker Other (ms): Min: 0,0, Avg: 0,0, Max: 0,0, Diff: 0,0, Sum: 0,1]
      [GC Worker Total (ms): Min: 32,5, Avg: 32,5, Max: 32,6, Diff: 0,1, Sum: 130,1]
      [GC Worker End (ms): Min: 31047380,2, Avg: 31047380,2, Max: 31047380,2, Diff: 0,0]
   [Code Root Fixup: 0,0 ms]
   [Code Root Purge: 0,0 ms]
   [Clear CT: 0,1 ms]
   [Other: 2,0 ms]
      [Choose CSet: 0,0 ms]
      [Ref Proc: 1,4 ms]
      [Ref Enq: 0,0 ms]
      [Redirty Cards: 0,0 ms]
      [Humongous Register: 0,1 ms]
      [Humongous Reclaim: 0,0 ms]
      [Free CSet: 0,1 ms]
   [Eden: 101,0M(101,0M)->0,0B(47,0M) Survivors: 4096,0K->4096,0K Heap: 254,4M(1024,0M)->153,4M(1024,0M)]
 [Times: user=0,02 sys=0,03, real=0,04 secs] 
2019-06-05T21:05:33.919-0100: 31416,000: [GC pause (G1 Evacuation Pause) (young), 0,0082160 secs]
   [Parallel Time: 7,7 ms, GC Workers: 4]
      [GC Worker Start (ms): Min: 31416000,0, Avg: 31416000,1, Max: 31416000,1, Diff: 0,1]
      [Ext Root Scanning (ms): Min: 0,7, Avg: 0,9, Max: 1,4, Diff: 0,7, Sum: 3,7]
      [Update RS (ms): Min: 0,2, Avg: 0,9, Max: 1,7, Diff: 1,5, Sum: 3,7]
         [Processed Buffers: Min: 1, Avg: 9,5, Max: 29, Diff: 28, Sum: 38]
      [Scan RS (ms): Min: 0,0, Avg: 0,0, Max: 0,0, Diff: 0,0, Sum: 0,0]
      [Code Root Scanning (ms): Min: 0,0, Avg: 0,0, Max: 0,0, Diff: 0,0, Sum: 0,0]
      [Object Copy (ms): Min: 5,0, Avg: 5,7, Max: 5,9, Diff: 0,9, Sum: 22,6]
      [Termination (ms): Min: 0,0, Avg: 0,0, Max: 0,0, Diff: 0,0, Sum: 0,0]
         [Termination Attempts: Min: 1, Avg: 1,0, Max: 1, Diff: 0, Sum: 4]
      [GC Worker Other (ms): Min: 0,0, Avg: 0,0, Max: 0,0, Diff: 0,0, Sum: 0,1]
      [GC Worker Total (ms): Min: 7,5, Avg: 7,5, Max: 7,6, Diff: 0,1, Sum: 30,1]
      [GC Worker End (ms): Min: 31416007,6, Avg: 31416007,6, Max: 31416007,6, Diff: 0,0]
   [Code Root Fixup: 0,0 ms]
   [Code Root Purge: 0,0 ms]
   [Clear CT: 0,1 ms]
   [Other: 0,5 ms]
      [Choose CSet: 0,0 ms]
      [Ref Proc: 0,2 ms]
      [Ref Enq: 0,0 ms]
      [Redirty Cards: 0,1 ms]
      [Humongous Register: 0,0 ms]
      [Humongous Reclaim: 0,0 ms]
      [Free CSet: 0,0 ms]
   [Eden: 47,0M(47,0M)->0,0B(49,0M) Survivors: 4096,0K->5120,0K Heap: 200,4M(1024,0M)->153,9M(1024,0M)]
 [Times: user=0,02 sys=0,01, real=0,01 secs] 
2019-06-05T21:12:07.948-0100: 31810,017: [GC pause (G1 Evacuation Pause) (young), 0,0088855 secs]
   [Parallel Time: 8,3 ms, GC Workers: 4]
      [GC Worker Start (ms): Min: 31810017,0, Avg: 31810017,0, Max: 31810017,0, Diff: 0,0]
      [Ext Root Scanning (ms): Min: 0,7, Avg: 0,7, Max: 0,7, Diff: 0,1, Sum: 2,8]
      [Update RS (ms): Min: 0,6, Avg: 0,7, Max: 0,7, Diff: 0,1, Sum: 2,7]
         [Processed Buffers: Min: 1, Avg: 9,5, Max: 16, Diff: 15, Sum: 38]
      [Scan RS (ms): Min: 0,0, Avg: 0,0, Max: 0,0, Diff: 0,0, Sum: 0,1]
      [Code Root Scanning (ms): Min: 0,0, Avg: 0,0, Max: 0,0, Diff: 0,0, Sum: 0,0]
      [Object Copy (ms): Min: 6,4, Avg: 6,5, Max: 6,8, Diff: 0,4, Sum: 26,1]
      [Termination (ms): Min: 0,0, Avg: 0,3, Max: 0,5, Diff: 0,5, Sum: 1,2]
         [Termination Attempts: Min: 1, Avg: 1,0, Max: 1, Diff: 0, Sum: 4]
      [GC Worker Other (ms): Min: 0,0, Avg: 0,0, Max: 0,0, Diff: 0,0, Sum: 0,1]
      [GC Worker Total (ms): Min: 8,2, Avg: 8,2, Max: 8,3, Diff: 0,0, Sum: 32,9]
      [GC Worker End (ms): Min: 31810025,2, Avg: 31810025,3, Max: 31810025,3, Diff: 0,0]
   [Code Root Fixup: 0,0 ms]
   [Code Root Purge: 0,0 ms]
   [Clear CT: 0,1 ms]
   [Other: 0,4 ms]
      [Choose CSet: 0,0 ms]
      [Ref Proc: 0,1 ms]
      [Ref Enq: 0,0 ms]
      [Redirty Cards: 0,0 ms]
      [Humongous Register: 0,0 ms]
      [Humongous Reclaim: 0,0 ms]
      [Free CSet: 0,0 ms]
   [Eden: 49,0M(49,0M)->0,0B(168,0M) Survivors: 5120,0K->5120,0K Heap: 202,9M(1024,0M)->153,9M(1024,0M)]
 [Times: user=0,02 sys=0,01, real=0,01 secs] 
2019-06-06T09:10:55.319-0100: 33120,283: [GC pause (G1 Evacuation Pause) (young), 0,2732435 secs]
   [Parallel Time: 225,1 ms, GC Workers: 4]
      [GC Worker Start (ms): Min: 33120321,8, Avg: 33120321,9, Max: 33120322,0, Diff: 0,2]
      [Ext Root Scanning (ms): Min: 11,9, Avg: 18,0, Max: 32,2, Diff: 20,3, Sum: 71,9]
      [Update RS (ms): Min: 2,9, Avg: 13,9, Max: 19,2, Diff: 16,3, Sum: 55,6]
         [Processed Buffers: Min: 1, Avg: 10,8, Max: 31, Diff: 30, Sum: 43]
      [Scan RS (ms): Min: 0,0, Avg: 0,0, Max: 0,0, Diff: 0,0, Sum: 0,1]
      [Code Root Scanning (ms): Min: 0,0, Avg: 0,6, Max: 2,4, Diff: 2,4, Sum: 2,5]
      [Object Copy (ms): Min: 164,9, Avg: 176,2, Max: 193,2, Diff: 28,3, Sum: 704,7]
      [Termination (ms): Min: 1,4, Avg: 15,8, Max: 25,7, Diff: 24,3, Sum: 63,2]
         [Termination Attempts: Min: 2, Avg: 19,8, Max: 37, Diff: 35, Sum: 79]
      [GC Worker Other (ms): Min: 0,0, Avg: 0,3, Max: 1,2, Diff: 1,2, Sum: 1,4]
      [GC Worker Total (ms): Min: 224,7, Avg: 224,8, Max: 224,9, Diff: 0,2, Sum: 899,3]
      [GC Worker End (ms): Min: 33120546,8, Avg: 33120546,8, Max: 33120546,8, Diff: 0,0]
   [Code Root Fixup: 0,0 ms]
   [Code Root Purge: 0,0 ms]
   [Clear CT: 1,4 ms]
   [Other: 46,7 ms]
      [Choose CSet: 0,0 ms]
      [Ref Proc: 7,2 ms]
      [Ref Enq: 0,0 ms]
      [Redirty Cards: 0,0 ms]
      [Humongous Register: 20,1 ms]
      [Humongous Reclaim: 0,0 ms]
      [Free CSet: 0,4 ms]
   [Eden: 168,0M(168,0M)->0,0B(47,0M) Survivors: 5120,0K->4096,0K Heap: 321,9M(1024,0M)->153,4M(1024,0M)]
 [Times: user=0,08 sys=0,21, real=0,28 secs] 
2019-06-06T09:17:11.807-0100: 33496,760: [GC pause (G1 Evacuation Pause) (young), 0,0266720 secs]
   [Parallel Time: 24,8 ms, GC Workers: 4]
      [GC Worker Start (ms): Min: 33496760,6, Avg: 33496760,6, Max: 33496760,7, Diff: 0,2]
      [Ext Root Scanning (ms): Min: 0,3, Avg: 0,7, Max: 1,5, Diff: 1,2, Sum: 3,0]
      [Update RS (ms): Min: 0,0, Avg: 0,6, Max: 1,3, Diff: 1,3, Sum: 2,3]
         [Processed Buffers: Min: 0, Avg: 9,5, Max: 21, Diff: 21, Sum: 38]
      [Scan RS (ms): Min: 0,0, Avg: 0,0, Max: 0,0, Diff: 0,0, Sum: 0,0]
      [Code Root Scanning (ms): Min: 0,0, Avg: 0,0, Max: 0,1, Diff: 0,1, Sum: 0,1]
      [Object Copy (ms): Min: 22,6, Avg: 23,3, Max: 24,2, Diff: 1,6, Sum: 93,2]
      [Termination (ms): Min: 0,0, Avg: 0,0, Max: 0,1, Diff: 0,1, Sum: 0,1]
         [Termination Attempts: Min: 1, Avg: 1,2, Max: 2, Diff: 1, Sum: 5]
      [GC Worker Other (ms): Min: 0,0, Avg: 0,0, Max: 0,0, Diff: 0,0, Sum: 0,1]
      [GC Worker Total (ms): Min: 24,6, Avg: 24,7, Max: 24,7, Diff: 0,2, Sum: 98,8]
      [GC Worker End (ms): Min: 33496785,3, Avg: 33496785,3, Max: 33496785,3, Diff: 0,0]
   [Code Root Fixup: 0,0 ms]
   [Code Root Purge: 0,0 ms]
   [Clear CT: 0,1 ms]
   [Other: 1,8 ms]
      [Choose CSet: 0,0 ms]
      [Ref Proc: 1,5 ms]
      [Ref Enq: 0,0 ms]
      [Redirty Cards: 0,1 ms]
      [Humongous Register: 0,0 ms]
      [Humongous Reclaim: 0,0 ms]
      [Free CSet: 0,0 ms]
   [Eden: 47,0M(47,0M)->0,0B(46,0M) Survivors: 4096,0K->5120,0K Heap: 200,4M(1024,0M)->154,4M(1024,0M)]
 [Times: user=0,02 sys=0,02, real=0,03 secs] 
2019-06-06T09:23:16.456-0100: 33864,637: [GC pause (G1 Evacuation Pause) (young), 0,0410046 secs]
   [Parallel Time: 38,2 ms, GC Workers: 4]
      [GC Worker Start (ms): Min: 33864638,2, Avg: 33864638,2, Max: 33864638,2, Diff: 0,1]
      [Ext Root Scanning (ms): Min: 1,9, Avg: 2,8, Max: 5,6, Diff: 3,7, Sum: 11,3]
      [Update RS (ms): Min: 0,0, Avg: 0,5, Max: 1,1, Diff: 1,1, Sum: 2,0]
         [Processed Buffers: Min: 0, Avg: 9,8, Max: 30, Diff: 30, Sum: 39]
      [Scan RS (ms): Min: 0,0, Avg: 0,0, Max: 0,0, Diff: 0,0, Sum: 0,0]
      [Code Root Scanning (ms): Min: 0,0, Avg: 0,0, Max: 0,0, Diff: 0,0, Sum: 0,0]
      [Object Copy (ms): Min: 32,4, Avg: 34,5, Max: 35,5, Diff: 3,1, Sum: 137,9]
      [Termination (ms): Min: 0,0, Avg: 0,3, Max: 0,7, Diff: 0,7, Sum: 1,1]
         [Termination Attempts: Min: 1, Avg: 1,2, Max: 2, Diff: 1, Sum: 5]
      [GC Worker Other (ms): Min: 0,0, Avg: 0,0, Max: 0,0, Diff: 0,0, Sum: 0,0]
      [GC Worker Total (ms): Min: 38,1, Avg: 38,1, Max: 38,1, Diff: 0,1, Sum: 152,4]
      [GC Worker End (ms): Min: 33864676,3, Avg: 33864676,3, Max: 33864676,3, Diff: 0,0]
   [Code Root Fixup: 0,0 ms]
   [Code Root Purge: 0,0 ms]
   [Clear CT: 0,1 ms]
   [Other: 2,7 ms]
      [Choose CSet: 0,0 ms]
      [Ref Proc: 0,2 ms]
      [Ref Enq: 0,0 ms]
      [Redirty Cards: 0,0 ms]
      [Humongous Register: 0,1 ms]
      [Humongous Reclaim: 0,0 ms]
      [Free CSet: 0,0 ms]
   [Eden: 46,0M(46,0M)->0,0B(46,0M) Survivors: 5120,0K->5120,0K Heap: 200,4M(1024,0M)->153,9M(1024,0M)]
 [Times: user=0,02 sys=0,03, real=0,04 secs] 
2019-06-06T09:29:22.408-0100: 34230,590: [GC pause (G1 Evacuation Pause) (young), 0,0118311 secs]
   [Parallel Time: 9,0 ms, GC Workers: 4]
      [GC Worker Start (ms): Min: 34230592,2, Avg: 34230592,3, Max: 34230592,6, Diff: 0,4]
      [Ext Root Scanning (ms): Min: 0,0, Avg: 2,5, Max: 7,5, Diff: 7,5, Sum: 10,0]
      [Update RS (ms): Min: 0,0, Avg: 0,9, Max: 1,5, Diff: 1,5, Sum: 3,6]
         [Processed Buffers: Min: 0, Avg: 9,8, Max: 25, Diff: 25, Sum: 39]
      [Scan RS (ms): Min: 0,0, Avg: 0,0, Max: 0,0, Diff: 0,0, Sum: 0,0]
      [Code Root Scanning (ms): Min: 0,0, Avg: 0,0, Max: 0,0, Diff: 0,0, Sum: 0,0]
      [Object Copy (ms): Min: 1,4, Avg: 3,9, Max: 4,9, Diff: 3,6, Sum: 15,8]
      [Termination (ms): Min: 0,0, Avg: 0,6, Max: 0,8, Diff: 0,8, Sum: 2,4]
         [Termination Attempts: Min: 1, Avg: 1,0, Max: 1, Diff: 0, Sum: 4]
      [GC Worker Other (ms): Min: 0,0, Avg: 0,8, Max: 1,9, Diff: 1,9, Sum: 3,0]
      [GC Worker Total (ms): Min: 8,6, Avg: 8,7, Max: 8,9, Diff: 0,4, Sum: 34,9]
      [GC Worker End (ms): Min: 34230601,0, Avg: 34230601,1, Max: 34230601,1, Diff: 0,1]
   [Code Root Fixup: 0,0 ms]
   [Code Root Purge: 0,0 ms]
   [Clear CT: 0,1 ms]
   [Other: 2,7 ms]
      [Choose CSet: 0,0 ms]
      [Ref Proc: 0,3 ms]
      [Ref Enq: 0,0 ms]
      [Redirty Cards: 0,5 ms]
      [Humongous Register: 1,6 ms]
      [Humongous Reclaim: 0,0 ms]
      [Free CSet: 0,1 ms]
   [Eden: 46,0M(46,0M)->0,0B(47,0M) Survivors: 5120,0K->4096,0K Heap: 199,9M(1024,0M)->153,4M(1024,0M)]
 [Times: user=0,02 sys=0,00, real=0,02 secs] 
2019-06-06T09:35:34.923-0100: 34603,109: [GC pause (G1 Evacuation Pause) (young), 0,0145599 secs]
   [Parallel Time: 13,9 ms, GC Workers: 4]
      [GC Worker Start (ms): Min: 34603108,8, Avg: 34603108,9, Max: 34603109,1, Diff: 0,3]
      [Ext Root Scanning (ms): Min: 1,0, Avg: 1,8, Max: 4,0, Diff: 3,0, Sum: 7,0]
      [Update RS (ms): Min: 0,0, Avg: 0,7, Max: 1,0, Diff: 1,0, Sum: 2,8]
         [Processed Buffers: Min: 0, Avg: 9,0, Max: 30, Diff: 30, Sum: 36]
      [Scan RS (ms): Min: 0,0, Avg: 0,0, Max: 0,0, Diff: 0,0, Sum: 0,0]
      [Code Root Scanning (ms): Min: 0,0, Avg: 0,0, Max: 0,0, Diff: 0,0, Sum: 0,0]
      [Object Copy (ms): Min: 9,8, Avg: 10,8, Max: 11,3, Diff: 1,5, Sum: 43,3]
      [Termination (ms): Min: 0,0, Avg: 0,4, Max: 0,7, Diff: 0,7, Sum: 1,8]
         [Termination Attempts: Min: 1, Avg: 1,0, Max: 1, Diff: 0, Sum: 4]
      [GC Worker Other (ms): Min: 0,0, Avg: 0,0, Max: 0,0, Diff: 0,0, Sum: 0,0]
      [GC Worker Total (ms): Min: 13,5, Avg: 13,7, Max: 13,8, Diff: 0,3, Sum: 55,0]
      [GC Worker End (ms): Min: 34603122,6, Avg: 34603122,6, Max: 34603122,6, Diff: 0,0]
   [Code Root Fixup: 0,0 ms]
   [Code Root Purge: 0,0 ms]
   [Clear CT: 0,1 ms]
   [Other: 0,6 ms]
      [Choose CSet: 0,0 ms]
      [Ref Proc: 0,2 ms]
      [Ref Enq: 0,0 ms]
      [Redirty Cards: 0,1 ms]
      [Humongous Register: 0,0 ms]
      [Humongous Reclaim: 0,0 ms]
      [Free CSet: 0,1 ms]
   [Eden: 47,0M(47,0M)->0,0B(46,0M) Survivors: 4096,0K->5120,0K Heap: 200,4M(1024,0M)->153,9M(1024,0M)]
 [Times: user=0,02 sys=0,01, real=0,01 secs] 
2019-06-06T09:41:41.472-0100: 34969,601: [GC pause (G1 Evacuation Pause) (young), 0,0066087 secs]
   [Parallel Time: 5,9 ms, GC Workers: 4]
      [GC Worker Start (ms): Min: 34969601,3, Avg: 34969601,6, Max: 34969602,1, Diff: 0,9]
      [Ext Root Scanning (ms): Min: 0,0, Avg: 0,5, Max: 0,8, Diff: 0,8, Sum: 1,8]
      [Update RS (ms): Min: 0,6, Avg: 0,6, Max: 0,7, Diff: 0,1, Sum: 2,4]
         [Processed Buffers: Min: 6, Avg: 9,8, Max: 15, Diff: 9, Sum: 39]
      [Scan RS (ms): Min: 0,0, Avg: 0,0, Max: 0,0, Diff: 0,0, Sum: 0,0]
      [Code Root Scanning (ms): Min: 0,0, Avg: 0,0, Max: 0,0, Diff: 0,0, Sum: 0,0]
      [Object Copy (ms): Min: 4,4, Avg: 4,4, Max: 4,5, Diff: 0,1, Sum: 17,6]
      [Termination (ms): Min: 0,0, Avg: 0,0, Max: 0,0, Diff: 0,0, Sum: 0,0]
         [Termination Attempts: Min: 1, Avg: 1,0, Max: 1, Diff: 0, Sum: 4]
      [GC Worker Other (ms): Min: 0,0, Avg: 0,0, Max: 0,1, Diff: 0,0, Sum: 0,1]
      [GC Worker Total (ms): Min: 5,0, Avg: 5,5, Max: 5,9, Diff: 0,9, Sum: 22,0]
      [GC Worker End (ms): Min: 34969607,1, Avg: 34969607,1, Max: 34969607,2, Diff: 0,0]
   [Code Root Fixup: 0,0 ms]
   [Code Root Purge: 0,0 ms]
   [Clear CT: 0,1 ms]
   [Other: 0,6 ms]
      [Choose CSet: 0,0 ms]
      [Ref Proc: 0,2 ms]
      [Ref Enq: 0,0 ms]
      [Redirty Cards: 0,1 ms]
      [Humongous Register: 0,0 ms]
      [Humongous Reclaim: 0,0 ms]
      [Free CSet: 0,1 ms]
   [Eden: 46,0M(46,0M)->0,0B(46,0M) Survivors: 5120,0K->5120,0K Heap: 199,9M(1024,0M)->153,9M(1024,0M)]
 [Times: user=0,02 sys=0,00, real=0,00 secs] 
2019-06-06T09:47:48.046-0100: 35336,164: [GC pause (G1 Evacuation Pause) (young), 0,0130303 secs]
   [Parallel Time: 12,4 ms, GC Workers: 4]
      [GC Worker Start (ms): Min: 35336164,4, Avg: 35336164,5, Max: 35336164,6, Diff: 0,3]
      [Ext Root Scanning (ms): Min: 0,3, Avg: 0,6, Max: 0,8, Diff: 0,4, Sum: 2,3]
      [Update RS (ms): Min: 0,4, Avg: 0,5, Max: 0,6, Diff: 0,2, Sum: 2,2]
         [Processed Buffers: Min: 7, Avg: 9,8, Max: 11, Diff: 4, Sum: 39]
      [Scan RS (ms): Min: 0,0, Avg: 0,0, Max: 0,0, Diff: 0,0, Sum: 0,0]
      [Code Root Scanning (ms): Min: 0,0, Avg: 0,0, Max: 0,0, Diff: 0,0, Sum: 0,0]
      [Object Copy (ms): Min: 10,6, Avg: 10,8, Max: 11,1, Diff: 0,5, Sum: 43,1]
      [Termination (ms): Min: 0,0, Avg: 0,4, Max: 0,5, Diff: 0,5, Sum: 1,5]
         [Termination Attempts: Min: 1, Avg: 1,0, Max: 1, Diff: 0, Sum: 4]
      [GC Worker Other (ms): Min: 0,0, Avg: 0,0, Max: 0,0, Diff: 0,0, Sum: 0,0]
      [GC Worker Total (ms): Min: 12,1, Avg: 12,3, Max: 12,4, Diff: 0,3, Sum: 49,2]
      [GC Worker End (ms): Min: 35336176,7, Avg: 35336176,8, Max: 35336176,8, Diff: 0,0]
   [Code Root Fixup: 0,0 ms]
   [Code Root Purge: 0,0 ms]
   [Clear CT: 0,1 ms]
   [Other: 0,5 ms]
      [Choose CSet: 0,0 ms]
      [Ref Proc: 0,2 ms]
      [Ref Enq: 0,0 ms]
      [Redirty Cards: 0,1 ms]
      [Humongous Register: 0,0 ms]
      [Humongous Reclaim: 0,0 ms]
      [Free CSet: 0,0 ms]
   [Eden: 46,0M(46,0M)->0,0B(46,0M) Survivors: 5120,0K->5120,0K Heap: 199,9M(1024,0M)->153,9M(1024,0M)]
 [Times: user=0,02 sys=0,01, real=0,01 secs] 
2019-06-06T09:53:55.001-0100: 35703,108: [GC pause (G1 Evacuation Pause) (young), 0,0068904 secs]
   [Parallel Time: 6,2 ms, GC Workers: 4]
      [GC Worker Start (ms): Min: 35703108,0, Avg: 35703108,2, Max: 35703108,4, Diff: 0,4]
      [Ext Root Scanning (ms): Min: 0,2, Avg: 0,5, Max: 0,6, Diff: 0,4, Sum: 1,9]
      [Update RS (ms): Min: 0,6, Avg: 0,6, Max: 0,7, Diff: 0,1, Sum: 2,5]
         [Processed Buffers: Min: 5, Avg: 9,8, Max: 16, Diff: 11, Sum: 39]
      [Scan RS (ms): Min: 0,0, Avg: 0,0, Max: 0,0, Diff: 0,0, Sum: 0,0]
      [Code Root Scanning (ms): Min: 0,0, Avg: 0,0, Max: 0,0, Diff: 0,0, Sum: 0,0]
      [Object Copy (ms): Min: 4,8, Avg: 4,8, Max: 4,9, Diff: 0,1, Sum: 19,4]
      [Termination (ms): Min: 0,0, Avg: 0,0, Max: 0,0, Diff: 0,0, Sum: 0,0]
         [Termination Attempts: Min: 1, Avg: 1,0, Max: 1, Diff: 0, Sum: 4]
      [GC Worker Other (ms): Min: 0,0, Avg: 0,0, Max: 0,0, Diff: 0,0, Sum: 0,1]
      [GC Worker Total (ms): Min: 5,7, Avg: 6,0, Max: 6,1, Diff: 0,4, Sum: 23,9]
      [GC Worker End (ms): Min: 35703114,1, Avg: 35703114,1, Max: 35703114,1, Diff: 0,0]
   [Code Root Fixup: 0,0 ms]
   [Code Root Purge: 0,0 ms]
   [Clear CT: 0,1 ms]
   [Other: 0,6 ms]
      [Choose CSet: 0,0 ms]
      [Ref Proc: 0,2 ms]
      [Ref Enq: 0,0 ms]
      [Redirty Cards: 0,1 ms]
      [Humongous Register: 0,0 ms]
      [Humongous Reclaim: 0,0 ms]
      [Free CSet: 0,1 ms]
   [Eden: 46,0M(46,0M)->0,0B(46,0M) Survivors: 5120,0K->5120,0K Heap: 199,9M(1024,0M)->154,0M(1024,0M)]
 [Times: user=0,03 sys=0,00, real=0,00 secs] 
2019-06-06T09:59:31.881-0100: 36039,970: [GC pause (G1 Evacuation Pause) (young), 0,0119216 secs]
   [Parallel Time: 11,4 ms, GC Workers: 4]
      [GC Worker Start (ms): Min: 36039970,2, Avg: 36039970,4, Max: 36039970,8, Diff: 0,6]
      [Ext Root Scanning (ms): Min: 0,1, Avg: 0,5, Max: 0,6, Diff: 0,5, Sum: 1,8]
      [Update RS (ms): Min: 0,6, Avg: 0,6, Max: 0,7, Diff: 0,1, Sum: 2,5]
         [Processed Buffers: Min: 5, Avg: 9,8, Max: 14, Diff: 9, Sum: 39]
      [Scan RS (ms): Min: 0,0, Avg: 0,0, Max: 0,0, Diff: 0,0, Sum: 0,0]
      [Code Root Scanning (ms): Min: 0,0, Avg: 0,0, Max: 0,0, Diff: 0,0, Sum: 0,0]
      [Object Copy (ms): Min: 9,1, Avg: 9,6, Max: 10,1, Diff: 1,0, Sum: 38,3]
      [Termination (ms): Min: 0,0, Avg: 0,5, Max: 1,0, Diff: 1,0, Sum: 2,1]
         [Termination Attempts: Min: 1, Avg: 1,5, Max: 2, Diff: 1, Sum: 6]
      [GC Worker Other (ms): Min: 0,0, Avg: 0,0, Max: 0,0, Diff: 0,0, Sum: 0,1]
      [GC Worker Total (ms): Min: 10,8, Avg: 11,2, Max: 11,3, Diff: 0,6, Sum: 44,8]
      [GC Worker End (ms): Min: 36039981,6, Avg: 36039981,6, Max: 36039981,6, Diff: 0,0]
   [Code Root Fixup: 0,0 ms]
   [Code Root Purge: 0,0 ms]
   [Clear CT: 0,1 ms]
   [Other: 0,5 ms]
      [Choose CSet: 0,0 ms]
      [Ref Proc: 0,1 ms]
      [Ref Enq: 0,0 ms]
      [Redirty Cards: 0,1 ms]
      [Humongous Register: 0,0 ms]
      [Humongous Reclaim: 0,0 ms]
      [Free CSet: 0,1 ms]
   [Eden: 46,0M(46,0M)->0,0B(46,0M) Survivors: 5120,0K->5120,0K Heap: 200,0M(1024,0M)->154,0M(1024,0M)]
 [Times: user=0,02 sys=0,01, real=0,01 secs] 
2019-06-06T10:05:38.555-0100: 36406,633: [GC pause (G1 Evacuation Pause) (young), 0,0144835 secs]
   [Parallel Time: 12,8 ms, GC Workers: 4]
      [GC Worker Start (ms): Min: 36406634,1, Avg: 36406634,1, Max: 36406634,2, Diff: 0,1]
      [Ext Root Scanning (ms): Min: 5,4, Avg: 5,8, Max: 6,2, Diff: 0,8, Sum: 23,1]
      [Update RS (ms): Min: 0,0, Avg: 1,4, Max: 4,6, Diff: 4,6, Sum: 5,5]
         [Processed Buffers: Min: 0, Avg: 9,0, Max: 26, Diff: 26, Sum: 36]
      [Scan RS (ms): Min: 0,0, Avg: 0,0, Max: 0,0, Diff: 0,0, Sum: 0,0]
      [Code Root Scanning (ms): Min: 0,0, Avg: 0,0, Max: 0,0, Diff: 0,0, Sum: 0,0]
      [Object Copy (ms): Min: 2,4, Avg: 5,3, Max: 6,5, Diff: 4,2, Sum: 21,2]
      [Termination (ms): Min: 0,0, Avg: 0,2, Max: 0,3, Diff: 0,3, Sum: 1,0]
         [Termination Attempts: Min: 1, Avg: 1,8, Max: 2, Diff: 1, Sum: 7]
      [GC Worker Other (ms): Min: 0,0, Avg: 0,0, Max: 0,0, Diff: 0,0, Sum: 0,1]
      [GC Worker Total (ms): Min: 12,6, Avg: 12,7, Max: 12,7, Diff: 0,1, Sum: 50,8]
      [GC Worker End (ms): Min: 36406646,8, Avg: 36406646,8, Max: 36406646,8, Diff: 0,0]
   [Code Root Fixup: 0,0 ms]
   [Code Root Purge: 0,0 ms]
   [Clear CT: 0,1 ms]
   [Other: 1,6 ms]
      [Choose CSet: 0,0 ms]
      [Ref Proc: 0,1 ms]
      [Ref Enq: 0,0 ms]
      [Redirty Cards: 0,0 ms]
      [Humongous Register: 1,2 ms]
      [Humongous Reclaim: 0,0 ms]
      [Free CSet: 0,0 ms]
   [Eden: 46,0M(46,0M)->0,0B(46,0M) Survivors: 5120,0K->5120,0K Heap: 200,0M(1024,0M)->154,6M(1024,0M)]
 [Times: user=0,02 sys=0,00, real=0,01 secs] 
2019-06-06T10:11:42.891-0100: 36770,958: [GC pause (G1 Evacuation Pause) (young), 0,0084373 secs]
   [Parallel Time: 7,5 ms, GC Workers: 4]
      [GC Worker Start (ms): Min: 36770958,2, Avg: 36770958,2, Max: 36770958,3, Diff: 0,1]
      [Ext Root Scanning (ms): Min: 0,6, Avg: 1,5, Max: 4,1, Diff: 3,5, Sum: 5,9]
      [Update RS (ms): Min: 0,0, Avg: 0,7, Max: 1,2, Diff: 1,2, Sum: 2,8]
         [Processed Buffers: Min: 0, Avg: 9,2, Max: 27, Diff: 27, Sum: 37]
      [Scan RS (ms): Min: 0,0, Avg: 0,0, Max: 0,0, Diff: 0,0, Sum: 0,0]
      [Code Root Scanning (ms): Min: 0,0, Avg: 0,0, Max: 0,0, Diff: 0,0, Sum: 0,0]
      [Object Copy (ms): Min: 3,2, Avg: 5,1, Max: 6,2, Diff: 3,0, Sum: 20,4]
      [Termination (ms): Min: 0,0, Avg: 0,1, Max: 0,1, Diff: 0,1, Sum: 0,4]
         [Termination Attempts: Min: 1, Avg: 1,0, Max: 1, Diff: 0, Sum: 4]
      [GC Worker Other (ms): Min: 0,0, Avg: 0,0, Max: 0,0, Diff: 0,0, Sum: 0,0]
      [GC Worker Total (ms): Min: 7,3, Avg: 7,4, Max: 7,4, Diff: 0,1, Sum: 29,6]
      [GC Worker End (ms): Min: 36770965,6, Avg: 36770965,6, Max: 36770965,7, Diff: 0,1]
   [Code Root Fixup: 0,0 ms]
   [Code Root Purge: 0,0 ms]
   [Clear CT: 0,1 ms]
   [Other: 0,9 ms]
      [Choose CSet: 0,0 ms]
      [Ref Proc: 0,5 ms]
      [Ref Enq: 0,0 ms]
      [Redirty Cards: 0,1 ms]
      [Humongous Register: 0,0 ms]
      [Humongous Reclaim: 0,0 ms]
      [Free CSet: 0,1 ms]
   [Eden: 46,0M(46,0M)->0,0B(47,0M) Survivors: 5120,0K->4096,0K Heap: 200,6M(1024,0M)->153,6M(1024,0M)]
 [Times: user=0,01 sys=0,00, real=0,01 secs] 
2019-06-06T10:17:58.398-0100: 37146,447: [GC pause (G1 Evacuation Pause) (young), 0,0102274 secs]
   [Parallel Time: 9,5 ms, GC Workers: 4]
      [GC Worker Start (ms): Min: 37146447,0, Avg: 37146447,1, Max: 37146447,1, Diff: 0,1]
      [Ext Root Scanning (ms): Min: 1,6, Avg: 2,5, Max: 5,2, Diff: 3,6, Sum: 10,0]
      [Update RS (ms): Min: 0,0, Avg: 1,2, Max: 3,8, Diff: 3,8, Sum: 4,8]
         [Processed Buffers: Min: 0, Avg: 8,8, Max: 21, Diff: 21, Sum: 35]
      [Scan RS (ms): Min: 0,0, Avg: 0,0, Max: 0,0, Diff: 0,0, Sum: 0,0]
      [Code Root Scanning (ms): Min: 0,0, Avg: 0,0, Max: 0,0, Diff: 0,0, Sum: 0,0]
      [Object Copy (ms): Min: 2,7, Avg: 4,9, Max: 7,2, Diff: 4,6, Sum: 19,7]
      [Termination (ms): Min: 0,0, Avg: 0,7, Max: 1,3, Diff: 1,3, Sum: 2,9]
         [Termination Attempts: Min: 1, Avg: 1,0, Max: 1, Diff: 0, Sum: 4]
      [GC Worker Other (ms): Min: 0,0, Avg: 0,0, Max: 0,0, Diff: 0,0, Sum: 0,0]
      [GC Worker Total (ms): Min: 9,3, Avg: 9,4, Max: 9,4, Diff: 0,1, Sum: 37,5]
      [GC Worker End (ms): Min: 37146456,4, Avg: 37146456,5, Max: 37146456,5, Diff: 0,0]
   [Code Root Fixup: 0,0 ms]
   [Code Root Purge: 0,0 ms]
   [Clear CT: 0,1 ms]
   [Other: 0,7 ms]
      [Choose CSet: 0,0 ms]
      [Ref Proc: 0,2 ms]
      [Ref Enq: 0,0 ms]
      [Redirty Cards: 0,2 ms]
      [Humongous Register: 0,0 ms]
      [Humongous Reclaim: 0,0 ms]
      [Free CSet: 0,0 ms]
   [Eden: 47,0M(47,0M)->0,0B(137,0M) Survivors: 4096,0K->4096,0K Heap: 200,6M(1024,0M)->153,6M(1024,0M)]
 [Times: user=0,02 sys=0,00, real=0,02 secs] 
2019-06-06T10:36:10.120-0100: 38238,128: [GC pause (G1 Evacuation Pause) (young), 0,1029748 secs]
   [Parallel Time: 92,9 ms, GC Workers: 4]
      [GC Worker Start (ms): Min: 38238131,3, Avg: 38238131,3, Max: 38238131,4, Diff: 0,1]
      [Ext Root Scanning (ms): Min: 1,2, Avg: 2,8, Max: 4,5, Diff: 3,3, Sum: 11,0]
      [Update RS (ms): Min: 0,0, Avg: 1,9, Max: 3,0, Diff: 3,0, Sum: 7,4]
         [Processed Buffers: Min: 0, Avg: 9,2, Max: 32, Diff: 32, Sum: 37]
      [Scan RS (ms): Min: 0,0, Avg: 0,0, Max: 0,1, Diff: 0,1, Sum: 0,1]
      [Code Root Scanning (ms): Min: 0,0, Avg: 0,0, Max: 0,0, Diff: 0,0, Sum: 0,0]
      [Object Copy (ms): Min: 75,1, Avg: 76,6, Max: 77,5, Diff: 2,4, Sum: 306,2]
      [Termination (ms): Min: 0,0, Avg: 7,6, Max: 10,2, Diff: 10,1, Sum: 30,3]
         [Termination Attempts: Min: 1, Avg: 1,0, Max: 1, Diff: 0, Sum: 4]
      [GC Worker Other (ms): Min: 0,0, Avg: 1,5, Max: 2,5, Diff: 2,5, Sum: 6,0]
      [GC Worker Total (ms): Min: 83,1, Avg: 90,3, Max: 92,8, Diff: 9,7, Sum: 361,2]
      [GC Worker End (ms): Min: 38238214,4, Avg: 38238221,6, Max: 38238224,1, Diff: 9,8]
   [Code Root Fixup: 0,0 ms]
   [Code Root Purge: 0,0 ms]
   [Clear CT: 0,1 ms]
   [Other: 9,9 ms]
      [Choose CSet: 0,0 ms]
      [Ref Proc: 6,2 ms]
      [Ref Enq: 0,0 ms]
      [Redirty Cards: 0,1 ms]
      [Humongous Register: 0,1 ms]
      [Humongous Reclaim: 0,0 ms]
      [Free CSet: 0,2 ms]
   [Eden: 137,0M(137,0M)->0,0B(45,0M) Survivors: 4096,0K->6144,0K Heap: 290,6M(1024,0M)->155,1M(1024,0M)]
 [Times: user=0,03 sys=0,07, real=0,10 secs] 
2019-06-06T10:42:08.161-0100: 38596,159: [GC pause (G1 Evacuation Pause) (young), 0,0085831 secs]
   [Parallel Time: 7,9 ms, GC Workers: 4]
      [GC Worker Start (ms): Min: 38596158,9, Avg: 38596158,9, Max: 38596159,0, Diff: 0,2]
      [Ext Root Scanning (ms): Min: 1,0, Avg: 1,4, Max: 2,2, Diff: 1,1, Sum: 5,6]
      [Update RS (ms): Min: 0,0, Avg: 0,4, Max: 0,7, Diff: 0,7, Sum: 1,7]
         [Processed Buffers: Min: 0, Avg: 9,2, Max: 22, Diff: 22, Sum: 37]
      [Scan RS (ms): Min: 0,0, Avg: 0,0, Max: 0,0, Diff: 0,0, Sum: 0,0]
      [Code Root Scanning (ms): Min: 0,0, Avg: 0,0, Max: 0,0, Diff: 0,0, Sum: 0,0]
      [Object Copy (ms): Min: 3,4, Avg: 3,7, Max: 3,9, Diff: 0,5, Sum: 15,0]
      [Termination (ms): Min: 0,0, Avg: 1,7, Max: 2,3, Diff: 2,3, Sum: 6,7]
         [Termination Attempts: Min: 1, Avg: 1,0, Max: 1, Diff: 0, Sum: 4]
      [GC Worker Other (ms): Min: 0,0, Avg: 0,0, Max: 0,0, Diff: 0,0, Sum: 0,0]
      [GC Worker Total (ms): Min: 5,7, Avg: 7,3, Max: 7,9, Diff: 2,2, Sum: 29,1]
      [GC Worker End (ms): Min: 38596164,6, Avg: 38596166,2, Max: 38596166,8, Diff: 2,2]
   [Code Root Fixup: 0,0 ms]
   [Code Root Purge: 0,0 ms]
   [Clear CT: 0,1 ms]
   [Other: 0,6 ms]
      [Choose CSet: 0,0 ms]
      [Ref Proc: 0,2 ms]
      [Ref Enq: 0,0 ms]
      [Redirty Cards: 0,0 ms]
      [Humongous Register: 0,0 ms]
      [Humongous Reclaim: 0,0 ms]
      [Free CSet: 0,1 ms]
   [Eden: 45,0M(45,0M)->0,0B(47,0M) Survivors: 6144,0K->4096,0K Heap: 200,1M(1024,0M)->153,6M(1024,0M)]
 [Times: user=0,02 sys=0,01, real=0,01 secs] 
2019-06-06T10:48:20.242-0100: 38968,229: [GC pause (G1 Evacuation Pause) (young), 0,0090741 secs]
   [Parallel Time: 8,5 ms, GC Workers: 4]
      [GC Worker Start (ms): Min: 38968228,8, Avg: 38968228,9, Max: 38968228,9, Diff: 0,0]
      [Ext Root Scanning (ms): Min: 0,4, Avg: 0,5, Max: 0,5, Diff: 0,1, Sum: 1,8]
      [Update RS (ms): Min: 0,4, Avg: 0,4, Max: 0,4, Diff: 0,0, Sum: 1,7]
         [Processed Buffers: Min: 1, Avg: 9,0, Max: 14, Diff: 13, Sum: 36]
      [Scan RS (ms): Min: 0,0, Avg: 0,0, Max: 0,0, Diff: 0,0, Sum: 0,0]
      [Code Root Scanning (ms): Min: 0,0, Avg: 0,0, Max: 0,0, Diff: 0,0, Sum: 0,0]
      [Object Copy (ms): Min: 7,3, Avg: 7,4, Max: 7,5, Diff: 0,2, Sum: 29,6]
      [Termination (ms): Min: 0,0, Avg: 0,1, Max: 0,3, Diff: 0,3, Sum: 0,6]
         [Termination Attempts: Min: 1, Avg: 1,0, Max: 1, Diff: 0, Sum: 4]
      [GC Worker Other (ms): Min: 0,0, Avg: 0,0, Max: 0,0, Diff: 0,0, Sum: 0,1]
      [GC Worker Total (ms): Min: 8,4, Avg: 8,4, Max: 8,5, Diff: 0,1, Sum: 33,8]
      [GC Worker End (ms): Min: 38968237,3, Avg: 38968237,3, Max: 38968237,3, Diff: 0,1]
   [Code Root Fixup: 0,0 ms]
   [Code Root Purge: 0,0 ms]
   [Clear CT: 0,1 ms]
   [Other: 0,5 ms]
      [Choose CSet: 0,0 ms]
      [Ref Proc: 0,1 ms]
      [Ref Enq: 0,0 ms]
      [Redirty Cards: 0,1 ms]
      [Humongous Register: 0,0 ms]
      [Humongous Reclaim: 0,0 ms]
      [Free CSet: 0,0 ms]
   [Eden: 47,0M(47,0M)->0,0B(46,0M) Survivors: 4096,0K->5120,0K Heap: 200,6M(1024,0M)->154,1M(1024,0M)]
 [Times: user=0,02 sys=0,00, real=0,01 secs] 
2019-06-06T10:54:23.711-0100: 39331,686: [GC pause (G1 Evacuation Pause) (young), 0,0092803 secs]
   [Parallel Time: 8,8 ms, GC Workers: 4]
      [GC Worker Start (ms): Min: 39331686,1, Avg: 39331686,3, Max: 39331686,5, Diff: 0,4]
      [Ext Root Scanning (ms): Min: 0,7, Avg: 1,1, Max: 1,4, Diff: 0,6, Sum: 4,4]
      [Update RS (ms): Min: 1,8, Avg: 1,9, Max: 2,0, Diff: 0,2, Sum: 7,7]
         [Processed Buffers: Min: 3, Avg: 9,2, Max: 13, Diff: 10, Sum: 37]
      [Scan RS (ms): Min: 0,0, Avg: 0,0, Max: 0,0, Diff: 0,0, Sum: 0,0]
      [Code Root Scanning (ms): Min: 0,0, Avg: 0,0, Max: 0,0, Diff: 0,0, Sum: 0,0]
      [Object Copy (ms): Min: 4,6, Avg: 4,8, Max: 5,5, Diff: 0,9, Sum: 19,2]
      [Termination (ms): Min: 0,0, Avg: 0,6, Max: 0,8, Diff: 0,8, Sum: 2,4]
         [Termination Attempts: Min: 1, Avg: 1,0, Max: 1, Diff: 0, Sum: 4]
      [GC Worker Other (ms): Min: 0,0, Avg: 0,0, Max: 0,0, Diff: 0,0, Sum: 0,1]
      [GC Worker Total (ms): Min: 8,2, Avg: 8,5, Max: 8,6, Diff: 0,4, Sum: 33,8]
      [GC Worker End (ms): Min: 39331694,7, Avg: 39331694,7, Max: 39331694,7, Diff: 0,0]
   [Code Root Fixup: 0,0 ms]
   [Code Root Purge: 0,0 ms]
   [Clear CT: 0,1 ms]
   [Other: 0,5 ms]
      [Choose CSet: 0,0 ms]
      [Ref Proc: 0,1 ms]
      [Ref Enq: 0,0 ms]
      [Redirty Cards: 0,0 ms]
      [Humongous Register: 0,1 ms]
      [Humongous Reclaim: 0,0 ms]
      [Free CSet: 0,0 ms]
   [Eden: 46,0M(46,0M)->0,0B(47,0M) Survivors: 5120,0K->4096,0K Heap: 200,1M(1024,0M)->153,7M(1024,0M)]
 [Times: user=0,02 sys=0,01, real=0,01 secs] 
2019-06-06T11:00:13.736-0100: 39681,681: [GC pause (G1 Evacuation Pause) (young), 0,0072063 secs]
   [Parallel Time: 6,8 ms, GC Workers: 4]
      [GC Worker Start (ms): Min: 39681681,4, Avg: 39681681,4, Max: 39681681,5, Diff: 0,0]
      [Ext Root Scanning (ms): Min: 0,5, Avg: 1,4, Max: 3,9, Diff: 3,4, Sum: 5,6]
      [Update RS (ms): Min: 0,0, Avg: 0,5, Max: 0,6, Diff: 0,6, Sum: 1,8]
         [Processed Buffers: Min: 0, Avg: 9,2, Max: 23, Diff: 23, Sum: 37]
      [Scan RS (ms): Min: 0,0, Avg: 0,0, Max: 0,0, Diff: 0,0, Sum: 0,0]
      [Code Root Scanning (ms): Min: 0,0, Avg: 0,0, Max: 0,0, Diff: 0,0, Sum: 0,0]
      [Object Copy (ms): Min: 2,5, Avg: 4,3, Max: 5,5, Diff: 3,0, Sum: 17,2]
      [Termination (ms): Min: 0,0, Avg: 0,5, Max: 0,9, Diff: 0,9, Sum: 2,1]
         [Termination Attempts: Min: 1, Avg: 1,0, Max: 1, Diff: 0, Sum: 4]
      [GC Worker Other (ms): Min: 0,0, Avg: 0,0, Max: 0,0, Diff: 0,0, Sum: 0,0]
      [GC Worker Total (ms): Min: 6,7, Avg: 6,7, Max: 6,7, Diff: 0,1, Sum: 26,8]
      [GC Worker End (ms): Min: 39681688,1, Avg: 39681688,1, Max: 39681688,2, Diff: 0,0]
   [Code Root Fixup: 0,0 ms]
   [Code Root Purge: 0,0 ms]
   [Clear CT: 0,1 ms]
   [Other: 0,4 ms]
      [Choose CSet: 0,0 ms]
      [Ref Proc: 0,1 ms]
      [Ref Enq: 0,0 ms]
      [Redirty Cards: 0,0 ms]
      [Humongous Register: 0,0 ms]
      [Humongous Reclaim: 0,0 ms]
      [Free CSet: 0,0 ms]
   [Eden: 47,0M(47,0M)->0,0B(101,0M) Survivors: 4096,0K->5120,0K Heap: 200,7M(1024,0M)->154,2M(1024,0M)]
 [Times: user=0,02 sys=0,00, real=0,01 secs] 
2019-06-06T11:13:29.232-0100: 40477,154: [GC pause (G1 Evacuation Pause) (young), 0,0094514 secs]
   [Parallel Time: 8,6 ms, GC Workers: 4]
      [GC Worker Start (ms): Min: 40477154,1, Avg: 40477154,1, Max: 40477154,1, Diff: 0,1]
      [Ext Root Scanning (ms): Min: 0,8, Avg: 1,7, Max: 3,8, Diff: 3,0, Sum: 6,8]
      [Update RS (ms): Min: 0,0, Avg: 0,4, Max: 1,0, Diff: 1,0, Sum: 1,8]
         [Processed Buffers: Min: 0, Avg: 9,2, Max: 31, Diff: 31, Sum: 37]
      [Scan RS (ms): Min: 0,0, Avg: 0,0, Max: 0,0, Diff: 0,0, Sum: 0,1]
      [Code Root Scanning (ms): Min: 0,0, Avg: 0,0, Max: 0,0, Diff: 0,0, Sum: 0,0]
      [Object Copy (ms): Min: 4,4, Avg: 6,0, Max: 7,4, Diff: 3,0, Sum: 24,1]
      [Termination (ms): Min: 0,0, Avg: 0,1, Max: 0,3, Diff: 0,3, Sum: 0,6]
         [Termination Attempts: Min: 1, Avg: 1,0, Max: 1, Diff: 0, Sum: 4]
      [GC Worker Other (ms): Min: 0,0, Avg: 0,0, Max: 0,0, Diff: 0,0, Sum: 0,1]
      [GC Worker Total (ms): Min: 8,3, Avg: 8,3, Max: 8,5, Diff: 0,2, Sum: 33,4]
      [GC Worker End (ms): Min: 40477162,4, Avg: 40477162,4, Max: 40477162,6, Diff: 0,2]
   [Code Root Fixup: 0,0 ms]
   [Code Root Purge: 0,0 ms]
   [Clear CT: 0,1 ms]
   [Other: 0,8 ms]
      [Choose CSet: 0,0 ms]
      [Ref Proc: 0,4 ms]
      [Ref Enq: 0,0 ms]
      [Redirty Cards: 0,1 ms]
      [Humongous Register: 0,0 ms]
      [Humongous Reclaim: 0,0 ms]
      [Free CSet: 0,1 ms]
   [Eden: 101,0M(101,0M)->0,0B(219,0M) Survivors: 5120,0K->4096,0K Heap: 255,2M(1024,0M)->153,7M(1024,0M)]
 [Times: user=0,02 sys=0,01, real=0,01 secs] 
2019-06-06T11:42:33.494-0100: 42221,374: [GC pause (G1 Evacuation Pause) (young), 0,0801522 secs]
   [Parallel Time: 73,8 ms, GC Workers: 4]
      [GC Worker Start (ms): Min: 42221377,0, Avg: 42221377,5, Max: 42221377,8, Diff: 0,8]
      [Ext Root Scanning (ms): Min: 1,6, Avg: 2,5, Max: 3,6, Diff: 1,9, Sum: 10,0]
      [Update RS (ms): Min: 0,0, Avg: 1,0, Max: 1,8, Diff: 1,8, Sum: 3,9]
         [Processed Buffers: Min: 0, Avg: 9,2, Max: 31, Diff: 31, Sum: 37]
      [Scan RS (ms): Min: 0,0, Avg: 0,0, Max: 0,1, Diff: 0,1, Sum: 0,1]
      [Code Root Scanning (ms): Min: 0,0, Avg: 0,0, Max: 0,0, Diff: 0,0, Sum: 0,0]
      [Object Copy (ms): Min: 66,5, Avg: 67,9, Max: 68,9, Diff: 2,4, Sum: 271,6]
      [Termination (ms): Min: 0,3, Avg: 0,7, Max: 1,3, Diff: 0,9, Sum: 2,9]
         [Termination Attempts: Min: 1, Avg: 1,5, Max: 2, Diff: 1, Sum: 6]
      [GC Worker Other (ms): Min: 0,0, Avg: 0,6, Max: 1,2, Diff: 1,2, Sum: 2,4]
      [GC Worker Total (ms): Min: 72,4, Avg: 72,7, Max: 73,2, Diff: 0,8, Sum: 291,0]
      [GC Worker End (ms): Min: 42221450,2, Avg: 42221450,3, Max: 42221450,3, Diff: 0,0]
   [Code Root Fixup: 0,0 ms]
   [Code Root Purge: 0,0 ms]
   [Clear CT: 0,1 ms]
   [Other: 6,2 ms]
      [Choose CSet: 0,0 ms]
      [Ref Proc: 3,5 ms]
      [Ref Enq: 0,0 ms]
      [Redirty Cards: 0,0 ms]
      [Humongous Register: 0,1 ms]
      [Humongous Reclaim: 0,0 ms]
      [Free CSet: 0,2 ms]
   [Eden: 219,0M(219,0M)->0,0B(46,0M) Survivors: 4096,0K->5120,0K Heap: 372,7M(1024,0M)->154,7M(1024,0M)]
 [Times: user=0,02 sys=0,06, real=0,08 secs] 
2019-06-06T11:48:42.370-0100: 42590,227: [GC pause (G1 Evacuation Pause) (young), 0,0063711 secs]
   [Parallel Time: 5,7 ms, GC Workers: 4]
      [GC Worker Start (ms): Min: 42590227,4, Avg: 42590227,8, Max: 42590228,6, Diff: 1,2]
      [Ext Root Scanning (ms): Min: 0,0, Avg: 0,5, Max: 0,8, Diff: 0,7, Sum: 2,0]
      [Update RS (ms): Min: 0,0, Avg: 0,3, Max: 0,4, Diff: 0,4, Sum: 1,1]
         [Processed Buffers: Min: 0, Avg: 9,0, Max: 15, Diff: 15, Sum: 36]
      [Scan RS (ms): Min: 0,0, Avg: 0,0, Max: 0,0, Diff: 0,0, Sum: 0,0]
      [Code Root Scanning (ms): Min: 0,0, Avg: 0,0, Max: 0,0, Diff: 0,0, Sum: 0,0]
      [Object Copy (ms): Min: 4,5, Avg: 4,5, Max: 4,5, Diff: 0,1, Sum: 18,0]
      [Termination (ms): Min: 0,0, Avg: 0,0, Max: 0,0, Diff: 0,0, Sum: 0,0]
         [Termination Attempts: Min: 1, Avg: 1,0, Max: 1, Diff: 0, Sum: 4]
      [GC Worker Other (ms): Min: 0,0, Avg: 0,0, Max: 0,0, Diff: 0,0, Sum: 0,1]
      [GC Worker Total (ms): Min: 4,5, Avg: 5,3, Max: 5,6, Diff: 1,2, Sum: 21,2]
      [GC Worker End (ms): Min: 42590233,1, Avg: 42590233,1, Max: 42590233,1, Diff: 0,0]
   [Code Root Fixup: 0,0 ms]
   [Code Root Purge: 0,0 ms]
   [Clear CT: 0,1 ms]
   [Other: 0,6 ms]
      [Choose CSet: 0,0 ms]
      [Ref Proc: 0,3 ms]
      [Ref Enq: 0,0 ms]
      [Redirty Cards: 0,0 ms]
      [Humongous Register: 0,0 ms]
      [Humongous Reclaim: 0,0 ms]
      [Free CSet: 0,0 ms]
   [Eden: 46,0M(46,0M)->0,0B(46,0M) Survivors: 5120,0K->5120,0K Heap: 200,7M(1024,0M)->154,2M(1024,0M)]
 [Times: user=0,02 sys=0,00, real=0,00 secs] 
2019-06-06T11:54:48.450-0100: 42956,297: [GC pause (G1 Evacuation Pause) (young), 0,0097397 secs]
   [Parallel Time: 9,1 ms, GC Workers: 4]
      [GC Worker Start (ms): Min: 42956296,7, Avg: 42956296,7, Max: 42956296,8, Diff: 0,1]
      [Ext Root Scanning (ms): Min: 2,1, Avg: 3,4, Max: 7,1, Diff: 5,0, Sum: 13,6]
      [Update RS (ms): Min: 0,0, Avg: 0,3, Max: 0,4, Diff: 0,4, Sum: 1,1]
         [Processed Buffers: Min: 0, Avg: 9,2, Max: 13, Diff: 13, Sum: 37]
      [Scan RS (ms): Min: 0,0, Avg: 0,0, Max: 0,0, Diff: 0,0, Sum: 0,0]
      [Code Root Scanning (ms): Min: 0,0, Avg: 0,0, Max: 0,0, Diff: 0,0, Sum: 0,0]
      [Object Copy (ms): Min: 1,8, Avg: 5,3, Max: 6,6, Diff: 4,7, Sum: 21,3]
      [Termination (ms): Min: 0,0, Avg: 0,0, Max: 0,0, Diff: 0,0, Sum: 0,0]
         [Termination Attempts: Min: 1, Avg: 1,0, Max: 1, Diff: 0, Sum: 4]
      [GC Worker Other (ms): Min: 0,0, Avg: 0,0, Max: 0,0, Diff: 0,0, Sum: 0,1]
      [GC Worker Total (ms): Min: 9,0, Avg: 9,1, Max: 9,1, Diff: 0,1, Sum: 36,2]
      [GC Worker End (ms): Min: 42956305,8, Avg: 42956305,8, Max: 42956305,8, Diff: 0,0]
   [Code Root Fixup: 0,0 ms]
   [Code Root Purge: 0,0 ms]
   [Clear CT: 0,0 ms]
   [Other: 0,5 ms]
      [Choose CSet: 0,0 ms]
      [Ref Proc: 0,2 ms]
      [Ref Enq: 0,0 ms]
      [Redirty Cards: 0,1 ms]
      [Humongous Register: 0,0 ms]
      [Humongous Reclaim: 0,0 ms]
      [Free CSet: 0,0 ms]
   [Eden: 46,0M(46,0M)->0,0B(47,0M) Survivors: 5120,0K->4096,0K Heap: 200,2M(1024,0M)->153,2M(1024,0M)]
 [Times: user=0,02 sys=0,00, real=0,01 secs] 
2019-06-06T12:00:33.593-0100: 43301,429: [GC pause (G1 Evacuation Pause) (young), 0,0104923 secs]
   [Parallel Time: 9,6 ms, GC Workers: 4]
      [GC Worker Start (ms): Min: 43301429,3, Avg: 43301429,5, Max: 43301429,7, Diff: 0,5]
      [Ext Root Scanning (ms): Min: 0,5, Avg: 3,3, Max: 6,1, Diff: 5,6, Sum: 13,3]
      [Update RS (ms): Min: 0,0, Avg: 0,3, Max: 0,6, Diff: 0,6, Sum: 1,1]
         [Processed Buffers: Min: 0, Avg: 9,2, Max: 20, Diff: 20, Sum: 37]
      [Scan RS (ms): Min: 0,0, Avg: 0,0, Max: 0,0, Diff: 0,0, Sum: 0,1]
      [Code Root Scanning (ms): Min: 0,0, Avg: 0,0, Max: 0,0, Diff: 0,0, Sum: 0,0]
      [Object Copy (ms): Min: 3,2, Avg: 5,2, Max: 6,9, Diff: 3,7, Sum: 20,9]
      [Termination (ms): Min: 0,0, Avg: 0,1, Max: 0,2, Diff: 0,2, Sum: 0,5]
         [Termination Attempts: Min: 1, Avg: 1,0, Max: 1, Diff: 0, Sum: 4]
      [GC Worker Other (ms): Min: 0,0, Avg: 0,3, Max: 1,2, Diff: 1,2, Sum: 1,2]
      [GC Worker Total (ms): Min: 9,1, Avg: 9,3, Max: 9,5, Diff: 0,4, Sum: 37,2]
      [GC Worker End (ms): Min: 43301438,7, Avg: 43301438,8, Max: 43301438,8, Diff: 0,1]
   [Code Root Fixup: 0,0 ms]
   [Code Root Purge: 0,0 ms]
   [Clear CT: 0,0 ms]
   [Other: 0,8 ms]
      [Choose CSet: 0,0 ms]
      [Ref Proc: 0,5 ms]
      [Ref Enq: 0,0 ms]
      [Redirty Cards: 0,0 ms]
      [Humongous Register: 0,0 ms]
      [Humongous Reclaim: 0,0 ms]
      [Free CSet: 0,1 ms]
   [Eden: 47,0M(47,0M)->0,0B(47,0M) Survivors: 4096,0K->4096,0K Heap: 200,2M(1024,0M)->153,2M(1024,0M)]
 [Times: user=0,02 sys=0,00, real=0,01 secs] 
2019-06-06T12:06:47.541-0100: 43675,366: [GC pause (G1 Evacuation Pause) (young), 0,0086332 secs]
   [Parallel Time: 6,9 ms, GC Workers: 4]
      [GC Worker Start (ms): Min: 43675366,2, Avg: 43675366,2, Max: 43675366,4, Diff: 0,2]
      [Ext Root Scanning (ms): Min: 0,6, Avg: 1,2, Max: 2,5, Diff: 1,9, Sum: 4,9]
      [Update RS (ms): Min: 0,0, Avg: 0,5, Max: 1,0, Diff: 1,0, Sum: 2,0]
         [Processed Buffers: Min: 0, Avg: 9,0, Max: 21, Diff: 21, Sum: 36]
      [Scan RS (ms): Min: 0,0, Avg: 0,0, Max: 0,0, Diff: 0,0, Sum: 0,0]
      [Code Root Scanning (ms): Min: 0,0, Avg: 0,0, Max: 0,0, Diff: 0,0, Sum: 0,0]
      [Object Copy (ms): Min: 3,9, Avg: 4,7, Max: 5,6, Diff: 1,7, Sum: 18,8]
      [Termination (ms): Min: 0,0, Avg: 0,3, Max: 0,5, Diff: 0,5, Sum: 1,3]
         [Termination Attempts: Min: 1, Avg: 1,0, Max: 1, Diff: 0, Sum: 4]
      [GC Worker Other (ms): Min: 0,0, Avg: 0,0, Max: 0,0, Diff: 0,0, Sum: 0,0]
      [GC Worker Total (ms): Min: 6,7, Avg: 6,8, Max: 6,8, Diff: 0,2, Sum: 27,1]
      [GC Worker End (ms): Min: 43675373,0, Avg: 43675373,0, Max: 43675373,0, Diff: 0,0]
   [Code Root Fixup: 0,0 ms]
   [Code Root Purge: 0,0 ms]
   [Clear CT: 0,1 ms]
   [Other: 1,7 ms]
      [Choose CSet: 0,0 ms]
      [Ref Proc: 1,1 ms]
      [Ref Enq: 0,0 ms]
      [Redirty Cards: 0,0 ms]
      [Humongous Register: 0,0 ms]
      [Humongous Reclaim: 0,0 ms]
      [Free CSet: 0,0 ms]
   [Eden: 47,0M(47,0M)->0,0B(173,0M) Survivors: 4096,0K->4096,0K Heap: 200,2M(1024,0M)->153,7M(1024,0M)]
 [Times: user=0,02 sys=0,00, real=0,01 secs] 
2019-06-06T12:32:23.400-0100: 45211,161: [GC pause (G1 Evacuation Pause) (young), 0,1267840 secs]
   [Parallel Time: 113,9 ms, GC Workers: 4]
      [GC Worker Start (ms): Min: 45211170,3, Avg: 45211170,4, Max: 45211170,5, Diff: 0,2]
      [Ext Root Scanning (ms): Min: 6,3, Avg: 8,2, Max: 13,1, Diff: 6,7, Sum: 33,0]
      [Update RS (ms): Min: 5,0, Avg: 6,2, Max: 6,9, Diff: 1,9, Sum: 24,6]
         [Processed Buffers: Min: 1, Avg: 10,2, Max: 32, Diff: 31, Sum: 41]
      [Scan RS (ms): Min: 0,0, Avg: 0,0, Max: 0,1, Diff: 0,1, Sum: 0,1]
      [Code Root Scanning (ms): Min: 0,0, Avg: 0,0, Max: 0,0, Diff: 0,0, Sum: 0,0]
      [Object Copy (ms): Min: 94,1, Avg: 99,0, Max: 101,6, Diff: 7,5, Sum: 396,1]
      [Termination (ms): Min: 0,0, Avg: 0,2, Max: 0,3, Diff: 0,3, Sum: 0,8]
         [Termination Attempts: Min: 1, Avg: 1,0, Max: 1, Diff: 0, Sum: 4]
      [GC Worker Other (ms): Min: 0,0, Avg: 0,0, Max: 0,0, Diff: 0,0, Sum: 0,1]
      [GC Worker Total (ms): Min: 113,6, Avg: 113,7, Max: 113,8, Diff: 0,2, Sum: 454,7]
      [GC Worker End (ms): Min: 45211283,9, Avg: 45211284,1, Max: 45211284,1, Diff: 0,2]
   [Code Root Fixup: 0,0 ms]
   [Code Root Purge: 0,0 ms]
   [Clear CT: 0,1 ms]
   [Other: 12,8 ms]
      [Choose CSet: 0,0 ms]
      [Ref Proc: 0,5 ms]
      [Ref Enq: 0,0 ms]
      [Redirty Cards: 0,1 ms]
      [Humongous Register: 5,7 ms]
      [Humongous Reclaim: 0,0 ms]
      [Free CSet: 0,8 ms]
   [Eden: 173,0M(173,0M)->0,0B(47,0M) Survivors: 4096,0K->4096,0K Heap: 326,7M(1024,0M)->153,8M(1024,0M)]
 [Times: user=0,02 sys=0,10, real=0,12 secs] 
2019-06-06T12:40:27.120-0100: 45694,865: [GC pause (G1 Evacuation Pause) (young), 0,0978092 secs]
   [Parallel Time: 58,5 ms, GC Workers: 4]
      [GC Worker Start (ms): Min: 45694898,4, Avg: 45694898,4, Max: 45694898,6, Diff: 0,2]
      [Ext Root Scanning (ms): Min: 12,0, Avg: 14,4, Max: 18,6, Diff: 6,7, Sum: 57,4]
      [Update RS (ms): Min: 1,0, Avg: 5,4, Max: 8,8, Diff: 7,8, Sum: 21,6]
         [Processed Buffers: Min: 1, Avg: 9,2, Max: 30, Diff: 29, Sum: 37]
      [Scan RS (ms): Min: 0,0, Avg: 0,0, Max: 0,0, Diff: 0,0, Sum: 0,0]
      [Code Root Scanning (ms): Min: 0,0, Avg: 0,0, Max: 0,0, Diff: 0,0, Sum: 0,0]
      [Object Copy (ms): Min: 35,1, Avg: 37,1, Max: 38,3, Diff: 3,1, Sum: 148,4]
      [Termination (ms): Min: 0,0, Avg: 0,6, Max: 1,1, Diff: 1,1, Sum: 2,5]
         [Termination Attempts: Min: 1, Avg: 1,0, Max: 1, Diff: 0, Sum: 4]
      [GC Worker Other (ms): Min: 0,0, Avg: 0,8, Max: 1,7, Diff: 1,7, Sum: 3,2]
      [GC Worker Total (ms): Min: 58,2, Avg: 58,3, Max: 58,4, Diff: 0,2, Sum: 233,2]
      [GC Worker End (ms): Min: 45694956,7, Avg: 45694956,7, Max: 45694956,8, Diff: 0,1]
   [Code Root Fixup: 0,0 ms]
   [Code Root Purge: 0,0 ms]
   [Clear CT: 0,0 ms]
   [Other: 39,2 ms]
      [Choose CSet: 0,0 ms]
      [Ref Proc: 0,3 ms]
      [Ref Enq: 0,0 ms]
      [Redirty Cards: 0,0 ms]
      [Humongous Register: 28,5 ms]
      [Humongous Reclaim: 0,0 ms]
      [Free CSet: 3,2 ms]
   [Eden: 47,0M(47,0M)->0,0B(45,0M) Survivors: 4096,0K->6144,0K Heap: 200,8M(1024,0M)->155,5M(1024,0M)]
 [Times: user=0,02 sys=0,07, real=0,09 secs] 
2019-06-06T12:48:19.954-0100: 46167,684: [GC pause (G1 Evacuation Pause) (young), 0,0895803 secs]
   [Parallel Time: 72,3 ms, GC Workers: 4]
      [GC Worker Start (ms): Min: 46167695,6, Avg: 46167695,7, Max: 46167695,8, Diff: 0,1]
      [Ext Root Scanning (ms): Min: 8,7, Avg: 10,2, Max: 13,4, Diff: 4,7, Sum: 41,0]
      [Update RS (ms): Min: 0,0, Avg: 2,6, Max: 3,6, Diff: 3,5, Sum: 10,4]
         [Processed Buffers: Min: 1, Avg: 8,8, Max: 31, Diff: 30, Sum: 35]
      [Scan RS (ms): Min: 0,0, Avg: 0,0, Max: 0,0, Diff: 0,0, Sum: 0,0]
      [Code Root Scanning (ms): Min: 0,0, Avg: 0,0, Max: 0,0, Diff: 0,0, Sum: 0,0]
      [Object Copy (ms): Min: 58,2, Avg: 58,7, Max: 59,8, Diff: 1,6, Sum: 234,6]
      [Termination (ms): Min: 0,0, Avg: 0,4, Max: 0,6, Diff: 0,6, Sum: 1,5]
         [Termination Attempts: Min: 1, Avg: 1,8, Max: 2, Diff: 1, Sum: 7]
      [GC Worker Other (ms): Min: 0,0, Avg: 0,3, Max: 1,1, Diff: 1,1, Sum: 1,2]
      [GC Worker Total (ms): Min: 72,1, Avg: 72,2, Max: 72,2, Diff: 0,1, Sum: 288,7]
      [GC Worker End (ms): Min: 46167767,8, Avg: 46167767,9, Max: 46167767,9, Diff: 0,0]
   [Code Root Fixup: 0,0 ms]
   [Code Root Purge: 0,0 ms]
   [Clear CT: 0,1 ms]
   [Other: 17,1 ms]
      [Choose CSet: 0,0 ms]
      [Ref Proc: 2,0 ms]
      [Ref Enq: 0,0 ms]
      [Redirty Cards: 0,0 ms]
      [Humongous Register: 7,2 ms]
      [Humongous Reclaim: 0,0 ms]
      [Free CSet: 2,9 ms]
   [Eden: 45,0M(45,0M)->0,0B(46,0M) Survivors: 6144,0K->5120,0K Heap: 200,5M(1024,0M)->154,3M(1024,0M)]
 [Times: user=0,02 sys=0,08, real=0,09 secs] 
2019-06-06T12:56:11.666-0100: 46639,373: [GC pause (G1 Evacuation Pause) (young), 0,0235662 secs]
   [Parallel Time: 20,8 ms, GC Workers: 4]
      [GC Worker Start (ms): Min: 46639373,7, Avg: 46639373,8, Max: 46639373,9, Diff: 0,1]
      [Ext Root Scanning (ms): Min: 0,6, Avg: 0,9, Max: 1,4, Diff: 0,8, Sum: 3,6]
      [Update RS (ms): Min: 0,0, Avg: 0,3, Max: 0,6, Diff: 0,6, Sum: 1,3]
         [Processed Buffers: Min: 0, Avg: 9,2, Max: 30, Diff: 30, Sum: 37]
      [Scan RS (ms): Min: 0,0, Avg: 0,0, Max: 0,0, Diff: 0,0, Sum: 0,0]
      [Code Root Scanning (ms): Min: 0,0, Avg: 0,0, Max: 0,0, Diff: 0,0, Sum: 0,0]
      [Object Copy (ms): Min: 18,4, Avg: 19,0, Max: 19,5, Diff: 1,0, Sum: 76,0]
      [Termination (ms): Min: 0,0, Avg: 0,5, Max: 0,9, Diff: 0,9, Sum: 1,9]
         [Termination Attempts: Min: 1, Avg: 1,0, Max: 1, Diff: 0, Sum: 4]
      [GC Worker Other (ms): Min: 0,0, Avg: 0,0, Max: 0,0, Diff: 0,0, Sum: 0,1]
      [GC Worker Total (ms): Min: 20,6, Avg: 20,7, Max: 20,8, Diff: 0,1, Sum: 82,9]
      [GC Worker End (ms): Min: 46639394,5, Avg: 46639394,5, Max: 46639394,5, Diff: 0,0]
   [Code Root Fixup: 0,0 ms]
   [Code Root Purge: 0,0 ms]
   [Clear CT: 0,1 ms]
   [Other: 2,6 ms]
      [Choose CSet: 0,0 ms]
      [Ref Proc: 1,3 ms]
      [Ref Enq: 0,0 ms]
      [Redirty Cards: 0,1 ms]
      [Humongous Register: 0,0 ms]
      [Humongous Reclaim: 0,0 ms]
      [Free CSet: 0,0 ms]
   [Eden: 46,0M(46,0M)->0,0B(46,0M) Survivors: 5120,0K->5120,0K Heap: 200,3M(1024,0M)->154,3M(1024,0M)]
 [Times: user=0,02 sys=0,02, real=0,03 secs] 
2019-06-06T13:03:28.607-0100: 47076,301: [GC pause (G1 Evacuation Pause) (young), 0,0094078 secs]
   [Parallel Time: 8,8 ms, GC Workers: 4]
      [GC Worker Start (ms): Min: 47076300,9, Avg: 47076300,9, Max: 47076301,0, Diff: 0,1]
      [Ext Root Scanning (ms): Min: 0,6, Avg: 2,3, Max: 6,4, Diff: 5,8, Sum: 9,0]
      [Update RS (ms): Min: 0,0, Avg: 0,4, Max: 0,8, Diff: 0,8, Sum: 1,6]
         [Processed Buffers: Min: 0, Avg: 9,5, Max: 27, Diff: 27, Sum: 38]
      [Scan RS (ms): Min: 0,0, Avg: 0,0, Max: 0,0, Diff: 0,0, Sum: 0,0]
      [Code Root Scanning (ms): Min: 0,0, Avg: 0,0, Max: 0,0, Diff: 0,0, Sum: 0,0]
      [Object Copy (ms): Min: 2,1, Avg: 5,8, Max: 7,0, Diff: 5,0, Sum: 23,1]
      [Termination (ms): Min: 0,0, Avg: 0,2, Max: 0,3, Diff: 0,3, Sum: 0,8]
         [Termination Attempts: Min: 1, Avg: 1,0, Max: 1, Diff: 0, Sum: 4]
      [GC Worker Other (ms): Min: 0,0, Avg: 0,0, Max: 0,0, Diff: 0,0, Sum: 0,1]
      [GC Worker Total (ms): Min: 8,5, Avg: 8,7, Max: 8,7, Diff: 0,2, Sum: 34,7]
      [GC Worker End (ms): Min: 47076309,5, Avg: 47076309,6, Max: 47076309,7, Diff: 0,2]
   [Code Root Fixup: 0,0 ms]
   [Code Root Purge: 0,0 ms]
   [Clear CT: 0,1 ms]
   [Other: 0,5 ms]
      [Choose CSet: 0,0 ms]
      [Ref Proc: 0,2 ms]
      [Ref Enq: 0,0 ms]
      [Redirty Cards: 0,1 ms]
      [Humongous Register: 0,0 ms]
      [Humongous Reclaim: 0,0 ms]
      [Free CSet: 0,0 ms]
   [Eden: 46,0M(46,0M)->0,0B(47,0M) Survivors: 5120,0K->4096,0K Heap: 200,3M(1024,0M)->153,8M(1024,0M)]
 [Times: user=0,02 sys=0,00, real=0,01 secs] 
2019-06-06T13:11:33.029-0100: 47560,708: [GC pause (G1 Evacuation Pause) (young), 0,0249300 secs]
   [Parallel Time: 21,2 ms, GC Workers: 4]
      [GC Worker Start (ms): Min: 47560707,7, Avg: 47560707,8, Max: 47560707,8, Diff: 0,1]
      [Ext Root Scanning (ms): Min: 0,6, Avg: 0,6, Max: 0,6, Diff: 0,1, Sum: 2,4]
      [Update RS (ms): Min: 0,4, Avg: 0,9, Max: 2,1, Diff: 1,7, Sum: 3,4]
         [Processed Buffers: Min: 3, Avg: 9,2, Max: 18, Diff: 15, Sum: 37]
      [Scan RS (ms): Min: 0,0, Avg: 0,0, Max: 0,0, Diff: 0,0, Sum: 0,0]
      [Code Root Scanning (ms): Min: 0,0, Avg: 0,0, Max: 0,0, Diff: 0,0, Sum: 0,0]
      [Object Copy (ms): Min: 18,0, Avg: 19,2, Max: 20,0, Diff: 2,0, Sum: 76,6]
      [Termination (ms): Min: 0,0, Avg: 0,5, Max: 0,7, Diff: 0,7, Sum: 1,8]
         [Termination Attempts: Min: 1, Avg: 1,2, Max: 2, Diff: 1, Sum: 5]
      [GC Worker Other (ms): Min: 0,0, Avg: 0,0, Max: 0,0, Diff: 0,0, Sum: 0,0]
      [GC Worker Total (ms): Min: 21,1, Avg: 21,1, Max: 21,2, Diff: 0,1, Sum: 84,4]
      [GC Worker End (ms): Min: 47560728,8, Avg: 47560728,9, Max: 47560728,9, Diff: 0,1]
   [Code Root Fixup: 0,0 ms]
   [Code Root Purge: 0,0 ms]
   [Clear CT: 0,1 ms]
   [Other: 3,6 ms]
      [Choose CSet: 0,0 ms]
      [Ref Proc: 3,3 ms]
      [Ref Enq: 0,0 ms]
      [Redirty Cards: 0,1 ms]
      [Humongous Register: 0,0 ms]
      [Humongous Reclaim: 0,0 ms]
      [Free CSet: 0,0 ms]
   [Eden: 47,0M(47,0M)->0,0B(47,0M) Survivors: 4096,0K->4096,0K Heap: 200,8M(1024,0M)->153,8M(1024,0M)]
 [Times: user=0,03 sys=0,01, real=0,03 secs] 
2019-06-06T13:19:40.454-0100: 48048,111: [GC pause (G1 Evacuation Pause) (young), 0,0082472 secs]
   [Parallel Time: 7,4 ms, GC Workers: 4]
      [GC Worker Start (ms): Min: 48048111,6, Avg: 48048111,6, Max: 48048111,8, Diff: 0,3]
      [Ext Root Scanning (ms): Min: 0,3, Avg: 1,1, Max: 2,3, Diff: 2,0, Sum: 4,3]
      [Update RS (ms): Min: 0,0, Avg: 0,5, Max: 0,7, Diff: 0,7, Sum: 1,9]
         [Processed Buffers: Min: 0, Avg: 9,8, Max: 18, Diff: 18, Sum: 39]
      [Scan RS (ms): Min: 0,0, Avg: 0,0, Max: 0,0, Diff: 0,0, Sum: 0,0]
      [Code Root Scanning (ms): Min: 0,0, Avg: 0,0, Max: 0,0, Diff: 0,0, Sum: 0,0]
      [Object Copy (ms): Min: 3,8, Avg: 4,9, Max: 5,8, Diff: 1,9, Sum: 19,7]
      [Termination (ms): Min: 0,0, Avg: 0,7, Max: 1,2, Diff: 1,2, Sum: 2,7]
         [Termination Attempts: Min: 1, Avg: 2,2, Max: 3, Diff: 2, Sum: 9]
      [GC Worker Other (ms): Min: 0,0, Avg: 0,1, Max: 0,3, Diff: 0,3, Sum: 0,3]
      [GC Worker Total (ms): Min: 7,0, Avg: 7,2, Max: 7,4, Diff: 0,3, Sum: 29,0]
      [GC Worker End (ms): Min: 48048118,9, Avg: 48048118,9, Max: 48048118,9, Diff: 0,0]
   [Code Root Fixup: 0,0 ms]
   [Code Root Purge: 0,0 ms]
   [Clear CT: 0,1 ms]
   [Other: 0,8 ms]
      [Choose CSet: 0,0 ms]
      [Ref Proc: 0,5 ms]
      [Ref Enq: 0,0 ms]
      [Redirty Cards: 0,0 ms]
      [Humongous Register: 0,0 ms]
      [Humongous Reclaim: 0,0 ms]
      [Free CSet: 0,0 ms]
   [Eden: 47,0M(47,0M)->0,0B(47,0M) Survivors: 4096,0K->4096,0K Heap: 200,8M(1024,0M)->153,8M(1024,0M)]
 [Times: user=0,02 sys=0,00, real=0,01 secs] 
2019-06-06T13:27:44.129-0100: 48531,772: [GC pause (G1 Evacuation Pause) (young), 0,0080012 secs]
   [Parallel Time: 7,4 ms, GC Workers: 4]
      [GC Worker Start (ms): Min: 48531771,6, Avg: 48531771,8, Max: 48531772,0, Diff: 0,4]
      [Ext Root Scanning (ms): Min: 1,8, Avg: 2,0, Max: 2,2, Diff: 0,5, Sum: 8,1]
      [Update RS (ms): Min: 0,2, Avg: 0,3, Max: 0,5, Diff: 0,2, Sum: 1,4]
         [Processed Buffers: Min: 1, Avg: 9,0, Max: 20, Diff: 19, Sum: 36]
      [Scan RS (ms): Min: 0,0, Avg: 0,0, Max: 0,0, Diff: 0,0, Sum: 0,0]
      [Code Root Scanning (ms): Min: 0,0, Avg: 0,0, Max: 0,0, Diff: 0,0, Sum: 0,0]
      [Object Copy (ms): Min: 4,0, Avg: 4,3, Max: 4,7, Diff: 0,7, Sum: 17,4]
      [Termination (ms): Min: 0,0, Avg: 0,5, Max: 0,8, Diff: 0,8, Sum: 1,8]
         [Termination Attempts: Min: 1, Avg: 1,0, Max: 1, Diff: 0, Sum: 4]
      [GC Worker Other (ms): Min: 0,0, Avg: 0,0, Max: 0,0, Diff: 0,0, Sum: 0,1]
      [GC Worker Total (ms): Min: 7,0, Avg: 7,2, Max: 7,4, Diff: 0,4, Sum: 28,8]
      [GC Worker End (ms): Min: 48531779,0, Avg: 48531779,0, Max: 48531779,0, Diff: 0,0]
   [Code Root Fixup: 0,0 ms]
   [Code Root Purge: 0,0 ms]
   [Clear CT: 0,1 ms]
   [Other: 0,5 ms]
      [Choose CSet: 0,0 ms]
      [Ref Proc: 0,2 ms]
      [Ref Enq: 0,0 ms]
      [Redirty Cards: 0,0 ms]
      [Humongous Register: 0,0 ms]
      [Humongous Reclaim: 0,0 ms]
      [Free CSet: 0,0 ms]
   [Eden: 47,0M(47,0M)->0,0B(47,0M) Survivors: 4096,0K->4096,0K Heap: 200,8M(1024,0M)->153,8M(1024,0M)]
 [Times: user=0,01 sys=0,00, real=0,01 secs] 
2019-06-06T13:35:52.044-0100: 49019,664: [GC pause (G1 Evacuation Pause) (young), 0,0150350 secs]
   [Parallel Time: 14,5 ms, GC Workers: 4]
      [GC Worker Start (ms): Min: 49019664,4, Avg: 49019664,4, Max: 49019664,5, Diff: 0,1]
      [Ext Root Scanning (ms): Min: 0,5, Avg: 4,0, Max: 14,4, Diff: 13,9, Sum: 16,1]
      [Update RS (ms): Min: 0,0, Avg: 0,5, Max: 0,7, Diff: 0,7, Sum: 2,2]
         [Processed Buffers: Min: 0, Avg: 9,2, Max: 22, Diff: 22, Sum: 37]
      [Scan RS (ms): Min: 0,0, Avg: 0,0, Max: 0,0, Diff: 0,0, Sum: 0,0]
      [Code Root Scanning (ms): Min: 0,0, Avg: 0,0, Max: 0,0, Diff: 0,0, Sum: 0,0]
      [Object Copy (ms): Min: 0,0, Avg: 4,7, Max: 7,0, Diff: 6,9, Sum: 18,8]
      [Termination (ms): Min: 0,0, Avg: 5,1, Max: 7,2, Diff: 7,2, Sum: 20,4]
         [Termination Attempts: Min: 1, Avg: 1,2, Max: 2, Diff: 1, Sum: 5]
      [GC Worker Other (ms): Min: 0,0, Avg: 0,0, Max: 0,0, Diff: 0,0, Sum: 0,0]
      [GC Worker Total (ms): Min: 14,3, Avg: 14,4, Max: 14,4, Diff: 0,1, Sum: 57,7]
      [GC Worker End (ms): Min: 49019678,8, Avg: 49019678,8, Max: 49019678,8, Diff: 0,0]
   [Code Root Fixup: 0,0 ms]
   [Code Root Purge: 0,0 ms]
   [Clear CT: 0,1 ms]
   [Other: 0,5 ms]
      [Choose CSet: 0,0 ms]
      [Ref Proc: 0,2 ms]
      [Ref Enq: 0,0 ms]
      [Redirty Cards: 0,0 ms]
      [Humongous Register: 0,0 ms]
      [Humongous Reclaim: 0,0 ms]
      [Free CSet: 0,0 ms]
   [Eden: 47,0M(47,0M)->0,0B(46,0M) Survivors: 4096,0K->5120,0K Heap: 200,8M(1024,0M)->154,3M(1024,0M)]
 [Times: user=0,03 sys=0,00, real=0,01 secs] 
2019-06-06T13:43:45.505-0100: 49493,111: [GC pause (G1 Evacuation Pause) (young), 0,0075485 secs]
   [Parallel Time: 5,7 ms, GC Workers: 4]
      [GC Worker Start (ms): Min: 49493111,1, Avg: 49493111,2, Max: 49493111,5, Diff: 0,4]
      [Ext Root Scanning (ms): Min: 0,2, Avg: 0,7, Max: 1,3, Diff: 1,0, Sum: 2,7]
      [Update RS (ms): Min: 0,0, Avg: 0,4, Max: 0,5, Diff: 0,5, Sum: 1,4]
         [Processed Buffers: Min: 0, Avg: 9,0, Max: 17, Diff: 17, Sum: 36]
      [Scan RS (ms): Min: 0,0, Avg: 0,0, Max: 0,0, Diff: 0,0, Sum: 0,0]
      [Code Root Scanning (ms): Min: 0,0, Avg: 0,0, Max: 0,0, Diff: 0,0, Sum: 0,0]
      [Object Copy (ms): Min: 3,7, Avg: 3,9, Max: 4,4, Diff: 0,7, Sum: 15,5]
      [Termination (ms): Min: 0,0, Avg: 0,6, Max: 0,8, Diff: 0,8, Sum: 2,3]
         [Termination Attempts: Min: 1, Avg: 1,0, Max: 1, Diff: 0, Sum: 4]
      [GC Worker Other (ms): Min: 0,0, Avg: 0,0, Max: 0,0, Diff: 0,0, Sum: 0,0]
      [GC Worker Total (ms): Min: 5,3, Avg: 5,5, Max: 5,7, Diff: 0,4, Sum: 22,1]
      [GC Worker End (ms): Min: 49493116,8, Avg: 49493116,8, Max: 49493116,8, Diff: 0,0]
   [Code Root Fixup: 0,0 ms]
   [Code Root Purge: 0,0 ms]
   [Clear CT: 0,1 ms]
   [Other: 1,8 ms]
      [Choose CSet: 0,0 ms]
      [Ref Proc: 1,4 ms]
      [Ref Enq: 0,0 ms]
      [Redirty Cards: 0,1 ms]
      [Humongous Register: 0,0 ms]
      [Humongous Reclaim: 0,0 ms]
      [Free CSet: 0,0 ms]
   [Eden: 46,0M(46,0M)->0,0B(50,0M) Survivors: 5120,0K->5120,0K Heap: 200,3M(1024,0M)->154,2M(1024,0M)]
 [Times: user=0,02 sys=0,00, real=0,01 secs] 
2019-06-06T13:52:23.661-0100: 50011,246: [GC pause (G1 Evacuation Pause) (young), 0,0398820 secs]
   [Parallel Time: 37,0 ms, GC Workers: 4]
      [GC Worker Start (ms): Min: 50011245,8, Avg: 50011245,8, Max: 50011245,9, Diff: 0,1]
      [Ext Root Scanning (ms): Min: 0,7, Avg: 2,9, Max: 8,3, Diff: 7,7, Sum: 11,4]
      [Update RS (ms): Min: 0,0, Avg: 0,4, Max: 1,1, Diff: 1,1, Sum: 1,7]
         [Processed Buffers: Min: 0, Avg: 9,2, Max: 30, Diff: 30, Sum: 37]
      [Scan RS (ms): Min: 0,0, Avg: 0,0, Max: 0,0, Diff: 0,0, Sum: 0,0]
      [Code Root Scanning (ms): Min: 0,0, Avg: 0,0, Max: 0,0, Diff: 0,0, Sum: 0,0]
      [Object Copy (ms): Min: 28,1, Avg: 33,3, Max: 35,4, Diff: 7,3, Sum: 133,1]
      [Termination (ms): Min: 0,0, Avg: 0,4, Max: 0,7, Diff: 0,7, Sum: 1,5]
         [Termination Attempts: Min: 1, Avg: 1,0, Max: 1, Diff: 0, Sum: 4]
      [GC Worker Other (ms): Min: 0,0, Avg: 0,0, Max: 0,0, Diff: 0,0, Sum: 0,1]
      [GC Worker Total (ms): Min: 36,9, Avg: 37,0, Max: 37,0, Diff: 0,1, Sum: 147,8]
      [GC Worker End (ms): Min: 50011282,8, Avg: 50011282,8, Max: 50011282,8, Diff: 0,0]
   [Code Root Fixup: 0,0 ms]
   [Code Root Purge: 0,0 ms]
   [Clear CT: 0,1 ms]
   [Other: 2,8 ms]
      [Choose CSet: 0,0 ms]
      [Ref Proc: 2,3 ms]
      [Ref Enq: 0,0 ms]
      [Redirty Cards: 0,1 ms]
      [Humongous Register: 0,0 ms]
      [Humongous Reclaim: 0,0 ms]
      [Free CSet: 0,0 ms]
   [Eden: 50,0M(50,0M)->0,0B(47,0M) Survivors: 5120,0K->4096,0K Heap: 204,2M(1024,0M)->153,8M(1024,0M)]
 [Times: user=0,02 sys=0,03, real=0,04 secs] 
2019-06-06T13:59:55.537-0100: 50463,108: [GC pause (G1 Evacuation Pause) (young), 0,0078058 secs]
   [Parallel Time: 7,2 ms, GC Workers: 4]
      [GC Worker Start (ms): Min: 50463108,3, Avg: 50463108,4, Max: 50463108,6, Diff: 0,3]
      [Ext Root Scanning (ms): Min: 1,7, Avg: 1,8, Max: 2,0, Diff: 0,3, Sum: 7,4]
      [Update RS (ms): Min: 0,3, Avg: 0,4, Max: 0,5, Diff: 0,2, Sum: 1,5]
         [Processed Buffers: Min: 1, Avg: 9,0, Max: 14, Diff: 13, Sum: 36]
      [Scan RS (ms): Min: 0,0, Avg: 0,0, Max: 0,0, Diff: 0,0, Sum: 0,0]
      [Code Root Scanning (ms): Min: 0,0, Avg: 0,0, Max: 0,0, Diff: 0,0, Sum: 0,0]
      [Object Copy (ms): Min: 4,6, Avg: 4,7, Max: 4,8, Diff: 0,2, Sum: 18,9]
      [Termination (ms): Min: 0,0, Avg: 0,0, Max: 0,0, Diff: 0,0, Sum: 0,0]
         [Termination Attempts: Min: 1, Avg: 1,0, Max: 1, Diff: 0, Sum: 4]
      [GC Worker Other (ms): Min: 0,0, Avg: 0,0, Max: 0,1, Diff: 0,0, Sum: 0,1]
      [GC Worker Total (ms): Min: 6,8, Avg: 7,0, Max: 7,1, Diff: 0,2, Sum: 28,0]
      [GC Worker End (ms): Min: 50463115,4, Avg: 50463115,4, Max: 50463115,4, Diff: 0,0]
   [Code Root Fixup: 0,0 ms]
   [Code Root Purge: 0,0 ms]
   [Clear CT: 0,1 ms]
   [Other: 0,5 ms]
      [Choose CSet: 0,0 ms]
      [Ref Proc: 0,1 ms]
      [Ref Enq: 0,0 ms]
      [Redirty Cards: 0,1 ms]
      [Humongous Register: 0,0 ms]
      [Humongous Reclaim: 0,0 ms]
      [Free CSet: 0,0 ms]
   [Eden: 47,0M(47,0M)->0,0B(46,0M) Survivors: 4096,0K->5120,0K Heap: 200,8M(1024,0M)->154,3M(1024,0M)]
 [Times: user=0,02 sys=0,00, real=0,01 secs] 
2019-06-06T14:07:45.653-0100: 50933,210: [GC pause (G1 Evacuation Pause) (young), 0,0413047 secs]
   [Parallel Time: 40,5 ms, GC Workers: 4]
      [GC Worker Start (ms): Min: 50933210,1, Avg: 50933210,1, Max: 50933210,2, Diff: 0,1]
      [Ext Root Scanning (ms): Min: 0,8, Avg: 1,3, Max: 2,1, Diff: 1,3, Sum: 5,0]
      [Update RS (ms): Min: 0,1, Avg: 0,6, Max: 1,3, Diff: 1,2, Sum: 2,6]
         [Processed Buffers: Min: 1, Avg: 9,0, Max: 29, Diff: 28, Sum: 36]
      [Scan RS (ms): Min: 0,0, Avg: 0,0, Max: 0,0, Diff: 0,0, Sum: 0,0]
      [Code Root Scanning (ms): Min: 0,0, Avg: 0,3, Max: 1,1, Diff: 1,1, Sum: 1,1]
      [Object Copy (ms): Min: 26,1, Avg: 30,2, Max: 32,7, Diff: 6,6, Sum: 120,7]
      [Termination (ms): Min: 6,5, Avg: 8,0, Max: 11,3, Diff: 4,8, Sum: 32,1]
         [Termination Attempts: Min: 12, Avg: 17,2, Max: 24, Diff: 12, Sum: 69]
      [GC Worker Other (ms): Min: 0,0, Avg: 0,0, Max: 0,0, Diff: 0,0, Sum: 0,1]
      [GC Worker Total (ms): Min: 40,3, Avg: 40,4, Max: 40,5, Diff: 0,1, Sum: 161,6]
      [GC Worker End (ms): Min: 50933250,4, Avg: 50933250,5, Max: 50933250,6, Diff: 0,2]
   [Code Root Fixup: 0,0 ms]
   [Code Root Purge: 0,0 ms]
   [Clear CT: 0,1 ms]
   [Other: 0,7 ms]
      [Choose CSet: 0,0 ms]
      [Ref Proc: 0,2 ms]
      [Ref Enq: 0,0 ms]
      [Redirty Cards: 0,1 ms]
      [Humongous Register: 0,1 ms]
      [Humongous Reclaim: 0,0 ms]
      [Free CSet: 0,1 ms]
   [Eden: 46,0M(46,0M)->0,0B(46,0M) Survivors: 5120,0K->5120,0K Heap: 200,3M(1024,0M)->154,3M(1024,0M)]
 [Times: user=0,05 sys=0,03, real=0,04 secs] 
2019-06-06T14:15:43.304-0100: 51410,841: [GC pause (G1 Evacuation Pause) (young), 0,0266420 secs]
   [Parallel Time: 19,2 ms, GC Workers: 4]
      [GC Worker Start (ms): Min: 51410846,3, Avg: 51410846,4, Max: 51410846,5, Diff: 0,1]
      [Ext Root Scanning (ms): Min: 6,4, Avg: 7,4, Max: 10,2, Diff: 3,9, Sum: 29,5]
      [Update RS (ms): Min: 0,0, Avg: 2,0, Max: 3,0, Diff: 3,0, Sum: 7,9]
         [Processed Buffers: Min: 0, Avg: 9,2, Max: 31, Diff: 31, Sum: 37]
      [Scan RS (ms): Min: 0,0, Avg: 0,0, Max: 0,0, Diff: 0,0, Sum: 0,0]
      [Code Root Scanning (ms): Min: 0,0, Avg: 0,6, Max: 1,3, Diff: 1,3, Sum: 2,4]
      [Object Copy (ms): Min: 8,4, Avg: 8,7, Max: 9,1, Diff: 0,8, Sum: 34,7]
      [Termination (ms): Min: 0,0, Avg: 0,3, Max: 0,4, Diff: 0,4, Sum: 1,2]
         [Termination Attempts: Min: 2, Avg: 3,5, Max: 5, Diff: 3, Sum: 14]
      [GC Worker Other (ms): Min: 0,0, Avg: 0,0, Max: 0,1, Diff: 0,0, Sum: 0,2]
      [GC Worker Total (ms): Min: 18,9, Avg: 19,0, Max: 19,1, Diff: 0,1, Sum: 76,0]
      [GC Worker End (ms): Min: 51410865,4, Avg: 51410865,4, Max: 51410865,4, Diff: 0,0]
   [Code Root Fixup: 0,0 ms]
   [Code Root Purge: 0,0 ms]
   [Clear CT: 0,1 ms]
   [Other: 7,3 ms]
      [Choose CSet: 0,0 ms]
      [Ref Proc: 0,2 ms]
      [Ref Enq: 0,0 ms]
      [Redirty Cards: 0,1 ms]
      [Humongous Register: 5,2 ms]
      [Humongous Reclaim: 0,0 ms]
      [Free CSet: 0,3 ms]
   [Eden: 46,0M(46,0M)->0,0B(46,0M) Survivors: 5120,0K->5120,0K Heap: 200,3M(1024,0M)->154,8M(1024,0M)]
 [Times: user=0,03 sys=0,03, real=0,03 secs] 
2019-06-06T14:22:00.495-0100: 51788,020: [GC pause (G1 Evacuation Pause) (young), 0,0366654 secs]
   [Parallel Time: 30,5 ms, GC Workers: 4]
      [GC Worker Start (ms): Min: 51788025,4, Avg: 51788025,8, Max: 51788026,4, Diff: 1,0]
      [Ext Root Scanning (ms): Min: 5,8, Avg: 6,5, Max: 8,3, Diff: 2,5, Sum: 26,2]
      [Update RS (ms): Min: 0,5, Avg: 3,0, Max: 5,5, Diff: 5,0, Sum: 11,9]
         [Processed Buffers: Min: 1, Avg: 10,2, Max: 29, Diff: 28, Sum: 41]
      [Scan RS (ms): Min: 0,0, Avg: 0,0, Max: 0,0, Diff: 0,0, Sum: 0,0]
      [Code Root Scanning (ms): Min: 0,0, Avg: 0,3, Max: 1,2, Diff: 1,2, Sum: 1,3]
      [Object Copy (ms): Min: 17,4, Avg: 19,6, Max: 20,9, Diff: 3,6, Sum: 78,4]
      [Termination (ms): Min: 0,0, Avg: 0,5, Max: 0,7, Diff: 0,7, Sum: 1,8]
         [Termination Attempts: Min: 1, Avg: 1,0, Max: 1, Diff: 0, Sum: 4]
      [GC Worker Other (ms): Min: 0,0, Avg: 0,0, Max: 0,0, Diff: 0,0, Sum: 0,1]
      [GC Worker Total (ms): Min: 29,4, Avg: 30,0, Max: 30,4, Diff: 1,0, Sum: 119,9]
      [GC Worker End (ms): Min: 51788055,8, Avg: 51788055,8, Max: 51788055,8, Diff: 0,0]
   [Code Root Fixup: 0,0 ms]
   [Code Root Purge: 0,0 ms]
   [Clear CT: 0,1 ms]
   [Other: 6,1 ms]
      [Choose CSet: 0,0 ms]
      [Ref Proc: 0,4 ms]
      [Ref Enq: 0,0 ms]
      [Redirty Cards: 0,1 ms]
      [Humongous Register: 3,5 ms]
      [Humongous Reclaim: 0,0 ms]
      [Free CSet: 0,4 ms]
   [Eden: 46,0M(46,0M)->0,0B(46,0M) Survivors: 5120,0K->5120,0K Heap: 200,8M(1024,0M)->154,3M(1024,0M)]
 [Times: user=0,02 sys=0,04, real=0,04 secs] 
2019-06-06T14:28:06.692-0100: 52154,206: [GC pause (G1 Evacuation Pause) (young), 0,0199958 secs]
   [Parallel Time: 16,5 ms, GC Workers: 4]
      [GC Worker Start (ms): Min: 52154206,4, Avg: 52154206,6, Max: 52154207,1, Diff: 0,6]
      [Ext Root Scanning (ms): Min: 1,5, Avg: 2,1, Max: 2,6, Diff: 1,1, Sum: 8,3]
      [Update RS (ms): Min: 0,1, Avg: 0,4, Max: 0,5, Diff: 0,4, Sum: 1,6]
         [Processed Buffers: Min: 1, Avg: 9,0, Max: 13, Diff: 12, Sum: 36]
      [Scan RS (ms): Min: 0,0, Avg: 0,0, Max: 0,0, Diff: 0,0, Sum: 0,0]
      [Code Root Scanning (ms): Min: 0,0, Avg: 0,0, Max: 0,0, Diff: 0,0, Sum: 0,0]
      [Object Copy (ms): Min: 8,2, Avg: 8,4, Max: 9,0, Diff: 0,8, Sum: 33,5]
      [Termination (ms): Min: 0,0, Avg: 4,1, Max: 5,5, Diff: 5,5, Sum: 16,3]
         [Termination Attempts: Min: 1, Avg: 1,0, Max: 1, Diff: 0, Sum: 4]
      [GC Worker Other (ms): Min: 0,0, Avg: 0,0, Max: 0,0, Diff: 0,0, Sum: 0,0]
      [GC Worker Total (ms): Min: 11,7, Avg: 15,0, Max: 16,3, Diff: 4,6, Sum: 59,8]
      [GC Worker End (ms): Min: 52154218,2, Avg: 52154221,6, Max: 52154222,8, Diff: 4,6]
   [Code Root Fixup: 0,0 ms]
   [Code Root Purge: 0,0 ms]
   [Clear CT: 0,1 ms]
   [Other: 3,4 ms]
      [Choose CSet: 0,0 ms]
      [Ref Proc: 2,9 ms]
      [Ref Enq: 0,0 ms]
      [Redirty Cards: 0,1 ms]
      [Humongous Register: 0,0 ms]
      [Humongous Reclaim: 0,0 ms]
      [Free CSet: 0,1 ms]
   [Eden: 46,0M(46,0M)->0,0B(47,0M) Survivors: 5120,0K->4096,0K Heap: 200,3M(1024,0M)->153,3M(1024,0M)]
 [Times: user=0,01 sys=0,01, real=0,02 secs] 
2019-06-06T14:34:20.608-0100: 52528,111: [GC pause (G1 Evacuation Pause) (young), 0,0460929 secs]
   [Parallel Time: 35,6 ms, GC Workers: 4]
      [GC Worker Start (ms): Min: 52528111,2, Avg: 52528111,7, Max: 52528112,3, Diff: 1,1]
      [Ext Root Scanning (ms): Min: 0,2, Avg: 1,9, Max: 2,8, Diff: 2,6, Sum: 7,5]
      [Update RS (ms): Min: 0,0, Avg: 3,0, Max: 11,1, Diff: 11,1, Sum: 12,0]
         [Processed Buffers: Min: 1, Avg: 9,8, Max: 30, Diff: 29, Sum: 39]
      [Scan RS (ms): Min: 0,0, Avg: 0,0, Max: 0,0, Diff: 0,0, Sum: 0,0]
      [Code Root Scanning (ms): Min: 0,0, Avg: 0,0, Max: 0,0, Diff: 0,0, Sum: 0,1]
      [Object Copy (ms): Min: 12,7, Avg: 19,9, Max: 23,2, Diff: 10,5, Sum: 79,6]
      [Termination (ms): Min: 0,0, Avg: 7,6, Max: 10,1, Diff: 10,1, Sum: 30,4]
         [Termination Attempts: Min: 1, Avg: 1,0, Max: 1, Diff: 0, Sum: 4]
      [GC Worker Other (ms): Min: 0,0, Avg: 0,0, Max: 0,0, Diff: 0,0, Sum: 0,1]
      [GC Worker Total (ms): Min: 25,7, Avg: 32,4, Max: 34,9, Diff: 9,2, Sum: 129,7]
      [GC Worker End (ms): Min: 52528136,9, Avg: 52528144,1, Max: 52528146,7, Diff: 9,8]
   [Code Root Fixup: 0,0 ms]
   [Code Root Purge: 0,0 ms]
   [Clear CT: 0,1 ms]
   [Other: 10,4 ms]
      [Choose CSet: 0,0 ms]
      [Ref Proc: 9,9 ms]
      [Ref Enq: 0,0 ms]
      [Redirty Cards: 0,0 ms]
      [Humongous Register: 0,1 ms]
      [Humongous Reclaim: 0,0 ms]
      [Free CSet: 0,1 ms]
   [Eden: 47,0M(47,0M)->0,0B(47,0M) Survivors: 4096,0K->4096,0K Heap: 200,3M(1024,0M)->153,9M(1024,0M)]
 [Times: user=0,02 sys=0,02, real=0,05 secs] 
2019-06-06T14:41:32.877-0100: 52960,367: [GC pause (G1 Evacuation Pause) (young), 0,0424512 secs]
   [Parallel Time: 28,3 ms, GC Workers: 4]
      [GC Worker Start (ms): Min: 52960368,3, Avg: 52960368,5, Max: 52960368,7, Diff: 0,5]
      [Ext Root Scanning (ms): Min: 2,1, Avg: 2,3, Max: 2,5, Diff: 0,4, Sum: 9,2]
      [Update RS (ms): Min: 0,0, Avg: 0,8, Max: 2,3, Diff: 2,3, Sum: 3,2]
         [Processed Buffers: Min: 0, Avg: 10,2, Max: 22, Diff: 22, Sum: 41]
      [Scan RS (ms): Min: 0,0, Avg: 0,0, Max: 0,0, Diff: 0,0, Sum: 0,0]
      [Code Root Scanning (ms): Min: 0,0, Avg: 0,0, Max: 0,1, Diff: 0,1, Sum: 0,1]
      [Object Copy (ms): Min: 14,0, Avg: 14,9, Max: 15,5, Diff: 1,5, Sum: 59,5]
      [Termination (ms): Min: 0,0, Avg: 7,6, Max: 10,1, Diff: 10,1, Sum: 30,3]
         [Termination Attempts: Min: 1, Avg: 1,0, Max: 1, Diff: 0, Sum: 4]
      [GC Worker Other (ms): Min: 0,0, Avg: 0,0, Max: 0,0, Diff: 0,0, Sum: 0,1]
      [GC Worker Total (ms): Min: 18,8, Avg: 25,6, Max: 27,9, Diff: 9,1, Sum: 102,4]
      [GC Worker End (ms): Min: 52960387,2, Avg: 52960394,1, Max: 52960396,5, Diff: 9,3]
   [Code Root Fixup: 0,0 ms]
   [Code Root Purge: 0,0 ms]
   [Clear CT: 0,1 ms]
   [Other: 14,1 ms]
      [Choose CSet: 0,0 ms]
      [Ref Proc: 11,4 ms]
      [Ref Enq: 0,0 ms]
      [Redirty Cards: 0,1 ms]
      [Humongous Register: 0,1 ms]
      [Humongous Reclaim: 0,0 ms]
      [Free CSet: 0,1 ms]
   [Eden: 47,0M(47,0M)->0,0B(47,0M) Survivors: 4096,0K->4096,0K Heap: 200,9M(1024,0M)->153,9M(1024,0M)]
 [Times: user=0,02 sys=0,01, real=0,05 secs] 
2019-06-06T14:49:39.277-0100: 53446,752: [GC pause (G1 Evacuation Pause) (young), 0,0177353 secs]
   [Parallel Time: 16,3 ms, GC Workers: 4]
      [GC Worker Start (ms): Min: 53446752,8, Avg: 53446753,5, Max: 53446754,6, Diff: 1,8]
      [Ext Root Scanning (ms): Min: 0,4, Avg: 2,8, Max: 6,0, Diff: 5,7, Sum: 11,2]
      [Update RS (ms): Min: 0,0, Avg: 1,2, Max: 2,8, Diff: 2,8, Sum: 4,9]
         [Processed Buffers: Min: 0, Avg: 9,2, Max: 35, Diff: 35, Sum: 37]
      [Scan RS (ms): Min: 0,0, Avg: 0,0, Max: 0,0, Diff: 0,0, Sum: 0,0]
      [Code Root Scanning (ms): Min: 0,0, Avg: 0,0, Max: 0,0, Diff: 0,0, Sum: 0,0]
      [Object Copy (ms): Min: 9,5, Avg: 11,0, Max: 12,2, Diff: 2,7, Sum: 43,9]
      [Termination (ms): Min: 0,0, Avg: 0,2, Max: 0,4, Diff: 0,4, Sum: 0,9]
         [Termination Attempts: Min: 1, Avg: 1,0, Max: 1, Diff: 0, Sum: 4]
      [GC Worker Other (ms): Min: 0,0, Avg: 0,2, Max: 0,8, Diff: 0,8, Sum: 0,9]
      [GC Worker Total (ms): Min: 14,4, Avg: 15,5, Max: 16,2, Diff: 1,7, Sum: 61,8]
      [GC Worker End (ms): Min: 53446768,9, Avg: 53446769,0, Max: 53446769,0, Diff: 0,0]
   [Code Root Fixup: 0,0 ms]
   [Code Root Purge: 0,0 ms]
   [Clear CT: 0,1 ms]
   [Other: 1,4 ms]
      [Choose CSet: 0,0 ms]
      [Ref Proc: 0,3 ms]
      [Ref Enq: 0,0 ms]
      [Redirty Cards: 0,0 ms]
      [Humongous Register: 0,1 ms]
      [Humongous Reclaim: 0,2 ms]
      [Free CSet: 0,2 ms]
   [Eden: 47,0M(47,0M)->0,0B(47,0M) Survivors: 4096,0K->4096,0K Heap: 200,9M(1024,0M)->153,9M(1024,0M)]
 [Times: user=0,02 sys=0,01, real=0,02 secs] 
2019-06-06T14:57:41.922-0100: 53929,383: [GC pause (G1 Evacuation Pause) (young), 0,0686475 secs]
   [Parallel Time: 47,7 ms, GC Workers: 4]
      [GC Worker Start (ms): Min: 53929392,7, Avg: 53929392,8, Max: 53929392,8, Diff: 0,1]
      [Ext Root Scanning (ms): Min: 13,1, Avg: 15,0, Max: 18,3, Diff: 5,2, Sum: 59,9]
      [Update RS (ms): Min: 0,3, Avg: 4,0, Max: 6,2, Diff: 5,9, Sum: 15,8]
         [Processed Buffers: Min: 1, Avg: 8,8, Max: 18, Diff: 17, Sum: 35]
      [Scan RS (ms): Min: 0,0, Avg: 0,0, Max: 0,0, Diff: 0,0, Sum: 0,0]
      [Code Root Scanning (ms): Min: 0,0, Avg: 0,0, Max: 0,1, Diff: 0,1, Sum: 0,1]
      [Object Copy (ms): Min: 15,6, Avg: 17,0, Max: 17,7, Diff: 2,1, Sum: 67,8]
      [Termination (ms): Min: 0,0, Avg: 7,6, Max: 10,2, Diff: 10,2, Sum: 30,4]
         [Termination Attempts: Min: 1, Avg: 1,0, Max: 1, Diff: 0, Sum: 4]
      [GC Worker Other (ms): Min: 0,0, Avg: 0,3, Max: 1,1, Diff: 1,0, Sum: 1,2]
      [GC Worker Total (ms): Min: 36,6, Avg: 43,8, Max: 46,5, Diff: 10,0, Sum: 175,3]
      [GC Worker End (ms): Min: 53929429,4, Avg: 53929436,6, Max: 53929439,3, Diff: 9,9]
   [Code Root Fixup: 0,0 ms]
   [Code Root Purge: 0,0 ms]
   [Clear CT: 0,1 ms]
   [Other: 20,9 ms]
      [Choose CSet: 0,0 ms]
      [Ref Proc: 10,4 ms]
      [Ref Enq: 0,0 ms]
      [Redirty Cards: 0,0 ms]
      [Humongous Register: 5,3 ms]
      [Humongous Reclaim: 0,0 ms]
      [Free CSet: 1,3 ms]
   [Eden: 47,0M(47,0M)->0,0B(47,0M) Survivors: 4096,0K->4096,0K Heap: 200,9M(1024,0M)->153,9M(1024,0M)]
 [Times: user=0,02 sys=0,04, real=0,07 secs] 
2019-06-06T15:05:15.664-0100: 54383,112: [GC pause (G1 Evacuation Pause) (young), 0,0474578 secs]
   [Parallel Time: 45,6 ms, GC Workers: 4]
      [GC Worker Start (ms): Min: 54383112,2, Avg: 54383112,3, Max: 54383112,4, Diff: 0,2]
      [Ext Root Scanning (ms): Min: 1,4, Avg: 2,0, Max: 2,5, Diff: 1,2, Sum: 7,9]
      [Update RS (ms): Min: 1,0, Avg: 2,1, Max: 4,0, Diff: 3,0, Sum: 8,5]
         [Processed Buffers: Min: 1, Avg: 9,5, Max: 27, Diff: 26, Sum: 38]
      [Scan RS (ms): Min: 0,0, Avg: 0,0, Max: 0,0, Diff: 0,0, Sum: 0,0]
      [Code Root Scanning (ms): Min: 0,0, Avg: 0,0, Max: 0,0, Diff: 0,0, Sum: 0,0]
      [Object Copy (ms): Min: 29,7, Avg: 31,1, Max: 32,4, Diff: 2,8, Sum: 124,6]
      [Termination (ms): Min: 0,0, Avg: 7,3, Max: 10,0, Diff: 10,0, Sum: 29,2]
         [Termination Attempts: Min: 1, Avg: 1,0, Max: 1, Diff: 0, Sum: 4]
      [GC Worker Other (ms): Min: 0,0, Avg: 0,5, Max: 1,0, Diff: 1,0, Sum: 1,9]
      [GC Worker Total (ms): Min: 36,2, Avg: 43,0, Max: 45,5, Diff: 9,3, Sum: 172,1]
      [GC Worker End (ms): Min: 54383148,5, Avg: 54383155,3, Max: 54383157,7, Diff: 9,2]
   [Code Root Fixup: 0,0 ms]
   [Code Root Purge: 0,0 ms]
   [Clear CT: 0,1 ms]
   [Other: 1,8 ms]
      [Choose CSet: 0,0 ms]
      [Ref Proc: 1,3 ms]
      [Ref Enq: 0,0 ms]
      [Redirty Cards: 0,0 ms]
      [Humongous Register: 0,0 ms]
      [Humongous Reclaim: 0,0 ms]
      [Free CSet: 0,2 ms]
   [Eden: 47,0M(47,0M)->0,0B(46,0M) Survivors: 4096,0K->5120,0K Heap: 200,9M(1024,0M)->154,4M(1024,0M)]
 [Times: user=0,02 sys=0,02, real=0,05 secs] 
2019-06-06T15:13:06.162-0100: 54853,597: [GC pause (G1 Evacuation Pause) (young), 0,0440340 secs]
   [Parallel Time: 29,4 ms, GC Workers: 4]
      [GC Worker Start (ms): Min: 54853599,5, Avg: 54853599,6, Max: 54853599,7, Diff: 0,2]
      [Ext Root Scanning (ms): Min: 4,8, Avg: 5,6, Max: 7,6, Diff: 2,8, Sum: 22,4]
      [Update RS (ms): Min: 0,0, Avg: 2,2, Max: 3,4, Diff: 3,4, Sum: 8,7]
         [Processed Buffers: Min: 0, Avg: 9,2, Max: 35, Diff: 35, Sum: 37]
      [Scan RS (ms): Min: 0,0, Avg: 0,0, Max: 0,0, Diff: 0,0, Sum: 0,0]
      [Code Root Scanning (ms): Min: 0,0, Avg: 0,0, Max: 0,1, Diff: 0,1, Sum: 0,1]
      [Object Copy (ms): Min: 10,3, Avg: 11,2, Max: 11,7, Diff: 1,4, Sum: 44,7]
      [Termination (ms): Min: 0,0, Avg: 7,6, Max: 10,1, Diff: 10,1, Sum: 30,3]
         [Termination Attempts: Min: 1, Avg: 1,0, Max: 1, Diff: 0, Sum: 4]
      [GC Worker Other (ms): Min: 0,0, Avg: 0,0, Max: 0,1, Diff: 0,0, Sum: 0,2]
      [GC Worker Total (ms): Min: 19,6, Avg: 26,6, Max: 29,2, Diff: 9,7, Sum: 106,3]
      [GC Worker End (ms): Min: 54853619,2, Avg: 54853626,2, Max: 54853628,8, Diff: 9,6]
   [Code Root Fixup: 0,0 ms]
   [Code Root Purge: 0,0 ms]
   [Clear CT: 0,1 ms]
   [Other: 14,5 ms]
      [Choose CSet: 0,0 ms]
      [Ref Proc: 10,4 ms]
      [Ref Enq: 0,0 ms]
      [Redirty Cards: 0,0 ms]
      [Humongous Register: 2,2 ms]
      [Humongous Reclaim: 0,0 ms]
      [Free CSet: 0,4 ms]
   [Eden: 46,0M(46,0M)->0,0B(47,0M) Survivors: 5120,0K->4096,0K Heap: 200,4M(1024,0M)->153,9M(1024,0M)]
 [Times: user=0,02 sys=0,03, real=0,04 secs] 
2019-06-06T15:21:07.787-0100: 55335,206: [GC pause (G1 Evacuation Pause) (young), 0,0453221 secs]
   [Parallel Time: 39,3 ms, GC Workers: 4]
      [GC Worker Start (ms): Min: 55335211,0, Avg: 55335211,7, Max: 55335212,8, Diff: 1,8]
      [Ext Root Scanning (ms): Min: 6,8, Avg: 10,0, Max: 11,9, Diff: 5,1, Sum: 39,9]
      [Update RS (ms): Min: 2,1, Avg: 4,0, Max: 5,0, Diff: 2,9, Sum: 15,8]
         [Processed Buffers: Min: 1, Avg: 10,0, Max: 22, Diff: 21, Sum: 40]
      [Scan RS (ms): Min: 0,0, Avg: 0,0, Max: 0,0, Diff: 0,0, Sum: 0,0]
      [Code Root Scanning (ms): Min: 0,0, Avg: 0,0, Max: 0,1, Diff: 0,1, Sum: 0,1]
      [Object Copy (ms): Min: 18,0, Avg: 21,6, Max: 24,2, Diff: 6,2, Sum: 86,3]
      [Termination (ms): Min: 0,0, Avg: 2,3, Max: 4,7, Diff: 4,7, Sum: 9,1]
         [Termination Attempts: Min: 1, Avg: 1,2, Max: 2, Diff: 1, Sum: 5]
      [GC Worker Other (ms): Min: 0,1, Avg: 0,4, Max: 1,2, Diff: 1,1, Sum: 1,4]
      [GC Worker Total (ms): Min: 37,0, Avg: 38,2, Max: 38,9, Diff: 1,9, Sum: 152,7]
      [GC Worker End (ms): Min: 55335249,8, Avg: 55335249,9, Max: 55335250,0, Diff: 0,2]
   [Code Root Fixup: 0,0 ms]
   [Code Root Purge: 0,0 ms]
   [Clear CT: 0,1 ms]
   [Other: 6,0 ms]
      [Choose CSet: 0,0 ms]
      [Ref Proc: 0,4 ms]
      [Ref Enq: 0,0 ms]
      [Redirty Cards: 0,0 ms]
      [Humongous Register: 4,1 ms]
      [Humongous Reclaim: 0,0 ms]
      [Free CSet: 0,4 ms]
   [Eden: 47,0M(47,0M)->0,0B(47,0M) Survivors: 4096,0K->4096,0K Heap: 200,9M(1024,0M)->153,9M(1024,0M)]
 [Times: user=0,03 sys=0,05, real=0,05 secs] 
2019-06-06T15:29:15.791-0100: 55823,196: [GC pause (G1 Evacuation Pause) (young), 0,0238906 secs]
   [Parallel Time: 21,9 ms, GC Workers: 4]
      [GC Worker Start (ms): Min: 55823196,0, Avg: 55823196,1, Max: 55823196,2, Diff: 0,2]
      [Ext Root Scanning (ms): Min: 2,8, Avg: 3,3, Max: 3,7, Diff: 1,0, Sum: 13,2]
      [Update RS (ms): Min: 0,0, Avg: 0,5, Max: 1,0, Diff: 1,0, Sum: 2,1]
         [Processed Buffers: Min: 0, Avg: 9,2, Max: 17, Diff: 17, Sum: 37]
      [Scan RS (ms): Min: 0,0, Avg: 0,0, Max: 0,0, Diff: 0,0, Sum: 0,0]
      [Code Root Scanning (ms): Min: 0,0, Avg: 0,0, Max: 0,0, Diff: 0,0, Sum: 0,0]
      [Object Copy (ms): Min: 16,4, Avg: 16,8, Max: 17,4, Diff: 1,1, Sum: 67,2]
      [Termination (ms): Min: 0,0, Avg: 0,3, Max: 0,7, Diff: 0,7, Sum: 1,4]
         [Termination Attempts: Min: 1, Avg: 1,0, Max: 1, Diff: 0, Sum: 4]
      [GC Worker Other (ms): Min: 0,0, Avg: 0,7, Max: 0,9, Diff: 0,9, Sum: 2,8]
      [GC Worker Total (ms): Min: 21,6, Avg: 21,7, Max: 21,8, Diff: 0,1, Sum: 86,8]
      [GC Worker End (ms): Min: 55823217,8, Avg: 55823217,8, Max: 55823217,9, Diff: 0,1]
   [Code Root Fixup: 0,0 ms]
   [Code Root Purge: 0,0 ms]
   [Clear CT: 0,1 ms]
   [Other: 1,9 ms]
      [Choose CSet: 0,0 ms]
      [Ref Proc: 1,3 ms]
      [Ref Enq: 0,0 ms]
      [Redirty Cards: 0,1 ms]
      [Humongous Register: 0,1 ms]
      [Humongous Reclaim: 0,0 ms]
      [Free CSet: 0,1 ms]
   [Eden: 47,0M(47,0M)->0,0B(46,0M) Survivors: 4096,0K->5120,0K Heap: 200,9M(1024,0M)->154,4M(1024,0M)]
 [Times: user=0,02 sys=0,01, real=0,02 secs] 
2019-06-06T15:37:10.195-0100: 56297,585: [GC pause (G1 Evacuation Pause) (young), 0,0187386 secs]
   [Parallel Time: 17,4 ms, GC Workers: 4]
      [GC Worker Start (ms): Min: 56297585,7, Avg: 56297585,8, Max: 56297585,8, Diff: 0,1]
      [Ext Root Scanning (ms): Min: 2,0, Avg: 3,4, Max: 7,2, Diff: 5,2, Sum: 13,6]
      [Update RS (ms): Min: 0,0, Avg: 0,5, Max: 1,1, Diff: 1,1, Sum: 2,0]
         [Processed Buffers: Min: 0, Avg: 9,0, Max: 19, Diff: 19, Sum: 36]
      [Scan RS (ms): Min: 0,0, Avg: 0,0, Max: 0,0, Diff: 0,0, Sum: 0,1]
      [Code Root Scanning (ms): Min: 0,0, Avg: 0,0, Max: 0,0, Diff: 0,0, Sum: 0,0]
      [Object Copy (ms): Min: 6,5, Avg: 9,3, Max: 10,7, Diff: 4,2, Sum: 37,3]
      [Termination (ms): Min: 0,0, Avg: 3,1, Max: 4,3, Diff: 4,3, Sum: 12,5]
         [Termination Attempts: Min: 1, Avg: 1,0, Max: 1, Diff: 0, Sum: 4]
      [GC Worker Other (ms): Min: 0,0, Avg: 0,0, Max: 0,0, Diff: 0,0, Sum: 0,1]
      [GC Worker Total (ms): Min: 13,7, Avg: 16,4, Max: 17,3, Diff: 3,6, Sum: 65,6]
      [GC Worker End (ms): Min: 56297599,5, Avg: 56297602,2, Max: 56297603,1, Diff: 3,6]
   [Code Root Fixup: 0,0 ms]
   [Code Root Purge: 0,0 ms]
   [Clear CT: 0,1 ms]
   [Other: 1,3 ms]
      [Choose CSet: 0,0 ms]
      [Ref Proc: 0,3 ms]
      [Ref Enq: 0,0 ms]
      [Redirty Cards: 0,0 ms]
      [Humongous Register: 0,3 ms]
      [Humongous Reclaim: 0,0 ms]
      [Free CSet: 0,1 ms]
   [Eden: 46,0M(46,0M)->0,0B(47,0M) Survivors: 5120,0K->4096,0K Heap: 200,4M(1024,0M)->153,9M(1024,0M)]
 [Times: user=0,02 sys=0,01, real=0,02 secs] 
2019-06-06T15:45:19.444-0100: 56786,820: [GC pause (G1 Evacuation Pause) (young), 0,0499230 secs]
   [Parallel Time: 45,6 ms, GC Workers: 4]
      [GC Worker Start (ms): Min: 56786822,8, Avg: 56786822,9, Max: 56786822,9, Diff: 0,2]
      [Ext Root Scanning (ms): Min: 1,2, Avg: 4,8, Max: 8,5, Diff: 7,3, Sum: 19,1]
      [Update RS (ms): Min: 1,5, Avg: 2,0, Max: 2,4, Diff: 0,9, Sum: 8,0]
         [Processed Buffers: Min: 1, Avg: 9,2, Max: 32, Diff: 31, Sum: 37]
      [Scan RS (ms): Min: 0,0, Avg: 0,0, Max: 0,0, Diff: 0,0, Sum: 0,0]
      [Code Root Scanning (ms): Min: 0,0, Avg: 0,0, Max: 0,2, Diff: 0,2, Sum: 0,2]
      [Object Copy (ms): Min: 25,0, Avg: 25,2, Max: 25,5, Diff: 0,5, Sum: 101,0]
      [Termination (ms): Min: 0,0, Avg: 7,6, Max: 10,1, Diff: 10,1, Sum: 30,3]
         [Termination Attempts: Min: 1, Avg: 1,0, Max: 1, Diff: 0, Sum: 4]
      [GC Worker Other (ms): Min: 0,1, Avg: 3,1, Max: 6,4, Diff: 6,3, Sum: 12,4]
      [GC Worker Total (ms): Min: 35,5, Avg: 42,8, Max: 45,4, Diff: 9,9, Sum: 171,0]
      [GC Worker End (ms): Min: 56786858,4, Avg: 56786865,6, Max: 56786868,2, Diff: 9,8]
   [Code Root Fixup: 0,0 ms]
   [Code Root Purge: 0,0 ms]
   [Clear CT: 0,1 ms]
   [Other: 4,2 ms]
      [Choose CSet: 0,0 ms]
      [Ref Proc: 0,3 ms]
      [Ref Enq: 0,0 ms]
      [Redirty Cards: 0,1 ms]
      [Humongous Register: 2,5 ms]
      [Humongous Reclaim: 0,0 ms]
      [Free CSet: 0,4 ms]
   [Eden: 47,0M(47,0M)->0,0B(47,0M) Survivors: 4096,0K->4096,0K Heap: 200,9M(1024,0M)->153,9M(1024,0M)]
 [Times: user=0,02 sys=0,05, real=0,05 secs] 
2019-06-06T15:53:23.904-0100: 57271,265: [GC pause (G1 Evacuation Pause) (young), 0,0357235 secs]
   [Parallel Time: 32,2 ms, GC Workers: 4]
      [GC Worker Start (ms): Min: 57271265,3, Avg: 57271265,4, Max: 57271265,5, Diff: 0,1]
      [Ext Root Scanning (ms): Min: 1,0, Avg: 6,5, Max: 18,7, Diff: 17,8, Sum: 26,1]
      [Update RS (ms): Min: 0,0, Avg: 0,5, Max: 1,0, Diff: 1,0, Sum: 1,8]
         [Processed Buffers: Min: 0, Avg: 9,2, Max: 26, Diff: 26, Sum: 37]
      [Scan RS (ms): Min: 0,0, Avg: 0,0, Max: 0,0, Diff: 0,0, Sum: 0,0]
      [Code Root Scanning (ms): Min: 0,0, Avg: 0,0, Max: 0,0, Diff: 0,0, Sum: 0,0]
      [Object Copy (ms): Min: 9,9, Avg: 20,7, Max: 25,4, Diff: 15,5, Sum: 82,9]
      [Termination (ms): Min: 0,0, Avg: 2,9, Max: 4,1, Diff: 4,1, Sum: 11,6]
         [Termination Attempts: Min: 1, Avg: 1,0, Max: 1, Diff: 0, Sum: 4]
      [GC Worker Other (ms): Min: 0,0, Avg: 0,5, Max: 1,1, Diff: 1,1, Sum: 2,1]
      [GC Worker Total (ms): Min: 28,6, Avg: 31,2, Max: 32,1, Diff: 3,5, Sum: 124,6]
      [GC Worker End (ms): Min: 57271294,0, Avg: 57271296,5, Max: 57271297,4, Diff: 3,5]
   [Code Root Fixup: 0,0 ms]
   [Code Root Purge: 0,0 ms]
   [Clear CT: 0,1 ms]
   [Other: 3,5 ms]
      [Choose CSet: 0,0 ms]
      [Ref Proc: 3,0 ms]
      [Ref Enq: 0,0 ms]
      [Redirty Cards: 0,1 ms]
      [Humongous Register: 0,0 ms]
      [Humongous Reclaim: 0,0 ms]
      [Free CSet: 0,1 ms]
   [Eden: 47,0M(47,0M)->0,0B(46,0M) Survivors: 4096,0K->5120,0K Heap: 200,9M(1024,0M)->154,4M(1024,0M)]
 [Times: user=0,02 sys=0,01, real=0,04 secs] 
2019-06-06T16:00:42.492-0100: 57709,808: [GC pause (G1 Evacuation Pause) (young), 0,0104070 secs]
   [Parallel Time: 9,7 ms, GC Workers: 4]
      [GC Worker Start (ms): Min: 57709807,7, Avg: 57709807,8, Max: 57709808,0, Diff: 0,3]
      [Ext Root Scanning (ms): Min: 1,0, Avg: 2,3, Max: 4,9, Diff: 3,8, Sum: 9,0]
      [Update RS (ms): Min: 0,0, Avg: 0,5, Max: 1,1, Diff: 1,1, Sum: 2,0]
         [Processed Buffers: Min: 0, Avg: 9,5, Max: 20, Diff: 20, Sum: 38]
      [Scan RS (ms): Min: 0,0, Avg: 0,0, Max: 0,0, Diff: 0,0, Sum: 0,0]
      [Code Root Scanning (ms): Min: 0,0, Avg: 0,0, Max: 0,0, Diff: 0,0, Sum: 0,0]
      [Object Copy (ms): Min: 3,9, Avg: 6,2, Max: 7,5, Diff: 3,6, Sum: 24,7]
      [Termination (ms): Min: 0,0, Avg: 0,6, Max: 0,8, Diff: 0,8, Sum: 2,3]
         [Termination Attempts: Min: 1, Avg: 1,0, Max: 1, Diff: 0, Sum: 4]
      [GC Worker Other (ms): Min: 0,0, Avg: 0,0, Max: 0,0, Diff: 0,0, Sum: 0,1]
      [GC Worker Total (ms): Min: 9,3, Avg: 9,5, Max: 9,6, Diff: 0,3, Sum: 38,2]
      [GC Worker End (ms): Min: 57709817,3, Avg: 57709817,3, Max: 57709817,3, Diff: 0,0]
   [Code Root Fixup: 0,0 ms]
   [Code Root Purge: 0,0 ms]
   [Clear CT: 0,1 ms]
   [Other: 0,6 ms]
      [Choose CSet: 0,0 ms]
      [Ref Proc: 0,2 ms]
      [Ref Enq: 0,0 ms]
      [Redirty Cards: 0,1 ms]
      [Humongous Register: 0,0 ms]
      [Humongous Reclaim: 0,0 ms]
      [Free CSet: 0,1 ms]
   [Eden: 46,0M(46,0M)->0,0B(47,0M) Survivors: 5120,0K->4096,0K Heap: 200,4M(1024,0M)->153,9M(1024,0M)]
 [Times: user=0,02 sys=0,00, real=0,01 secs] 
2019-06-06T16:08:46.546-0100: 58193,847: [GC pause (G1 Evacuation Pause) (young), 0,0141987 secs]
   [Parallel Time: 13,5 ms, GC Workers: 4]
      [GC Worker Start (ms): Min: 58193846,9, Avg: 58193846,9, Max: 58193847,1, Diff: 0,2]
      [Ext Root Scanning (ms): Min: 0,6, Avg: 1,3, Max: 2,4, Diff: 1,8, Sum: 5,4]
      [Update RS (ms): Min: 0,0, Avg: 0,5, Max: 1,0, Diff: 1,0, Sum: 2,0]
         [Processed Buffers: Min: 0, Avg: 9,2, Max: 19, Diff: 19, Sum: 37]
      [Scan RS (ms): Min: 0,0, Avg: 0,0, Max: 0,0, Diff: 0,0, Sum: 0,0]
      [Code Root Scanning (ms): Min: 0,0, Avg: 0,0, Max: 0,0, Diff: 0,0, Sum: 0,0]
      [Object Copy (ms): Min: 10,5, Avg: 10,9, Max: 11,2, Diff: 0,7, Sum: 43,4]
      [Termination (ms): Min: 0,0, Avg: 0,6, Max: 1,1, Diff: 1,1, Sum: 2,3]
         [Termination Attempts: Min: 1, Avg: 1,0, Max: 1, Diff: 0, Sum: 4]
      [GC Worker Other (ms): Min: 0,0, Avg: 0,0, Max: 0,0, Diff: 0,0, Sum: 0,0]
      [GC Worker Total (ms): Min: 13,2, Avg: 13,3, Max: 13,4, Diff: 0,2, Sum: 53,2]
      [GC Worker End (ms): Min: 58193860,2, Avg: 58193860,2, Max: 58193860,3, Diff: 0,0]
   [Code Root Fixup: 0,0 ms]
   [Code Root Purge: 0,0 ms]
   [Clear CT: 0,0 ms]
   [Other: 0,7 ms]
      [Choose CSet: 0,0 ms]
      [Ref Proc: 0,2 ms]
      [Ref Enq: 0,0 ms]
      [Redirty Cards: 0,1 ms]
      [Humongous Register: 0,1 ms]
      [Humongous Reclaim: 0,0 ms]
      [Free CSet: 0,1 ms]
   [Eden: 47,0M(47,0M)->0,0B(47,0M) Survivors: 4096,0K->4096,0K Heap: 200,9M(1024,0M)->153,4M(1024,0M)]
 [Times: user=0,02 sys=0,01, real=0,04 secs] 
2019-06-06T16:16:55.828-0100: 58683,114: [GC pause (G1 Evacuation Pause) (young), 0,0092630 secs]
   [Parallel Time: 7,5 ms, GC Workers: 4]
      [GC Worker Start (ms): Min: 58683114,0, Avg: 58683114,0, Max: 58683114,2, Diff: 0,2]
      [Ext Root Scanning (ms): Min: 0,4, Avg: 0,8, Max: 1,4, Diff: 1,0, Sum: 3,0]
      [Update RS (ms): Min: 0,0, Avg: 0,5, Max: 0,7, Diff: 0,7, Sum: 1,8]
         [Processed Buffers: Min: 0, Avg: 9,5, Max: 29, Diff: 29, Sum: 38]
      [Scan RS (ms): Min: 0,0, Avg: 0,0, Max: 0,0, Diff: 0,0, Sum: 0,0]
      [Code Root Scanning (ms): Min: 0,0, Avg: 0,0, Max: 0,0, Diff: 0,0, Sum: 0,0]
      [Object Copy (ms): Min: 4,9, Avg: 5,4, Max: 5,9, Diff: 1,0, Sum: 21,5]
      [Termination (ms): Min: 0,0, Avg: 0,7, Max: 1,3, Diff: 1,3, Sum: 2,9]
         [Termination Attempts: Min: 1, Avg: 1,0, Max: 1, Diff: 0, Sum: 4]
      [GC Worker Other (ms): Min: 0,0, Avg: 0,0, Max: 0,0, Diff: 0,0, Sum: 0,1]
      [GC Worker Total (ms): Min: 7,2, Avg: 7,4, Max: 7,4, Diff: 0,2, Sum: 29,4]
      [GC Worker End (ms): Min: 58683121,4, Avg: 58683121,4, Max: 58683121,4, Diff: 0,0]
   [Code Root Fixup: 0,0 ms]
   [Code Root Purge: 0,0 ms]
   [Clear CT: 0,1 ms]
   [Other: 1,7 ms]
      [Choose CSet: 0,0 ms]
      [Ref Proc: 1,4 ms]
      [Ref Enq: 0,0 ms]
      [Redirty Cards: 0,0 ms]
      [Humongous Register: 0,0 ms]
      [Humongous Reclaim: 0,0 ms]
      [Free CSet: 0,0 ms]
   [Eden: 47,0M(47,0M)->0,0B(46,0M) Survivors: 4096,0K->5120,0K Heap: 200,4M(1024,0M)->154,9M(1024,0M)]
 [Times: user=0,03 sys=0,00, real=0,01 secs] 
2019-06-06T16:24:50.850-0100: 59158,114: [GC pause (G1 Evacuation Pause) (young), 0,0125987 secs]
   [Parallel Time: 11,8 ms, GC Workers: 4]
      [GC Worker Start (ms): Min: 59158114,2, Avg: 59158114,2, Max: 59158114,2, Diff: 0,0]
      [Ext Root Scanning (ms): Min: 0,5, Avg: 1,5, Max: 4,2, Diff: 3,7, Sum: 5,8]
      [Update RS (ms): Min: 0,0, Avg: 0,9, Max: 1,5, Diff: 1,5, Sum: 3,7]
         [Processed Buffers: Min: 0, Avg: 9,2, Max: 34, Diff: 34, Sum: 37]
      [Scan RS (ms): Min: 0,0, Avg: 0,0, Max: 0,2, Diff: 0,2, Sum: 0,2]
      [Code Root Scanning (ms): Min: 0,0, Avg: 0,0, Max: 0,0, Diff: 0,0, Sum: 0,0]
      [Object Copy (ms): Min: 6,9, Avg: 8,6, Max: 9,6, Diff: 2,7, Sum: 34,5]
      [Termination (ms): Min: 0,0, Avg: 0,6, Max: 1,1, Diff: 1,1, Sum: 2,5]
         [Termination Attempts: Min: 1, Avg: 1,0, Max: 1, Diff: 0, Sum: 4]
      [GC Worker Other (ms): Min: 0,0, Avg: 0,0, Max: 0,1, Diff: 0,0, Sum: 0,1]
      [GC Worker Total (ms): Min: 11,7, Avg: 11,7, Max: 11,7, Diff: 0,0, Sum: 46,7]
      [GC Worker End (ms): Min: 59158125,9, Avg: 59158125,9, Max: 59158125,9, Diff: 0,0]
   [Code Root Fixup: 0,0 ms]
   [Code Root Purge: 0,0 ms]
   [Clear CT: 0,1 ms]
   [Other: 0,7 ms]
      [Choose CSet: 0,0 ms]
      [Ref Proc: 0,2 ms]
      [Ref Enq: 0,0 ms]
      [Redirty Cards: 0,1 ms]
      [Humongous Register: 0,0 ms]
      [Humongous Reclaim: 0,0 ms]
      [Free CSet: 0,1 ms]
   [Eden: 46,0M(46,0M)->0,0B(63,0M) Survivors: 5120,0K->5120,0K Heap: 200,9M(1024,0M)->154,5M(1024,0M)]
 [Times: user=0,02 sys=0,01, real=0,01 secs] 
2019-06-06T16:35:30.868-0100: 59798,113: [GC pause (G1 Evacuation Pause) (young), 0,0460311 secs]
   [Parallel Time: 44,3 ms, GC Workers: 4]
      [GC Worker Start (ms): Min: 59798113,5, Avg: 59798113,6, Max: 59798113,9, Diff: 0,3]
      [Ext Root Scanning (ms): Min: 1,6, Avg: 2,8, Max: 3,7, Diff: 2,2, Sum: 11,2]
      [Update RS (ms): Min: 0,0, Avg: 0,4, Max: 1,3, Diff: 1,3, Sum: 1,6]
         [Processed Buffers: Min: 0, Avg: 9,2, Max: 20, Diff: 20, Sum: 37]
      [Scan RS (ms): Min: 0,0, Avg: 0,0, Max: 0,0, Diff: 0,0, Sum: 0,0]
      [Code Root Scanning (ms): Min: 0,0, Avg: 0,0, Max: 0,0, Diff: 0,0, Sum: 0,0]
      [Object Copy (ms): Min: 39,3, Avg: 40,2, Max: 40,6, Diff: 1,4, Sum: 160,7]
      [Termination (ms): Min: 0,0, Avg: 0,5, Max: 0,6, Diff: 0,6, Sum: 1,8]
         [Termination Attempts: Min: 1, Avg: 1,0, Max: 1, Diff: 0, Sum: 4]
      [GC Worker Other (ms): Min: 0,0, Avg: 0,3, Max: 1,1, Diff: 1,1, Sum: 1,1]
      [GC Worker Total (ms): Min: 43,9, Avg: 44,1, Max: 44,2, Diff: 0,3, Sum: 176,5]
      [GC Worker End (ms): Min: 59798157,7, Avg: 59798157,7, Max: 59798157,8, Diff: 0,0]
   [Code Root Fixup: 0,0 ms]
   [Code Root Purge: 0,0 ms]
   [Clear CT: 0,1 ms]
   [Other: 1,6 ms]
      [Choose CSet: 0,0 ms]
      [Ref Proc: 1,3 ms]
      [Ref Enq: 0,0 ms]
      [Redirty Cards: 0,1 ms]
      [Humongous Register: 0,0 ms]
      [Humongous Reclaim: 0,0 ms]
      [Free CSet: 0,1 ms]
   [Eden: 62,0M(62,0M)->0,0B(46,0M) Survivors: 5120,0K->5120,0K Heap: 216,5M(1024,0M)->154,5M(1024,0M)]
 [Times: user=0,02 sys=0,03, real=0,05 secs] 
2019-06-06T16:42:32.973-0100: 60220,201: [GC pause (G1 Evacuation Pause) (young), 0,0131948 secs]
   [Parallel Time: 11,9 ms, GC Workers: 4]
      [GC Worker Start (ms): Min: 60220201,7, Avg: 60220201,8, Max: 60220201,9, Diff: 0,2]
      [Ext Root Scanning (ms): Min: 0,6, Avg: 0,7, Max: 0,8, Diff: 0,2, Sum: 2,9]
      [Update RS (ms): Min: 2,1, Avg: 3,2, Max: 4,6, Diff: 2,6, Sum: 12,7]
         [Processed Buffers: Min: 1, Avg: 10,0, Max: 26, Diff: 25, Sum: 40]
      [Scan RS (ms): Min: 0,0, Avg: 0,0, Max: 0,0, Diff: 0,0, Sum: 0,0]
      [Code Root Scanning (ms): Min: 0,0, Avg: 0,0, Max: 0,0, Diff: 0,0, Sum: 0,0]
      [Object Copy (ms): Min: 6,0, Avg: 7,5, Max: 8,6, Diff: 2,6, Sum: 30,1]
      [Termination (ms): Min: 0,0, Avg: 0,2, Max: 0,3, Diff: 0,3, Sum: 0,8]
         [Termination Attempts: Min: 1, Avg: 1,5, Max: 2, Diff: 1, Sum: 6]
      [GC Worker Other (ms): Min: 0,0, Avg: 0,0, Max: 0,0, Diff: 0,0, Sum: 0,1]
      [GC Worker Total (ms): Min: 11,6, Avg: 11,7, Max: 11,8, Diff: 0,2, Sum: 46,7]
      [GC Worker End (ms): Min: 60220213,3, Avg: 60220213,5, Max: 60220213,5, Diff: 0,2]
   [Code Root Fixup: 0,0 ms]
   [Code Root Purge: 0,0 ms]
   [Clear CT: 0,1 ms]
   [Other: 1,2 ms]
      [Choose CSet: 0,0 ms]
      [Ref Proc: 0,3 ms]
      [Ref Enq: 0,0 ms]
      [Redirty Cards: 0,1 ms]
      [Humongous Register: 0,2 ms]
      [Humongous Reclaim: 0,0 ms]
      [Free CSet: 0,1 ms]
   [Eden: 46,0M(46,0M)->0,0B(47,0M) Survivors: 5120,0K->4096,0K Heap: 200,5M(1024,0M)->154,0M(1024,0M)]
 [Times: user=0,03 sys=0,00, real=0,01 secs] 
2019-06-06T16:48:13.731-0100: 60560,950: [GC pause (G1 Evacuation Pause) (young), 0,0404312 secs]
   [Parallel Time: 37,8 ms, GC Workers: 4]
      [GC Worker Start (ms): Min: 60560950,0, Avg: 60560950,6, Max: 60560951,2, Diff: 1,2]
      [Ext Root Scanning (ms): Min: 0,3, Avg: 1,1, Max: 1,6, Diff: 1,3, Sum: 4,3]
      [Update RS (ms): Min: 0,7, Avg: 0,8, Max: 0,9, Diff: 0,2, Sum: 3,2]
         [Processed Buffers: Min: 1, Avg: 9,2, Max: 18, Diff: 17, Sum: 37]
      [Scan RS (ms): Min: 0,0, Avg: 0,0, Max: 0,0, Diff: 0,0, Sum: 0,0]
      [Code Root Scanning (ms): Min: 0,0, Avg: 0,0, Max: 0,0, Diff: 0,0, Sum: 0,0]
      [Object Copy (ms): Min: 33,6, Avg: 34,2, Max: 35,1, Diff: 1,5, Sum: 137,0]
      [Termination (ms): Min: 0,0, Avg: 0,8, Max: 1,1, Diff: 1,1, Sum: 3,1]
         [Termination Attempts: Min: 1, Avg: 1,8, Max: 3, Diff: 2, Sum: 7]
      [GC Worker Other (ms): Min: 0,0, Avg: 0,0, Max: 0,0, Diff: 0,0, Sum: 0,1]
      [GC Worker Total (ms): Min: 36,3, Avg: 36,9, Max: 37,5, Diff: 1,2, Sum: 147,6]
      [GC Worker End (ms): Min: 60560987,4, Avg: 60560987,5, Max: 60560987,5, Diff: 0,1]
   [Code Root Fixup: 0,0 ms]
   [Code Root Purge: 0,0 ms]
   [Clear CT: 0,1 ms]
   [Other: 2,5 ms]
      [Choose CSet: 0,0 ms]
      [Ref Proc: 2,0 ms]
      [Ref Enq: 0,0 ms]
      [Redirty Cards: 0,1 ms]
      [Humongous Register: 0,1 ms]
      [Humongous Reclaim: 0,0 ms]
      [Free CSet: 0,1 ms]
   [Eden: 47,0M(47,0M)->0,0B(46,0M) Survivors: 4096,0K->5120,0K Heap: 201,0M(1024,0M)->155,0M(1024,0M)]
 [Times: user=0,03 sys=0,04, real=0,04 secs] 
2019-06-06T16:51:12.512-0100: 60739,724: [GC pause (G1 Evacuation Pause) (young), 0,0120482 secs]
   [Parallel Time: 10,3 ms, GC Workers: 4]
      [GC Worker Start (ms): Min: 60739724,4, Avg: 60739724,5, Max: 60739724,5, Diff: 0,1]
      [Ext Root Scanning (ms): Min: 2,1, Avg: 2,7, Max: 3,4, Diff: 1,3, Sum: 11,0]
      [Update RS (ms): Min: 0,0, Avg: 0,7, Max: 1,5, Diff: 1,5, Sum: 2,9]
         [Processed Buffers: Min: 0, Avg: 10,0, Max: 37, Diff: 37, Sum: 40]
      [Scan RS (ms): Min: 0,0, Avg: 0,0, Max: 0,0, Diff: 0,0, Sum: 0,0]
      [Code Root Scanning (ms): Min: 0,0, Avg: 0,0, Max: 0,0, Diff: 0,0, Sum: 0,0]
      [Object Copy (ms): Min: 6,2, Avg: 6,6, Max: 6,8, Diff: 0,6, Sum: 26,4]
      [Termination (ms): Min: 0,0, Avg: 0,1, Max: 0,4, Diff: 0,4, Sum: 0,5]
         [Termination Attempts: Min: 1, Avg: 1,2, Max: 2, Diff: 1, Sum: 5]
      [GC Worker Other (ms): Min: 0,0, Avg: 0,0, Max: 0,0, Diff: 0,0, Sum: 0,1]
      [GC Worker Total (ms): Min: 10,2, Avg: 10,2, Max: 10,2, Diff: 0,1, Sum: 40,8]
      [GC Worker End (ms): Min: 60739734,7, Avg: 60739734,7, Max: 60739734,7, Diff: 0,0]
   [Code Root Fixup: 0,0 ms]
   [Code Root Purge: 0,0 ms]
   [Clear CT: 0,1 ms]
   [Other: 1,6 ms]
      [Choose CSet: 0,0 ms]
      [Ref Proc: 1,3 ms]
      [Ref Enq: 0,0 ms]
      [Redirty Cards: 0,1 ms]
      [Humongous Register: 0,0 ms]
      [Humongous Reclaim: 0,0 ms]
      [Free CSet: 0,0 ms]
   [Eden: 46,0M(46,0M)->0,0B(46,0M) Survivors: 5120,0K->5120,0K Heap: 201,0M(1024,0M)->154,5M(1024,0M)]
 [Times: user=0,02 sys=0,01, real=0,01 secs] 
2019-06-06T16:54:14.209-0100: 60921,417: [GC pause (G1 Evacuation Pause) (young), 0,0093575 secs]
   [Parallel Time: 8,6 ms, GC Workers: 4]
      [GC Worker Start (ms): Min: 60921416,9, Avg: 60921416,9, Max: 60921417,1, Diff: 0,2]
      [Ext Root Scanning (ms): Min: 1,9, Avg: 1,9, Max: 2,0, Diff: 0,2, Sum: 7,8]
      [Update RS (ms): Min: 0,0, Avg: 0,4, Max: 0,6, Diff: 0,6, Sum: 1,7]
         [Processed Buffers: Min: 0, Avg: 9,2, Max: 29, Diff: 29, Sum: 37]
      [Scan RS (ms): Min: 0,0, Avg: 0,0, Max: 0,0, Diff: 0,0, Sum: 0,0]
      [Code Root Scanning (ms): Min: 0,0, Avg: 0,0, Max: 0,0, Diff: 0,0, Sum: 0,0]
      [Object Copy (ms): Min: 4,9, Avg: 5,2, Max: 5,6, Diff: 0,8, Sum: 20,8]
      [Termination (ms): Min: 0,0, Avg: 0,8, Max: 1,1, Diff: 1,1, Sum: 3,0]
         [Termination Attempts: Min: 1, Avg: 1,0, Max: 1, Diff: 0, Sum: 4]
      [GC Worker Other (ms): Min: 0,0, Avg: 0,0, Max: 0,0, Diff: 0,0, Sum: 0,0]
      [GC Worker Total (ms): Min: 8,0, Avg: 8,3, Max: 8,6, Diff: 0,6, Sum: 33,4]
      [GC Worker End (ms): Min: 60921424,9, Avg: 60921425,3, Max: 60921425,5, Diff: 0,5]
   [Code Root Fixup: 0,0 ms]
   [Code Root Purge: 0,0 ms]
   [Clear CT: 0,1 ms]
   [Other: 0,7 ms]
      [Choose CSet: 0,0 ms]
      [Ref Proc: 0,2 ms]
      [Ref Enq: 0,0 ms]
      [Redirty Cards: 0,1 ms]
      [Humongous Register: 0,0 ms]
      [Humongous Reclaim: 0,0 ms]
      [Free CSet: 0,1 ms]
   [Eden: 46,0M(46,0M)->0,0B(60,0M) Survivors: 5120,0K->4096,0K Heap: 200,5M(1024,0M)->154,0M(1024,0M)]
 [Times: user=0,02 sys=0,00, real=0,01 secs] 
2019-06-06T16:58:15.747-0100: 61162,943: [GC pause (G1 Evacuation Pause) (young), 0,0596360 secs]
   [Parallel Time: 49,7 ms, GC Workers: 4]
      [GC Worker Start (ms): Min: 61162949,2, Avg: 61162949,4, Max: 61162949,6, Diff: 0,3]
      [Ext Root Scanning (ms): Min: 5,9, Avg: 8,6, Max: 13,2, Diff: 7,3, Sum: 34,2]
      [Update RS (ms): Min: 1,4, Avg: 4,7, Max: 7,4, Diff: 6,0, Sum: 18,9]
         [Processed Buffers: Min: 2, Avg: 9,8, Max: 28, Diff: 26, Sum: 39]
      [Scan RS (ms): Min: 0,0, Avg: 0,0, Max: 0,1, Diff: 0,1, Sum: 0,1]
      [Code Root Scanning (ms): Min: 0,0, Avg: 0,0, Max: 0,0, Diff: 0,0, Sum: 0,0]
      [Object Copy (ms): Min: 32,0, Avg: 33,9, Max: 36,0, Diff: 4,0, Sum: 135,5]
      [Termination (ms): Min: 0,0, Avg: 1,8, Max: 2,7, Diff: 2,7, Sum: 7,1]
         [Termination Attempts: Min: 1, Avg: 1,0, Max: 1, Diff: 0, Sum: 4]
      [GC Worker Other (ms): Min: 0,0, Avg: 0,0, Max: 0,1, Diff: 0,0, Sum: 0,2]
      [GC Worker Total (ms): Min: 47,7, Avg: 49,0, Max: 49,5, Diff: 1,8, Sum: 196,0]
      [GC Worker End (ms): Min: 61162997,3, Avg: 61162998,4, Max: 61162998,8, Diff: 1,5]
   [Code Root Fixup: 0,0 ms]
   [Code Root Purge: 0,0 ms]
   [Clear CT: 0,4 ms]
   [Other: 9,5 ms]
      [Choose CSet: 0,0 ms]
      [Ref Proc: 1,0 ms]
      [Ref Enq: 0,0 ms]
      [Redirty Cards: 0,1 ms]
      [Humongous Register: 4,3 ms]
      [Humongous Reclaim: 0,0 ms]
      [Free CSet: 1,4 ms]
   [Eden: 60,0M(60,0M)->0,0B(46,0M) Survivors: 4096,0K->5120,0K Heap: 214,0M(1024,0M)->154,5M(1024,0M)]
 [Times: user=0,04 sys=0,06, real=0,06 secs] 
2019-06-06T17:01:03.676-0100: 61330,863: [GC pause (G1 Evacuation Pause) (young), 0,0079129 secs]
   [Parallel Time: 7,4 ms, GC Workers: 4]
      [GC Worker Start (ms): Min: 61330862,6, Avg: 61330862,8, Max: 61330863,1, Diff: 0,4]
      [Ext Root Scanning (ms): Min: 0,4, Avg: 1,9, Max: 5,5, Diff: 5,1, Sum: 7,6]
      [Update RS (ms): Min: 0,0, Avg: 0,5, Max: 0,7, Diff: 0,7, Sum: 1,9]
         [Processed Buffers: Min: 0, Avg: 9,5, Max: 25, Diff: 25, Sum: 38]
      [Scan RS (ms): Min: 0,0, Avg: 0,0, Max: 0,0, Diff: 0,0, Sum: 0,0]
      [Code Root Scanning (ms): Min: 0,0, Avg: 0,0, Max: 0,0, Diff: 0,0, Sum: 0,0]
      [Object Copy (ms): Min: 1,3, Avg: 4,5, Max: 5,5, Diff: 4,2, Sum: 17,9]
      [Termination (ms): Min: 0,0, Avg: 0,2, Max: 0,3, Diff: 0,3, Sum: 0,7]
         [Termination Attempts: Min: 1, Avg: 1,0, Max: 1, Diff: 0, Sum: 4]
      [GC Worker Other (ms): Min: 0,0, Avg: 0,0, Max: 0,0, Diff: 0,0, Sum: 0,0]
      [GC Worker Total (ms): Min: 6,8, Avg: 7,1, Max: 7,2, Diff: 0,5, Sum: 28,3]
      [GC Worker End (ms): Min: 61330869,8, Avg: 61330869,9, Max: 61330869,9, Diff: 0,2]
   [Code Root Fixup: 0,0 ms]
   [Code Root Purge: 0,0 ms]
   [Clear CT: 0,0 ms]
   [Other: 0,5 ms]
      [Choose CSet: 0,0 ms]
      [Ref Proc: 0,2 ms]
      [Ref Enq: 0,0 ms]
      [Redirty Cards: 0,0 ms]
      [Humongous Register: 0,0 ms]
      [Humongous Reclaim: 0,0 ms]
      [Free CSet: 0,0 ms]
   [Eden: 46,0M(46,0M)->0,0B(47,0M) Survivors: 5120,0K->4096,0K Heap: 200,5M(1024,0M)->154,0M(1024,0M)]
 [Times: user=0,02 sys=0,00, real=0,01 secs] 
2019-06-06T17:04:06.733-0100: 61513,915: [GC pause (G1 Evacuation Pause) (young), 0,0071783 secs]
   [Parallel Time: 6,6 ms, GC Workers: 4]
      [GC Worker Start (ms): Min: 61513914,8, Avg: 61513914,8, Max: 61513914,9, Diff: 0,1]
      [Ext Root Scanning (ms): Min: 0,7, Avg: 1,0, Max: 1,9, Diff: 1,3, Sum: 4,1]
      [Update RS (ms): Min: 0,0, Avg: 0,6, Max: 0,9, Diff: 0,9, Sum: 2,5]
         [Processed Buffers: Min: 0, Avg: 8,8, Max: 28, Diff: 28, Sum: 35]
      [Scan RS (ms): Min: 0,0, Avg: 0,0, Max: 0,0, Diff: 0,0, Sum: 0,0]
      [Code Root Scanning (ms): Min: 0,0, Avg: 0,0, Max: 0,0, Diff: 0,0, Sum: 0,0]
      [Object Copy (ms): Min: 4,5, Avg: 4,7, Max: 4,9, Diff: 0,4, Sum: 19,0]
      [Termination (ms): Min: 0,0, Avg: 0,0, Max: 0,0, Diff: 0,0, Sum: 0,0]
         [Termination Attempts: Min: 1, Avg: 1,0, Max: 1, Diff: 0, Sum: 4]
      [GC Worker Other (ms): Min: 0,0, Avg: 0,0, Max: 0,0, Diff: 0,0, Sum: 0,1]
      [GC Worker Total (ms): Min: 6,4, Avg: 6,4, Max: 6,5, Diff: 0,0, Sum: 25,8]
      [GC Worker End (ms): Min: 61513921,3, Avg: 61513921,3, Max: 61513921,3, Diff: 0,0]
   [Code Root Fixup: 0,0 ms]
   [Code Root Purge: 0,0 ms]
   [Clear CT: 0,1 ms]
   [Other: 0,5 ms]
      [Choose CSet: 0,0 ms]
      [Ref Proc: 0,2 ms]
      [Ref Enq: 0,0 ms]
      [Redirty Cards: 0,1 ms]
      [Humongous Register: 0,0 ms]
      [Humongous Reclaim: 0,0 ms]
      [Free CSet: 0,0 ms]
   [Eden: 47,0M(47,0M)->0,0B(46,0M) Survivors: 4096,0K->5120,0K Heap: 201,0M(1024,0M)->154,5M(1024,0M)]
 [Times: user=0,02 sys=0,00, real=0,01 secs] 
2019-06-06T17:07:04.383-0100: 61691,558: [GC pause (G1 Evacuation Pause) (young), 0,0230916 secs]
   [Parallel Time: 11,8 ms, GC Workers: 4]
      [GC Worker Start (ms): Min: 61691558,8, Avg: 61691559,2, Max: 61691559,5, Diff: 0,7]
      [Ext Root Scanning (ms): Min: 1,8, Avg: 2,6, Max: 4,5, Diff: 2,7, Sum: 10,6]
      [Update RS (ms): Min: 0,0, Avg: 0,5, Max: 1,0, Diff: 1,0, Sum: 1,9]
         [Processed Buffers: Min: 0, Avg: 9,8, Max: 31, Diff: 31, Sum: 39]
      [Scan RS (ms): Min: 0,0, Avg: 0,0, Max: 0,0, Diff: 0,0, Sum: 0,0]
      [Code Root Scanning (ms): Min: 0,0, Avg: 0,0, Max: 0,0, Diff: 0,0, Sum: 0,0]
      [Object Copy (ms): Min: 7,1, Avg: 8,1, Max: 9,1, Diff: 2,0, Sum: 32,5]
      [Termination (ms): Min: 0,0, Avg: 0,0, Max: 0,0, Diff: 0,0, Sum: 0,0]
         [Termination Attempts: Min: 1, Avg: 1,0, Max: 1, Diff: 0, Sum: 4]
      [GC Worker Other (ms): Min: 0,0, Avg: 0,0, Max: 0,0, Diff: 0,0, Sum: 0,1]
      [GC Worker Total (ms): Min: 11,0, Avg: 11,3, Max: 11,6, Diff: 0,7, Sum: 45,1]
      [GC Worker End (ms): Min: 61691570,4, Avg: 61691570,4, Max: 61691570,4, Diff: 0,0]
   [Code Root Fixup: 0,0 ms]
   [Code Root Purge: 0,0 ms]
   [Clear CT: 0,1 ms]
   [Other: 11,1 ms]
      [Choose CSet: 0,0 ms]
      [Ref Proc: 10,5 ms]
      [Ref Enq: 0,0 ms]
      [Redirty Cards: 0,1 ms]
      [Humongous Register: 0,0 ms]
      [Humongous Reclaim: 0,0 ms]
      [Free CSet: 0,1 ms]
   [Eden: 46,0M(46,0M)->0,0B(45,0M) Survivors: 5120,0K->6144,0K Heap: 200,5M(1024,0M)->155,5M(1024,0M)]
 [Times: user=0,02 sys=0,00, real=0,02 secs] 
2019-06-06T17:09:57.019-0100: 61864,190: [GC pause (G1 Evacuation Pause) (young), 0,0078708 secs]
   [Parallel Time: 7,3 ms, GC Workers: 4]
      [GC Worker Start (ms): Min: 61864189,6, Avg: 61864189,7, Max: 61864189,8, Diff: 0,2]
      [Ext Root Scanning (ms): Min: 0,7, Avg: 1,2, Max: 2,1, Diff: 1,4, Sum: 4,7]
      [Update RS (ms): Min: 0,0, Avg: 1,1, Max: 1,8, Diff: 1,8, Sum: 4,3]
         [Processed Buffers: Min: 0, Avg: 9,2, Max: 28, Diff: 28, Sum: 37]
      [Scan RS (ms): Min: 0,0, Avg: 0,0, Max: 0,0, Diff: 0,0, Sum: 0,0]
      [Code Root Scanning (ms): Min: 0,0, Avg: 0,0, Max: 0,0, Diff: 0,0, Sum: 0,0]
      [Object Copy (ms): Min: 4,4, Avg: 5,0, Max: 5,5, Diff: 1,1, Sum: 19,8]
      [Termination (ms): Min: 0,0, Avg: 0,0, Max: 0,0, Diff: 0,0, Sum: 0,0]
         [Termination Attempts: Min: 1, Avg: 1,0, Max: 1, Diff: 0, Sum: 4]
      [GC Worker Other (ms): Min: 0,0, Avg: 0,0, Max: 0,0, Diff: 0,0, Sum: 0,1]
      [GC Worker Total (ms): Min: 7,1, Avg: 7,2, Max: 7,3, Diff: 0,2, Sum: 28,9]
      [GC Worker End (ms): Min: 61864196,9, Avg: 61864196,9, Max: 61864196,9, Diff: 0,0]
   [Code Root Fixup: 0,0 ms]
   [Code Root Purge: 0,0 ms]
   [Clear CT: 0,1 ms]
   [Other: 0,5 ms]
      [Choose CSet: 0,0 ms]
      [Ref Proc: 0,2 ms]
      [Ref Enq: 0,0 ms]
      [Redirty Cards: 0,0 ms]
      [Humongous Register: 0,0 ms]
      [Humongous Reclaim: 0,0 ms]
      [Free CSet: 0,0 ms]
   [Eden: 45,0M(45,0M)->0,0B(46,0M) Survivors: 6144,0K->5120,0K Heap: 200,5M(1024,0M)->154,5M(1024,0M)]
 [Times: user=0,02 sys=0,00, real=0,01 secs] 
2019-06-06T17:12:57.442-0100: 62044,608: [GC pause (G1 Evacuation Pause) (young), 0,0104826 secs]
   [Parallel Time: 8,8 ms, GC Workers: 4]
      [GC Worker Start (ms): Min: 62044607,9, Avg: 62044608,0, Max: 62044608,0, Diff: 0,0]
      [Ext Root Scanning (ms): Min: 2,0, Avg: 2,8, Max: 4,1, Diff: 2,1, Sum: 11,3]
      [Update RS (ms): Min: 0,8, Avg: 2,0, Max: 2,8, Diff: 1,9, Sum: 8,0]
         [Processed Buffers: Min: 1, Avg: 10,0, Max: 20, Diff: 19, Sum: 40]
      [Scan RS (ms): Min: 0,0, Avg: 0,0, Max: 0,0, Diff: 0,0, Sum: 0,0]
      [Code Root Scanning (ms): Min: 0,0, Avg: 0,0, Max: 0,0, Diff: 0,0, Sum: 0,0]
      [Object Copy (ms): Min: 3,7, Avg: 3,9, Max: 3,9, Diff: 0,2, Sum: 15,4]
      [Termination (ms): Min: 0,0, Avg: 0,0, Max: 0,0, Diff: 0,0, Sum: 0,0]
         [Termination Attempts: Min: 1, Avg: 1,0, Max: 1, Diff: 0, Sum: 4]
      [GC Worker Other (ms): Min: 0,0, Avg: 0,0, Max: 0,0, Diff: 0,0, Sum: 0,1]
      [GC Worker Total (ms): Min: 8,7, Avg: 8,7, Max: 8,8, Diff: 0,1, Sum: 34,9]
      [GC Worker End (ms): Min: 62044616,7, Avg: 62044616,7, Max: 62044616,7, Diff: 0,0]
   [Code Root Fixup: 0,0 ms]
   [Code Root Purge: 0,0 ms]
   [Clear CT: 0,1 ms]
   [Other: 1,6 ms]
      [Choose CSet: 0,0 ms]
      [Ref Proc: 0,2 ms]
      [Ref Enq: 0,0 ms]
      [Redirty Cards: 0,1 ms]
      [Humongous Register: 0,0 ms]
      [Humongous Reclaim: 0,0 ms]
      [Free CSet: 0,0 ms]
   [Eden: 46,0M(46,0M)->0,0B(155,0M) Survivors: 5120,0K->5120,0K Heap: 200,5M(1024,0M)->154,6M(1024,0M)]
 [Times: user=0,02 sys=0,00, real=0,01 secs] 
2019-06-06T17:22:59.723-0100: 62646,863: [GC pause (G1 Evacuation Pause) (young), 0,1022627 secs]
   [Parallel Time: 97,1 ms, GC Workers: 4]
      [GC Worker Start (ms): Min: 62646866,0, Avg: 62646866,0, Max: 62646866,0, Diff: 0,1]
      [Ext Root Scanning (ms): Min: 0,0, Avg: 0,6, Max: 1,7, Diff: 1,7, Sum: 2,4]
      [Update RS (ms): Min: 0,0, Avg: 0,8, Max: 1,8, Diff: 1,8, Sum: 3,4]
         [Processed Buffers: Min: 0, Avg: 9,2, Max: 31, Diff: 31, Sum: 37]
      [Scan RS (ms): Min: 0,0, Avg: 0,0, Max: 0,0, Diff: 0,0, Sum: 0,1]
      [Code Root Scanning (ms): Min: 0,0, Avg: 0,0, Max: 0,0, Diff: 0,0, Sum: 0,0]
      [Object Copy (ms): Min: 92,7, Avg: 93,9, Max: 94,9, Diff: 2,2, Sum: 375,8]
      [Termination (ms): Min: 0,0, Avg: 0,6, Max: 1,2, Diff: 1,2, Sum: 2,2]
         [Termination Attempts: Min: 1, Avg: 1,0, Max: 1, Diff: 0, Sum: 4]
      [GC Worker Other (ms): Min: 0,0, Avg: 1,0, Max: 2,9, Diff: 2,9, Sum: 4,1]
      [GC Worker Total (ms): Min: 97,0, Avg: 97,0, Max: 97,1, Diff: 0,1, Sum: 388,0]
      [GC Worker End (ms): Min: 62646963,0, Avg: 62646963,0, Max: 62646963,0, Diff: 0,1]
   [Code Root Fixup: 0,0 ms]
   [Code Root Purge: 0,0 ms]
   [Clear CT: 0,1 ms]
   [Other: 5,1 ms]
      [Choose CSet: 0,0 ms]
      [Ref Proc: 1,4 ms]
      [Ref Enq: 0,0 ms]
      [Redirty Cards: 0,1 ms]
      [Humongous Register: 1,8 ms]
      [Humongous Reclaim: 0,0 ms]
      [Free CSet: 0,2 ms]
   [Eden: 155,0M(155,0M)->0,0B(45,0M) Survivors: 5120,0K->6144,0K Heap: 309,6M(1024,0M)->155,9M(1024,0M)]
 [Times: user=0,02 sys=0,08, real=0,10 secs] 
2019-06-06T17:25:53.154-0100: 62820,288: [GC pause (G1 Evacuation Pause) (young), 0,0076631 secs]
   [Parallel Time: 7,1 ms, GC Workers: 4]
      [GC Worker Start (ms): Min: 62820287,9, Avg: 62820288,0, Max: 62820288,0, Diff: 0,1]
      [Ext Root Scanning (ms): Min: 0,7, Avg: 1,6, Max: 4,4, Diff: 3,8, Sum: 6,6]
      [Update RS (ms): Min: 0,0, Avg: 0,9, Max: 1,5, Diff: 1,5, Sum: 3,4]
         [Processed Buffers: Min: 0, Avg: 9,0, Max: 28, Diff: 28, Sum: 36]
      [Scan RS (ms): Min: 0,0, Avg: 0,0, Max: 0,0, Diff: 0,0, Sum: 0,0]
      [Code Root Scanning (ms): Min: 0,0, Avg: 0,0, Max: 0,0, Diff: 0,0, Sum: 0,0]
      [Object Copy (ms): Min: 2,3, Avg: 4,2, Max: 5,1, Diff: 2,7, Sum: 17,0]
      [Termination (ms): Min: 0,0, Avg: 0,0, Max: 0,0, Diff: 0,0, Sum: 0,0]
         [Termination Attempts: Min: 1, Avg: 1,0, Max: 1, Diff: 0, Sum: 4]
      [GC Worker Other (ms): Min: 0,0, Avg: 0,0, Max: 0,1, Diff: 0,1, Sum: 0,2]
      [GC Worker Total (ms): Min: 6,8, Avg: 6,8, Max: 6,8, Diff: 0,1, Sum: 27,1]
      [GC Worker End (ms): Min: 62820294,7, Avg: 62820294,8, Max: 62820294,8, Diff: 0,1]
   [Code Root Fixup: 0,0 ms]
   [Code Root Purge: 0,0 ms]
   [Clear CT: 0,1 ms]
   [Other: 0,5 ms]
      [Choose CSet: 0,0 ms]
      [Ref Proc: 0,2 ms]
      [Ref Enq: 0,0 ms]
      [Redirty Cards: 0,1 ms]
      [Humongous Register: 0,0 ms]
      [Humongous Reclaim: 0,0 ms]
      [Free CSet: 0,1 ms]
   [Eden: 45,0M(45,0M)->0,0B(47,0M) Survivors: 6144,0K->4096,0K Heap: 200,9M(1024,0M)->154,1M(1024,0M)]
 [Times: user=0,02 sys=0,01, real=0,01 secs] 
2019-06-06T17:28:54.787-0100: 63001,916: [GC pause (G1 Evacuation Pause) (young), 0,0072304 secs]
   [Parallel Time: 6,5 ms, GC Workers: 4]
      [GC Worker Start (ms): Min: 63001916,0, Avg: 63001916,0, Max: 63001916,1, Diff: 0,1]
      [Ext Root Scanning (ms): Min: 0,5, Avg: 0,6, Max: 0,6, Diff: 0,1, Sum: 2,4]
      [Update RS (ms): Min: 0,7, Avg: 0,7, Max: 0,8, Diff: 0,1, Sum: 2,9]
         [Processed Buffers: Min: 1, Avg: 9,0, Max: 31, Diff: 30, Sum: 36]
      [Scan RS (ms): Min: 0,0, Avg: 0,0, Max: 0,0, Diff: 0,0, Sum: 0,1]
      [Code Root Scanning (ms): Min: 0,0, Avg: 0,0, Max: 0,0, Diff: 0,0, Sum: 0,0]
      [Object Copy (ms): Min: 5,0, Avg: 5,0, Max: 5,1, Diff: 0,1, Sum: 20,1]
      [Termination (ms): Min: 0,0, Avg: 0,0, Max: 0,0, Diff: 0,0, Sum: 0,0]
         [Termination Attempts: Min: 1, Avg: 1,0, Max: 1, Diff: 0, Sum: 4]
      [GC Worker Other (ms): Min: 0,0, Avg: 0,0, Max: 0,0, Diff: 0,0, Sum: 0,1]
      [GC Worker Total (ms): Min: 6,4, Avg: 6,4, Max: 6,4, Diff: 0,1, Sum: 25,6]
      [GC Worker End (ms): Min: 63001922,4, Avg: 63001922,4, Max: 63001922,4, Diff: 0,0]
   [Code Root Fixup: 0,0 ms]
   [Code Root Purge: 0,0 ms]
   [Clear CT: 0,1 ms]
   [Other: 0,6 ms]
      [Choose CSet: 0,0 ms]
      [Ref Proc: 0,3 ms]
      [Ref Enq: 0,0 ms]
      [Redirty Cards: 0,1 ms]
      [Humongous Register: 0,0 ms]
      [Humongous Reclaim: 0,0 ms]
      [Free CSet: 0,0 ms]
   [Eden: 47,0M(47,0M)->0,0B(46,0M) Survivors: 4096,0K->5120,0K Heap: 201,1M(1024,0M)->154,6M(1024,0M)]
 [Times: user=0,03 sys=0,00, real=0,01 secs] 
2019-06-06T17:31:52.566-0100: 63179,690: [GC pause (G1 Evacuation Pause) (young), 0,0154379 secs]
   [Parallel Time: 11,7 ms, GC Workers: 4]
      [GC Worker Start (ms): Min: 63179691,8, Avg: 63179692,0, Max: 63179692,1, Diff: 0,3]
      [Ext Root Scanning (ms): Min: 2,9, Avg: 4,0, Max: 7,1, Diff: 4,3, Sum: 16,1]
      [Update RS (ms): Min: 0,0, Avg: 1,5, Max: 2,1, Diff: 2,1, Sum: 6,0]
         [Processed Buffers: Min: 0, Avg: 9,0, Max: 21, Diff: 21, Sum: 36]
      [Scan RS (ms): Min: 0,0, Avg: 0,0, Max: 0,1, Diff: 0,1, Sum: 0,1]
      [Code Root Scanning (ms): Min: 0,0, Avg: 0,0, Max: 0,0, Diff: 0,0, Sum: 0,0]
      [Object Copy (ms): Min: 4,4, Avg: 5,8, Max: 6,4, Diff: 1,9, Sum: 23,3]
      [Termination (ms): Min: 0,0, Avg: 0,0, Max: 0,0, Diff: 0,0, Sum: 0,0]
         [Termination Attempts: Min: 1, Avg: 1,0, Max: 1, Diff: 0, Sum: 4]
      [GC Worker Other (ms): Min: 0,0, Avg: 0,1, Max: 0,1, Diff: 0,1, Sum: 0,2]
      [GC Worker Total (ms): Min: 11,3, Avg: 11,4, Max: 11,6, Diff: 0,3, Sum: 45,7]
      [GC Worker End (ms): Min: 63179703,4, Avg: 63179703,4, Max: 63179703,4, Diff: 0,0]
   [Code Root Fixup: 0,0 ms]
   [Code Root Purge: 0,0 ms]
   [Clear CT: 0,1 ms]
   [Other: 3,7 ms]
      [Choose CSet: 0,0 ms]
      [Ref Proc: 1,2 ms]
      [Ref Enq: 0,0 ms]
      [Redirty Cards: 0,1 ms]
      [Humongous Register: 1,6 ms]
      [Humongous Reclaim: 0,0 ms]
      [Free CSet: 0,3 ms]
   [Eden: 46,0M(46,0M)->0,0B(46,0M) Survivors: 5120,0K->5120,0K Heap: 200,6M(1024,0M)->154,6M(1024,0M)]
 [Times: user=0,02 sys=0,03, real=0,02 secs] 
2019-06-06T17:34:51.678-0100: 63358,796: [GC pause (G1 Evacuation Pause) (young), 0,0102040 secs]
   [Parallel Time: 9,6 ms, GC Workers: 4]
      [GC Worker Start (ms): Min: 63358796,6, Avg: 63358796,7, Max: 63358796,9, Diff: 0,3]
      [Ext Root Scanning (ms): Min: 0,7, Avg: 0,8, Max: 0,9, Diff: 0,3, Sum: 3,3]
      [Update RS (ms): Min: 0,7, Avg: 0,8, Max: 0,9, Diff: 0,2, Sum: 3,1]
         [Processed Buffers: Min: 1, Avg: 9,0, Max: 24, Diff: 23, Sum: 36]
      [Scan RS (ms): Min: 0,0, Avg: 0,0, Max: 0,0, Diff: 0,0, Sum: 0,0]
      [Code Root Scanning (ms): Min: 0,0, Avg: 0,0, Max: 0,0, Diff: 0,0, Sum: 0,0]
      [Object Copy (ms): Min: 6,5, Avg: 7,1, Max: 7,8, Diff: 1,3, Sum: 28,4]
      [Termination (ms): Min: 0,0, Avg: 0,7, Max: 1,3, Diff: 1,3, Sum: 2,9]
         [Termination Attempts: Min: 1, Avg: 2,5, Max: 6, Diff: 5, Sum: 10]
      [GC Worker Other (ms): Min: 0,0, Avg: 0,0, Max: 0,0, Diff: 0,0, Sum: 0,1]
      [GC Worker Total (ms): Min: 9,3, Avg: 9,4, Max: 9,5, Diff: 0,3, Sum: 37,7]
      [GC Worker End (ms): Min: 63358806,2, Avg: 63358806,2, Max: 63358806,2, Diff: 0,0]
   [Code Root Fixup: 0,0 ms]
   [Code Root Purge: 0,0 ms]
   [Clear CT: 0,1 ms]
   [Other: 0,5 ms]
      [Choose CSet: 0,0 ms]
      [Ref Proc: 0,1 ms]
      [Ref Enq: 0,0 ms]
      [Redirty Cards: 0,1 ms]
      [Humongous Register: 0,1 ms]
      [Humongous Reclaim: 0,0 ms]
      [Free CSet: 0,0 ms]
   [Eden: 46,0M(46,0M)->0,0B(45,0M) Survivors: 5120,0K->6144,0K Heap: 200,6M(1024,0M)->155,9M(1024,0M)]
 [Times: user=0,03 sys=0,01, real=0,01 secs] 
2019-06-06T17:37:45.056-0100: 63532,164: [GC pause (G1 Evacuation Pause) (young), 0,0068817 secs]
   [Parallel Time: 6,3 ms, GC Workers: 4]
      [GC Worker Start (ms): Min: 63532164,0, Avg: 63532164,1, Max: 63532164,1, Diff: 0,1]
      [Ext Root Scanning (ms): Min: 0,6, Avg: 0,6, Max: 0,7, Diff: 0,1, Sum: 2,6]
      [Update RS (ms): Min: 0,3, Avg: 0,5, Max: 0,8, Diff: 0,4, Sum: 2,2]
         [Processed Buffers: Min: 1, Avg: 9,2, Max: 24, Diff: 23, Sum: 37]
      [Scan RS (ms): Min: 0,0, Avg: 0,0, Max: 0,0, Diff: 0,0, Sum: 0,0]
      [Code Root Scanning (ms): Min: 0,0, Avg: 0,0, Max: 0,0, Diff: 0,0, Sum: 0,0]
      [Object Copy (ms): Min: 4,7, Avg: 4,9, Max: 5,0, Diff: 0,4, Sum: 19,5]
      [Termination (ms): Min: 0,0, Avg: 0,0, Max: 0,0, Diff: 0,0, Sum: 0,0]
         [Termination Attempts: Min: 1, Avg: 1,0, Max: 1, Diff: 0, Sum: 4]
      [GC Worker Other (ms): Min: 0,0, Avg: 0,1, Max: 0,1, Diff: 0,1, Sum: 0,2]
      [GC Worker Total (ms): Min: 6,1, Avg: 6,1, Max: 6,3, Diff: 0,2, Sum: 24,5]
      [GC Worker End (ms): Min: 63532170,2, Avg: 63532170,2, Max: 63532170,3, Diff: 0,1]
   [Code Root Fixup: 0,0 ms]
   [Code Root Purge: 0,0 ms]
   [Clear CT: 0,0 ms]
   [Other: 0,5 ms]
      [Choose CSet: 0,0 ms]
      [Ref Proc: 0,2 ms]
      [Ref Enq: 0,0 ms]
      [Redirty Cards: 0,1 ms]
      [Humongous Register: 0,0 ms]
      [Humongous Reclaim: 0,0 ms]
      [Free CSet: 0,1 ms]
   [Eden: 45,0M(45,0M)->0,0B(126,0M) Survivors: 6144,0K->5120,0K Heap: 200,9M(1024,0M)->154,7M(1024,0M)]
 [Times: user=0,03 sys=0,00, real=0,01 secs] 
2019-06-06T17:45:49.444-0100: 64016,537: [GC pause (G1 Evacuation Pause) (young), 0,0070348 secs]
   [Parallel Time: 6,4 ms, GC Workers: 4]
      [GC Worker Start (ms): Min: 64016537,4, Avg: 64016537,5, Max: 64016537,5, Diff: 0,1]
      [Ext Root Scanning (ms): Min: 0,6, Avg: 0,6, Max: 0,6, Diff: 0,1, Sum: 2,4]
      [Update RS (ms): Min: 0,9, Avg: 1,0, Max: 1,1, Diff: 0,2, Sum: 3,9]
         [Processed Buffers: Min: 1, Avg: 9,8, Max: 33, Diff: 32, Sum: 39]
      [Scan RS (ms): Min: 0,0, Avg: 0,0, Max: 0,1, Diff: 0,1, Sum: 0,1]
      [Code Root Scanning (ms): Min: 0,0, Avg: 0,0, Max: 0,0, Diff: 0,0, Sum: 0,0]
      [Object Copy (ms): Min: 4,5, Avg: 4,5, Max: 4,6, Diff: 0,1, Sum: 18,0]
      [Termination (ms): Min: 0,0, Avg: 0,0, Max: 0,0, Diff: 0,0, Sum: 0,0]
         [Termination Attempts: Min: 1, Avg: 1,0, Max: 1, Diff: 0, Sum: 4]
      [GC Worker Other (ms): Min: 0,0, Avg: 0,1, Max: 0,2, Diff: 0,1, Sum: 0,3]
      [GC Worker Total (ms): Min: 6,1, Avg: 6,2, Max: 6,3, Diff: 0,2, Sum: 24,7]
      [GC Worker End (ms): Min: 64016543,6, Avg: 64016543,6, Max: 64016543,7, Diff: 0,1]
   [Code Root Fixup: 0,0 ms]
   [Code Root Purge: 0,0 ms]
   [Clear CT: 0,1 ms]
   [Other: 0,6 ms]
      [Choose CSet: 0,0 ms]
      [Ref Proc: 0,2 ms]
      [Ref Enq: 0,0 ms]
      [Redirty Cards: 0,1 ms]
      [Humongous Register: 0,0 ms]
      [Humongous Reclaim: 0,0 ms]
      [Free CSet: 0,1 ms]
   [Eden: 125,0M(125,0M)->0,0B(305,0M) Survivors: 5120,0K->5120,0K Heap: 279,7M(1024,0M)->154,7M(1024,0M)]
 [Times: user=0,02 sys=0,00, real=0,01 secs] 
2019-06-06T18:05:31.700-0100: 65198,752: [GC pause (G1 Evacuation Pause) (young), 0,2038325 secs]
   [Parallel Time: 179,9 ms, GC Workers: 4]
      [GC Worker Start (ms): Min: 65198773,7, Avg: 65198773,8, Max: 65198773,9, Diff: 0,1]
      [Ext Root Scanning (ms): Min: 9,2, Avg: 13,3, Max: 19,2, Diff: 10,0, Sum: 53,2]
      [Update RS (ms): Min: 2,0, Avg: 6,3, Max: 10,0, Diff: 8,0, Sum: 25,1]
         [Processed Buffers: Min: 1, Avg: 9,2, Max: 24, Diff: 23, Sum: 37]
      [Scan RS (ms): Min: 0,0, Avg: 0,1, Max: 0,1, Diff: 0,1, Sum: 0,2]
      [Code Root Scanning (ms): Min: 0,0, Avg: 0,0, Max: 0,1, Diff: 0,1, Sum: 0,1]
      [Object Copy (ms): Min: 119,2, Avg: 135,9, Max: 158,3, Diff: 39,1, Sum: 543,6]
      [Termination (ms): Min: 0,0, Avg: 22,5, Max: 41,2, Diff: 41,2, Sum: 90,0]
         [Termination Attempts: Min: 1, Avg: 19,8, Max: 36, Diff: 35, Sum: 79]
      [GC Worker Other (ms): Min: 0,0, Avg: 0,6, Max: 1,3, Diff: 1,3, Sum: 2,6]
      [GC Worker Total (ms): Min: 178,6, Avg: 178,7, Max: 178,7, Diff: 0,1, Sum: 714,7]
      [GC Worker End (ms): Min: 65198952,5, Avg: 65198952,5, Max: 65198952,5, Diff: 0,0]
   [Code Root Fixup: 0,0 ms]
   [Code Root Purge: 0,0 ms]
   [Clear CT: 0,2 ms]
   [Other: 23,7 ms]
      [Choose CSet: 0,0 ms]
      [Ref Proc: 2,6 ms]
      [Ref Enq: 0,0 ms]
      [Redirty Cards: 0,1 ms]
      [Humongous Register: 8,6 ms]
      [Humongous Reclaim: 0,0 ms]
      [Free CSet: 0,6 ms]
   [Eden: 305,0M(305,0M)->0,0B(46,0M) Survivors: 5120,0K->5120,0K Heap: 459,7M(1024,0M)->154,6M(1024,0M)]
 [Times: user=0,11 sys=0,15, real=0,20 secs] 
2019-06-07T08:57:00.611-0100: 65453,116: [GC pause (G1 Evacuation Pause) (young), 0,0165013 secs]
   [Parallel Time: 15,2 ms, GC Workers: 4]
      [GC Worker Start (ms): Min: 65453117,0, Avg: 65453117,0, Max: 65453117,1, Diff: 0,1]
      [Ext Root Scanning (ms): Min: 1,2, Avg: 1,7, Max: 2,2, Diff: 1,0, Sum: 6,6]
      [Update RS (ms): Min: 0,0, Avg: 0,6, Max: 1,2, Diff: 1,2, Sum: 2,3]
         [Processed Buffers: Min: 0, Avg: 9,8, Max: 20, Diff: 20, Sum: 39]
      [Scan RS (ms): Min: 0,0, Avg: 0,0, Max: 0,0, Diff: 0,0, Sum: 0,0]
      [Code Root Scanning (ms): Min: 0,0, Avg: 0,0, Max: 0,0, Diff: 0,0, Sum: 0,0]
      [Object Copy (ms): Min: 11,7, Avg: 12,3, Max: 13,2, Diff: 1,5, Sum: 49,1]
      [Termination (ms): Min: 0,0, Avg: 0,5, Max: 0,9, Diff: 0,9, Sum: 2,2]
         [Termination Attempts: Min: 1, Avg: 1,0, Max: 1, Diff: 0, Sum: 4]
      [GC Worker Other (ms): Min: 0,0, Avg: 0,0, Max: 0,0, Diff: 0,0, Sum: 0,0]
      [GC Worker Total (ms): Min: 15,1, Avg: 15,1, Max: 15,1, Diff: 0,1, Sum: 60,4]
      [GC Worker End (ms): Min: 65453132,1, Avg: 65453132,1, Max: 65453132,2, Diff: 0,0]
   [Code Root Fixup: 0,0 ms]
   [Code Root Purge: 0,0 ms]
   [Clear CT: 0,1 ms]
   [Other: 1,2 ms]
      [Choose CSet: 0,0 ms]
      [Ref Proc: 0,2 ms]
      [Ref Enq: 0,0 ms]
      [Redirty Cards: 0,1 ms]
      [Humongous Register: 0,6 ms]
      [Humongous Reclaim: 0,0 ms]
      [Free CSet: 0,2 ms]
   [Eden: 46,0M(46,0M)->0,0B(47,0M) Survivors: 5120,0K->4096,0K Heap: 200,6M(1024,0M)->154,2M(1024,0M)]
 [Times: user=0,02 sys=0,02, real=0,01 secs] 
2019-06-07T09:03:33.515-0100: 65846,009: [GC pause (G1 Evacuation Pause) (young), 0,0214590 secs]
   [Parallel Time: 19,7 ms, GC Workers: 4]
      [GC Worker Start (ms): Min: 65846009,3, Avg: 65846009,4, Max: 65846009,4, Diff: 0,0]
      [Ext Root Scanning (ms): Min: 0,4, Avg: 0,5, Max: 0,5, Diff: 0,1, Sum: 2,0]
      [Update RS (ms): Min: 0,0, Avg: 0,4, Max: 0,9, Diff: 0,9, Sum: 1,7]
         [Processed Buffers: Min: 0, Avg: 9,0, Max: 24, Diff: 24, Sum: 36]
      [Scan RS (ms): Min: 0,0, Avg: 0,0, Max: 0,0, Diff: 0,0, Sum: 0,0]
      [Code Root Scanning (ms): Min: 0,0, Avg: 0,0, Max: 0,0, Diff: 0,0, Sum: 0,0]
      [Object Copy (ms): Min: 17,4, Avg: 18,2, Max: 18,8, Diff: 1,4, Sum: 72,7]
      [Termination (ms): Min: 0,0, Avg: 0,6, Max: 0,9, Diff: 0,9, Sum: 2,2]
         [Termination Attempts: Min: 1, Avg: 1,2, Max: 2, Diff: 1, Sum: 5]
      [GC Worker Other (ms): Min: 0,0, Avg: 0,0, Max: 0,0, Diff: 0,0, Sum: 0,0]
      [GC Worker Total (ms): Min: 19,6, Avg: 19,7, Max: 19,7, Diff: 0,0, Sum: 78,6]
      [GC Worker End (ms): Min: 65846029,0, Avg: 65846029,0, Max: 65846029,0, Diff: 0,0]
   [Code Root Fixup: 0,0 ms]
   [Code Root Purge: 0,0 ms]
   [Clear CT: 0,1 ms]
   [Other: 1,6 ms]
      [Choose CSet: 0,0 ms]
      [Ref Proc: 1,3 ms]
      [Ref Enq: 0,0 ms]
      [Redirty Cards: 0,1 ms]
      [Humongous Register: 0,0 ms]
      [Humongous Reclaim: 0,0 ms]
      [Free CSet: 0,1 ms]
   [Eden: 47,0M(47,0M)->0,0B(46,0M) Survivors: 4096,0K->5120,0K Heap: 201,2M(1024,0M)->154,7M(1024,0M)]
 [Times: user=0,02 sys=0,02, real=0,02 secs] 
2019-06-07T09:09:57.325-0100: 66229,808: [GC pause (G1 Evacuation Pause) (young), 0,0255179 secs]
   [Parallel Time: 25,0 ms, GC Workers: 4]
      [GC Worker Start (ms): Min: 66229808,3, Avg: 66229808,4, Max: 66229808,4, Diff: 0,1]
      [Ext Root Scanning (ms): Min: 2,4, Avg: 5,9, Max: 16,2, Diff: 13,9, Sum: 23,5]
      [Update RS (ms): Min: 0,0, Avg: 1,0, Max: 1,8, Diff: 1,8, Sum: 4,0]
         [Processed Buffers: Min: 0, Avg: 9,2, Max: 25, Diff: 25, Sum: 37]
      [Scan RS (ms): Min: 0,0, Avg: 0,0, Max: 0,0, Diff: 0,0, Sum: 0,0]
      [Code Root Scanning (ms): Min: 0,0, Avg: 0,0, Max: 0,0, Diff: 0,0, Sum: 0,0]
      [Object Copy (ms): Min: 8,6, Avg: 17,5, Max: 21,0, Diff: 12,4, Sum: 70,1]
      [Termination (ms): Min: 0,0, Avg: 0,5, Max: 0,9, Diff: 0,9, Sum: 1,8]
         [Termination Attempts: Min: 1, Avg: 1,0, Max: 1, Diff: 0, Sum: 4]
      [GC Worker Other (ms): Min: 0,0, Avg: 0,0, Max: 0,0, Diff: 0,0, Sum: 0,0]
      [GC Worker Total (ms): Min: 24,8, Avg: 24,9, Max: 24,9, Diff: 0,1, Sum: 99,5]
      [GC Worker End (ms): Min: 66229833,2, Avg: 66229833,2, Max: 66229833,2, Diff: 0,0]
   [Code Root Fixup: 0,0 ms]
   [Code Root Purge: 0,0 ms]
   [Clear CT: 0,1 ms]
   [Other: 0,4 ms]
      [Choose CSet: 0,0 ms]
      [Ref Proc: 0,1 ms]
      [Ref Enq: 0,0 ms]
      [Redirty Cards: 0,1 ms]
      [Humongous Register: 0,0 ms]
      [Humongous Reclaim: 0,0 ms]
      [Free CSet: 0,0 ms]
   [Eden: 46,0M(46,0M)->0,0B(46,0M) Survivors: 5120,0K->5120,0K Heap: 200,7M(1024,0M)->154,7M(1024,0M)]
 [Times: user=0,02 sys=0,02, real=0,03 secs] 
2019-06-07T09:16:22.222-0100: 66619,270: [GC pause (G1 Evacuation Pause) (young), 0,0080327 secs]
   [Parallel Time: 7,3 ms, GC Workers: 4]
      [GC Worker Start (ms): Min: 66619270,7, Avg: 66619270,7, Max: 66619270,8, Diff: 0,1]
      [Ext Root Scanning (ms): Min: 1,3, Avg: 2,0, Max: 4,0, Diff: 2,8, Sum: 8,2]
      [Update RS (ms): Min: 0,0, Avg: 0,8, Max: 1,1, Diff: 1,1, Sum: 3,3]
         [Processed Buffers: Min: 0, Avg: 9,2, Max: 18, Diff: 18, Sum: 37]
      [Scan RS (ms): Min: 0,0, Avg: 0,0, Max: 0,0, Diff: 0,0, Sum: 0,1]
      [Code Root Scanning (ms): Min: 0,0, Avg: 0,0, Max: 0,0, Diff: 0,0, Sum: 0,0]
      [Object Copy (ms): Min: 2,4, Avg: 3,8, Max: 4,5, Diff: 2,1, Sum: 15,0]
      [Termination (ms): Min: 0,0, Avg: 0,5, Max: 0,6, Diff: 0,6, Sum: 1,9]
         [Termination Attempts: Min: 1, Avg: 1,0, Max: 1, Diff: 0, Sum: 4]
      [GC Worker Other (ms): Min: 0,0, Avg: 0,0, Max: 0,0, Diff: 0,0, Sum: 0,1]
      [GC Worker Total (ms): Min: 7,1, Avg: 7,1, Max: 7,2, Diff: 0,1, Sum: 28,5]
      [GC Worker End (ms): Min: 66619277,9, Avg: 66619277,9, Max: 66619277,9, Diff: 0,0]
   [Code Root Fixup: 0,0 ms]
   [Code Root Purge: 0,0 ms]
   [Clear CT: 0,1 ms]
   [Other: 0,6 ms]
      [Choose CSet: 0,0 ms]
      [Ref Proc: 0,2 ms]
      [Ref Enq: 0,0 ms]
      [Redirty Cards: 0,1 ms]
      [Humongous Register: 0,1 ms]
      [Humongous Reclaim: 0,0 ms]
      [Free CSet: 0,0 ms]
   [Eden: 46,0M(46,0M)->0,0B(47,0M) Survivors: 5120,0K->4096,0K Heap: 200,7M(1024,0M)->154,2M(1024,0M)]
 [Times: user=0,02 sys=0,00, real=0,01 secs] 
2019-06-07T09:22:56.614-0100: 67013,676: [GC pause (G1 Evacuation Pause) (young), 0,0154059 secs]
   [Parallel Time: 13,7 ms, GC Workers: 4]
      [GC Worker Start (ms): Min: 67013676,4, Avg: 67013676,5, Max: 67013676,7, Diff: 0,3]
      [Ext Root Scanning (ms): Min: 0,5, Avg: 1,4, Max: 3,2, Diff: 2,6, Sum: 5,4]
      [Update RS (ms): Min: 0,0, Avg: 0,5, Max: 0,8, Diff: 0,8, Sum: 2,2]
         [Processed Buffers: Min: 0, Avg: 9,0, Max: 19, Diff: 19, Sum: 36]
      [Scan RS (ms): Min: 0,0, Avg: 0,0, Max: 0,0, Diff: 0,0, Sum: 0,0]
      [Code Root Scanning (ms): Min: 0,0, Avg: 0,0, Max: 0,0, Diff: 0,0, Sum: 0,0]
      [Object Copy (ms): Min: 9,9, Avg: 11,0, Max: 11,6, Diff: 1,7, Sum: 43,9]
      [Termination (ms): Min: 0,0, Avg: 0,4, Max: 0,7, Diff: 0,7, Sum: 1,7]
         [Termination Attempts: Min: 1, Avg: 1,0, Max: 1, Diff: 0, Sum: 4]
      [GC Worker Other (ms): Min: 0,0, Avg: 0,0, Max: 0,1, Diff: 0,1, Sum: 0,2]
      [GC Worker Total (ms): Min: 13,2, Avg: 13,4, Max: 13,5, Diff: 0,3, Sum: 53,5]
      [GC Worker End (ms): Min: 67013689,9, Avg: 67013689,9, Max: 67013689,9, Diff: 0,0]
   [Code Root Fixup: 0,0 ms]
   [Code Root Purge: 0,0 ms]
   [Clear CT: 0,1 ms]
   [Other: 1,6 ms]
      [Choose CSet: 0,0 ms]
      [Ref Proc: 1,3 ms]
      [Ref Enq: 0,0 ms]
      [Redirty Cards: 0,1 ms]
      [Humongous Register: 0,0 ms]
      [Humongous Reclaim: 0,0 ms]
      [Free CSet: 0,0 ms]
   [Eden: 47,0M(47,0M)->0,0B(46,0M) Survivors: 4096,0K->5120,0K Heap: 201,2M(1024,0M)->154,6M(1024,0M)]
 [Times: user=0,02 sys=0,01, real=0,02 secs] 
2019-06-07T09:29:25.220-0100: 67402,249: [GC pause (G1 Evacuation Pause) (young), 0,0077069 secs]
   [Parallel Time: 6,6 ms, GC Workers: 4]
      [GC Worker Start (ms): Min: 67402249,6, Avg: 67402249,6, Max: 67402249,7, Diff: 0,1]
      [Ext Root Scanning (ms): Min: 0,4, Avg: 1,4, Max: 3,9, Diff: 3,5, Sum: 5,5]
      [Update RS (ms): Min: 0,0, Avg: 0,4, Max: 0,6, Diff: 0,6, Sum: 1,6]
         [Processed Buffers: Min: 0, Avg: 9,2, Max: 26, Diff: 26, Sum: 37]
      [Scan RS (ms): Min: 0,0, Avg: 0,0, Max: 0,0, Diff: 0,0, Sum: 0,0]
      [Code Root Scanning (ms): Min: 0,0, Avg: 0,0, Max: 0,0, Diff: 0,0, Sum: 0,0]
      [Object Copy (ms): Min: 2,4, Avg: 4,6, Max: 5,3, Diff: 3,0, Sum: 18,3]
      [Termination (ms): Min: 0,0, Avg: 0,1, Max: 0,2, Diff: 0,2, Sum: 0,6]
         [Termination Attempts: Min: 1, Avg: 1,0, Max: 1, Diff: 0, Sum: 4]
      [GC Worker Other (ms): Min: 0,0, Avg: 0,0, Max: 0,0, Diff: 0,0, Sum: 0,0]
      [GC Worker Total (ms): Min: 6,4, Avg: 6,5, Max: 6,5, Diff: 0,1, Sum: 26,0]
      [GC Worker End (ms): Min: 67402256,1, Avg: 67402256,1, Max: 67402256,1, Diff: 0,0]
   [Code Root Fixup: 0,0 ms]
   [Code Root Purge: 0,0 ms]
   [Clear CT: 0,0 ms]
   [Other: 1,0 ms]
      [Choose CSet: 0,0 ms]
      [Ref Proc: 0,4 ms]
      [Ref Enq: 0,0 ms]
      [Redirty Cards: 0,0 ms]
      [Humongous Register: 0,0 ms]
      [Humongous Reclaim: 0,1 ms]
      [Free CSet: 0,1 ms]
   [Eden: 46,0M(46,0M)->0,0B(47,0M) Survivors: 5120,0K->4096,0K Heap: 200,6M(1024,0M)->154,2M(1024,0M)]
 [Times: user=0,02 sys=0,00, real=0,00 secs] 
2019-06-07T09:35:59.607-0100: 67796,641: [GC pause (G1 Evacuation Pause) (young), 0,0136101 secs]
   [Parallel Time: 13,1 ms, GC Workers: 4]
      [GC Worker Start (ms): Min: 67796641,5, Avg: 67796641,5, Max: 67796641,5, Diff: 0,0]
      [Ext Root Scanning (ms): Min: 0,5, Avg: 0,7, Max: 1,0, Diff: 0,5, Sum: 2,6]
      [Update RS (ms): Min: 0,1, Avg: 0,6, Max: 1,3, Diff: 1,2, Sum: 2,6]
         [Processed Buffers: Min: 2, Avg: 9,0, Max: 22, Diff: 20, Sum: 36]
      [Scan RS (ms): Min: 0,0, Avg: 0,0, Max: 0,0, Diff: 0,0, Sum: 0,0]
      [Code Root Scanning (ms): Min: 0,0, Avg: 0,0, Max: 0,0, Diff: 0,0, Sum: 0,0]
      [Object Copy (ms): Min: 10,9, Avg: 11,3, Max: 11,9, Diff: 1,0, Sum: 45,1]
      [Termination (ms): Min: 0,0, Avg: 0,5, Max: 0,9, Diff: 0,9, Sum: 1,9]
         [Termination Attempts: Min: 1, Avg: 1,0, Max: 1, Diff: 0, Sum: 4]
      [GC Worker Other (ms): Min: 0,0, Avg: 0,0, Max: 0,0, Diff: 0,0, Sum: 0,0]
      [GC Worker Total (ms): Min: 13,1, Avg: 13,1, Max: 13,1, Diff: 0,0, Sum: 52,3]
      [GC Worker End (ms): Min: 67796654,6, Avg: 67796654,6, Max: 67796654,6, Diff: 0,0]
   [Code Root Fixup: 0,0 ms]
   [Code Root Purge: 0,0 ms]
   [Clear CT: 0,0 ms]
   [Other: 0,4 ms]
      [Choose CSet: 0,0 ms]
      [Ref Proc: 0,2 ms]
      [Ref Enq: 0,0 ms]
      [Redirty Cards: 0,0 ms]
      [Humongous Register: 0,0 ms]
      [Humongous Reclaim: 0,0 ms]
      [Free CSet: 0,0 ms]
   [Eden: 47,0M(47,0M)->0,0B(47,0M) Survivors: 4096,0K->4096,0K Heap: 201,2M(1024,0M)->154,2M(1024,0M)]
 [Times: user=0,02 sys=0,01, real=0,02 secs] 
2019-06-07T09:42:35.358-0100: 68192,353: [GC pause (G1 Evacuation Pause) (young), 0,0085970 secs]
   [Parallel Time: 6,1 ms, GC Workers: 4]
      [GC Worker Start (ms): Min: 68192352,6, Avg: 68192353,2, Max: 68192354,9, Diff: 2,3]
      [Ext Root Scanning (ms): Min: 0,0, Avg: 0,4, Max: 0,6, Diff: 0,6, Sum: 1,7]
      [Update RS (ms): Min: 0,0, Avg: 0,4, Max: 0,8, Diff: 0,8, Sum: 1,8]
         [Processed Buffers: Min: 0, Avg: 9,2, Max: 19, Diff: 19, Sum: 37]
      [Scan RS (ms): Min: 0,0, Avg: 0,0, Max: 0,0, Diff: 0,0, Sum: 0,0]
      [Code Root Scanning (ms): Min: 0,0, Avg: 0,0, Max: 0,0, Diff: 0,0, Sum: 0,0]
      [Object Copy (ms): Min: 3,7, Avg: 4,0, Max: 4,2, Diff: 0,5, Sum: 15,9]
      [Termination (ms): Min: 0,0, Avg: 0,6, Max: 0,8, Diff: 0,8, Sum: 2,4]
         [Termination Attempts: Min: 1, Avg: 1,0, Max: 1, Diff: 0, Sum: 4]
      [GC Worker Other (ms): Min: 0,0, Avg: 0,0, Max: 0,0, Diff: 0,0, Sum: 0,0]
      [GC Worker Total (ms): Min: 3,7, Avg: 5,5, Max: 6,1, Diff: 2,3, Sum: 21,8]
      [GC Worker End (ms): Min: 68192358,7, Avg: 68192358,7, Max: 68192358,7, Diff: 0,0]
   [Code Root Fixup: 0,0 ms]
   [Code Root Purge: 0,0 ms]
   [Clear CT: 0,1 ms]
   [Other: 2,4 ms]
      [Choose CSet: 0,0 ms]
      [Ref Proc: 2,1 ms]
      [Ref Enq: 0,0 ms]
      [Redirty Cards: 0,0 ms]
      [Humongous Register: 0,0 ms]
      [Humongous Reclaim: 0,0 ms]
      [Free CSet: 0,0 ms]
   [Eden: 47,0M(47,0M)->0,0B(96,0M) Survivors: 4096,0K->5120,0K Heap: 201,2M(1024,0M)->154,6M(1024,0M)]
 [Times: user=0,03 sys=0,00, real=0,01 secs] 
2019-06-07T09:55:23.997-0100: 68960,983: [GC pause (G1 Evacuation Pause) (young), 0,0393492 secs]
   [Parallel Time: 36,7 ms, GC Workers: 4]
      [GC Worker Start (ms): Min: 68960983,4, Avg: 68960983,5, Max: 68960983,5, Diff: 0,1]
      [Ext Root Scanning (ms): Min: 0,7, Avg: 0,7, Max: 0,8, Diff: 0,1, Sum: 3,0]
      [Update RS (ms): Min: 0,4, Avg: 0,5, Max: 0,7, Diff: 0,2, Sum: 2,1]
         [Processed Buffers: Min: 1, Avg: 9,5, Max: 17, Diff: 16, Sum: 38]
      [Scan RS (ms): Min: 0,0, Avg: 0,0, Max: 0,0, Diff: 0,0, Sum: 0,1]
      [Code Root Scanning (ms): Min: 0,0, Avg: 0,0, Max: 0,0, Diff: 0,0, Sum: 0,0]
      [Object Copy (ms): Min: 34,2, Avg: 34,5, Max: 34,8, Diff: 0,7, Sum: 137,8]
      [Termination (ms): Min: 0,0, Avg: 0,6, Max: 1,0, Diff: 1,0, Sum: 2,6]
         [Termination Attempts: Min: 1, Avg: 1,0, Max: 1, Diff: 0, Sum: 4]
      [GC Worker Other (ms): Min: 0,0, Avg: 0,0, Max: 0,0, Diff: 0,0, Sum: 0,1]
      [GC Worker Total (ms): Min: 36,1, Avg: 36,4, Max: 36,6, Diff: 0,6, Sum: 145,8]
      [GC Worker End (ms): Min: 68961019,6, Avg: 68961019,9, Max: 68961020,0, Diff: 0,5]
   [Code Root Fixup: 0,0 ms]
   [Code Root Purge: 0,0 ms]
   [Clear CT: 0,1 ms]
   [Other: 2,5 ms]
      [Choose CSet: 0,0 ms]
      [Ref Proc: 1,9 ms]
      [Ref Enq: 0,0 ms]
      [Redirty Cards: 0,0 ms]
      [Humongous Register: 0,2 ms]
      [Humongous Reclaim: 0,0 ms]
      [Free CSet: 0,1 ms]
   [Eden: 96,0M(96,0M)->0,0B(48,0M) Survivors: 5120,0K->3072,0K Heap: 250,6M(1024,0M)->153,2M(1024,0M)]
 [Times: user=0,03 sys=0,03, real=0,04 secs] 
2019-06-07T10:01:45.154-0100: 69342,136: [GC pause (G1 Evacuation Pause) (young), 0,0057981 secs]
   [Parallel Time: 5,2 ms, GC Workers: 4]
      [GC Worker Start (ms): Min: 69342136,1, Avg: 69342136,2, Max: 69342136,4, Diff: 0,3]
      [Ext Root Scanning (ms): Min: 0,4, Avg: 0,6, Max: 0,7, Diff: 0,4, Sum: 2,4]
      [Update RS (ms): Min: 0,3, Avg: 0,5, Max: 0,7, Diff: 0,4, Sum: 2,0]
         [Processed Buffers: Min: 1, Avg: 9,5, Max: 18, Diff: 17, Sum: 38]
      [Scan RS (ms): Min: 0,0, Avg: 0,0, Max: 0,0, Diff: 0,0, Sum: 0,0]
      [Code Root Scanning (ms): Min: 0,0, Avg: 0,0, Max: 0,0, Diff: 0,0, Sum: 0,0]
      [Object Copy (ms): Min: 3,5, Avg: 3,7, Max: 3,8, Diff: 0,4, Sum: 14,8]
      [Termination (ms): Min: 0,0, Avg: 0,0, Max: 0,0, Diff: 0,0, Sum: 0,0]
         [Termination Attempts: Min: 1, Avg: 1,0, Max: 1, Diff: 0, Sum: 4]
      [GC Worker Other (ms): Min: 0,0, Avg: 0,0, Max: 0,0, Diff: 0,0, Sum: 0,1]
      [GC Worker Total (ms): Min: 4,6, Avg: 4,8, Max: 5,0, Diff: 0,3, Sum: 19,4]
      [GC Worker End (ms): Min: 69342141,0, Avg: 69342141,0, Max: 69342141,0, Diff: 0,0]
   [Code Root Fixup: 0,0 ms]
   [Code Root Purge: 0,0 ms]
   [Clear CT: 0,1 ms]
   [Other: 0,5 ms]
      [Choose CSet: 0,0 ms]
      [Ref Proc: 0,2 ms]
      [Ref Enq: 0,0 ms]
      [Redirty Cards: 0,0 ms]
      [Humongous Register: 0,0 ms]
      [Humongous Reclaim: 0,0 ms]
      [Free CSet: 0,0 ms]
   [Eden: 48,0M(48,0M)->0,0B(48,0M) Survivors: 3072,0K->3072,0K Heap: 201,2M(1024,0M)->153,2M(1024,0M)]
 [Times: user=0,02 sys=0,00, real=0,01 secs] 
2019-06-07T10:08:09.199-0100: 69726,176: [GC pause (G1 Evacuation Pause) (young), 0,0485227 secs]
   [Parallel Time: 37,0 ms, GC Workers: 4]
      [GC Worker Start (ms): Min: 69726186,6, Avg: 69726186,7, Max: 69726186,8, Diff: 0,2]
      [Ext Root Scanning (ms): Min: 4,9, Avg: 6,7, Max: 10,2, Diff: 5,2, Sum: 26,7]
      [Update RS (ms): Min: 1,7, Avg: 2,8, Max: 3,3, Diff: 1,6, Sum: 11,2]
         [Processed Buffers: Min: 1, Avg: 9,5, Max: 20, Diff: 19, Sum: 38]
      [Scan RS (ms): Min: 0,0, Avg: 0,0, Max: 0,0, Diff: 0,0, Sum: 0,0]
      [Code Root Scanning (ms): Min: 0,0, Avg: 0,0, Max: 0,0, Diff: 0,0, Sum: 0,0]
      [Object Copy (ms): Min: 23,4, Avg: 25,3, Max: 27,4, Diff: 3,9, Sum: 101,2]
      [Termination (ms): Min: 0,0, Avg: 1,1, Max: 2,5, Diff: 2,5, Sum: 4,3]
         [Termination Attempts: Min: 1, Avg: 1,8, Max: 3, Diff: 2, Sum: 7]
      [GC Worker Other (ms): Min: 0,0, Avg: 0,8, Max: 1,2, Diff: 1,1, Sum: 3,3]
      [GC Worker Total (ms): Min: 36,6, Avg: 36,7, Max: 36,8, Diff: 0,2, Sum: 146,9]
      [GC Worker End (ms): Min: 69726223,4, Avg: 69726223,4, Max: 69726223,4, Diff: 0,0]
   [Code Root Fixup: 0,0 ms]
   [Code Root Purge: 0,0 ms]
   [Clear CT: 0,1 ms]
   [Other: 11,5 ms]
      [Choose CSet: 0,0 ms]
      [Ref Proc: 0,2 ms]
      [Ref Enq: 0,0 ms]
      [Redirty Cards: 0,1 ms]
      [Humongous Register: 6,6 ms]
      [Humongous Reclaim: 0,0 ms]
      [Free CSet: 0,3 ms]
   [Eden: 48,0M(48,0M)->0,0B(46,0M) Survivors: 3072,0K->5120,0K Heap: 201,2M(1024,0M)->154,7M(1024,0M)]
 [Times: user=0,02 sys=0,04, real=0,05 secs] 
2019-06-07T10:14:19.351-0100: 70096,324: [GC pause (G1 Evacuation Pause) (young), 0,0091757 secs]
   [Parallel Time: 7,5 ms, GC Workers: 4]
      [GC Worker Start (ms): Min: 70096323,7, Avg: 70096323,7, Max: 70096323,8, Diff: 0,1]
      [Ext Root Scanning (ms): Min: 2,4, Avg: 2,7, Max: 3,2, Diff: 0,8, Sum: 10,8]
      [Update RS (ms): Min: 0,0, Avg: 0,3, Max: 0,5, Diff: 0,5, Sum: 1,3]
         [Processed Buffers: Min: 0, Avg: 9,0, Max: 25, Diff: 25, Sum: 36]
      [Scan RS (ms): Min: 0,0, Avg: 0,0, Max: 0,0, Diff: 0,0, Sum: 0,1]
      [Code Root Scanning (ms): Min: 0,0, Avg: 0,0, Max: 0,0, Diff: 0,0, Sum: 0,0]
      [Object Copy (ms): Min: 4,1, Avg: 4,3, Max: 4,4, Diff: 0,2, Sum: 17,2]
      [Termination (ms): Min: 0,0, Avg: 0,0, Max: 0,0, Diff: 0,0, Sum: 0,0]
         [Termination Attempts: Min: 1, Avg: 1,0, Max: 1, Diff: 0, Sum: 4]
      [GC Worker Other (ms): Min: 0,0, Avg: 0,0, Max: 0,0, Diff: 0,0, Sum: 0,0]
      [GC Worker Total (ms): Min: 7,3, Avg: 7,3, Max: 7,4, Diff: 0,1, Sum: 29,4]
      [GC Worker End (ms): Min: 70096331,1, Avg: 70096331,1, Max: 70096331,1, Diff: 0,0]
   [Code Root Fixup: 0,0 ms]
   [Code Root Purge: 0,0 ms]
   [Clear CT: 0,1 ms]
   [Other: 1,7 ms]
      [Choose CSet: 0,0 ms]
      [Ref Proc: 1,4 ms]
      [Ref Enq: 0,0 ms]
      [Redirty Cards: 0,1 ms]
      [Humongous Register: 0,0 ms]
      [Humongous Reclaim: 0,0 ms]
      [Free CSet: 0,0 ms]
   [Eden: 46,0M(46,0M)->0,0B(46,0M) Survivors: 5120,0K->5120,0K Heap: 200,7M(1024,0M)->154,7M(1024,0M)]
 [Times: user=0,02 sys=0,01, real=0,01 secs] 
2019-06-07T10:20:27.863-0100: 70464,831: [GC pause (G1 Evacuation Pause) (young), 0,0140240 secs]
   [Parallel Time: 12,2 ms, GC Workers: 4]
      [GC Worker Start (ms): Min: 70464831,6, Avg: 70464831,6, Max: 70464831,6, Diff: 0,1]
      [Ext Root Scanning (ms): Min: 0,5, Avg: 0,6, Max: 0,6, Diff: 0,1, Sum: 2,4]
      [Update RS (ms): Min: 0,0, Avg: 0,4, Max: 0,6, Diff: 0,6, Sum: 1,8]
         [Processed Buffers: Min: 0, Avg: 9,2, Max: 25, Diff: 25, Sum: 37]
      [Scan RS (ms): Min: 0,0, Avg: 0,0, Max: 0,0, Diff: 0,0, Sum: 0,0]
      [Code Root Scanning (ms): Min: 0,0, Avg: 0,0, Max: 0,0, Diff: 0,0, Sum: 0,0]
      [Object Copy (ms): Min: 9,5, Avg: 10,0, Max: 10,8, Diff: 1,4, Sum: 39,9]
      [Termination (ms): Min: 0,0, Avg: 1,0, Max: 2,0, Diff: 2,0, Sum: 4,2]
         [Termination Attempts: Min: 1, Avg: 1,0, Max: 1, Diff: 0, Sum: 4]
      [GC Worker Other (ms): Min: 0,0, Avg: 0,0, Max: 0,0, Diff: 0,0, Sum: 0,1]
      [GC Worker Total (ms): Min: 12,1, Avg: 12,1, Max: 12,1, Diff: 0,1, Sum: 48,4]
      [GC Worker End (ms): Min: 70464843,7, Avg: 70464843,7, Max: 70464843,7, Diff: 0,0]
   [Code Root Fixup: 0,0 ms]
   [Code Root Purge: 0,0 ms]
   [Clear CT: 0,1 ms]
   [Other: 1,7 ms]
      [Choose CSet: 0,0 ms]
      [Ref Proc: 1,3 ms]
      [Ref Enq: 0,0 ms]
      [Redirty Cards: 0,1 ms]
      [Humongous Register: 0,0 ms]
      [Humongous Reclaim: 0,0 ms]
      [Free CSet: 0,0 ms]
   [Eden: 46,0M(46,0M)->0,0B(45,0M) Survivors: 5120,0K->6144,0K Heap: 200,7M(1024,0M)->155,7M(1024,0M)]
 [Times: user=0,02 sys=0,01, real=0,01 secs] 
2019-06-07T10:26:26.153-0100: 70823,117: [GC pause (G1 Evacuation Pause) (young), 0,0071931 secs]
   [Parallel Time: 6,1 ms, GC Workers: 4]
      [GC Worker Start (ms): Min: 70823117,6, Avg: 70823117,6, Max: 70823117,7, Diff: 0,1]
      [Ext Root Scanning (ms): Min: 1,2, Avg: 1,8, Max: 2,7, Diff: 1,5, Sum: 7,2]
      [Update RS (ms): Min: 0,0, Avg: 0,4, Max: 0,8, Diff: 0,8, Sum: 1,8]
         [Processed Buffers: Min: 0, Avg: 9,2, Max: 26, Diff: 26, Sum: 37]
      [Scan RS (ms): Min: 0,0, Avg: 0,0, Max: 0,0, Diff: 0,0, Sum: 0,0]
      [Code Root Scanning (ms): Min: 0,0, Avg: 0,2, Max: 1,0, Diff: 1,0, Sum: 1,0]
      [Object Copy (ms): Min: 3,0, Avg: 3,5, Max: 4,0, Diff: 1,0, Sum: 14,1]
      [Termination (ms): Min: 0,0, Avg: 0,0, Max: 0,0, Diff: 0,0, Sum: 0,0]
         [Termination Attempts: Min: 1, Avg: 1,0, Max: 1, Diff: 0, Sum: 4]
      [GC Worker Other (ms): Min: 0,0, Avg: 0,0, Max: 0,0, Diff: 0,0, Sum: 0,1]
      [GC Worker Total (ms): Min: 6,0, Avg: 6,0, Max: 6,1, Diff: 0,1, Sum: 24,1]
      [GC Worker End (ms): Min: 70823123,6, Avg: 70823123,7, Max: 70823123,7, Diff: 0,0]
   [Code Root Fixup: 0,0 ms]
   [Code Root Purge: 0,0 ms]
   [Clear CT: 0,1 ms]
   [Other: 0,9 ms]
      [Choose CSet: 0,0 ms]
      [Ref Proc: 0,5 ms]
      [Ref Enq: 0,0 ms]
      [Redirty Cards: 0,1 ms]
      [Humongous Register: 0,0 ms]
      [Humongous Reclaim: 0,0 ms]
      [Free CSet: 0,0 ms]
   [Eden: 45,0M(45,0M)->0,0B(79,0M) Survivors: 6144,0K->4096,0K Heap: 200,7M(1024,0M)->154,2M(1024,0M)]
 [Times: user=0,02 sys=0,00, real=0,01 secs] 
2019-06-07T10:36:58.414-0100: 71455,368: [GC pause (G1 Evacuation Pause) (young), 0,0386553 secs]
   [Parallel Time: 37,7 ms, GC Workers: 4]
      [GC Worker Start (ms): Min: 71455369,0, Avg: 71455373,8, Max: 71455375,5, Diff: 6,5]
      [Ext Root Scanning (ms): Min: 1,0, Avg: 3,0, Max: 7,6, Diff: 6,6, Sum: 12,1]
      [Update RS (ms): Min: 0,2, Avg: 0,7, Max: 1,4, Diff: 1,2, Sum: 2,9]
         [Processed Buffers: Min: 5, Avg: 9,5, Max: 14, Diff: 9, Sum: 38]
      [Scan RS (ms): Min: 0,0, Avg: 0,0, Max: 0,0, Diff: 0,0, Sum: 0,1]
      [Code Root Scanning (ms): Min: 0,0, Avg: 0,0, Max: 0,0, Diff: 0,0, Sum: 0,0]
      [Object Copy (ms): Min: 14,8, Avg: 18,6, Max: 25,9, Diff: 11,1, Sum: 74,3]
      [Termination (ms): Min: 0,4, Avg: 8,0, Max: 10,7, Diff: 10,3, Sum: 32,2]
         [Termination Attempts: Min: 2, Avg: 25,8, Max: 41, Diff: 39, Sum: 103]
      [GC Worker Other (ms): Min: 0,0, Avg: 0,0, Max: 0,0, Diff: 0,0, Sum: 0,1]
      [GC Worker Total (ms): Min: 28,0, Avg: 30,4, Max: 37,3, Diff: 9,3, Sum: 121,7]
      [GC Worker End (ms): Min: 71455403,5, Avg: 71455404,2, Max: 71455406,3, Diff: 2,7]
   [Code Root Fixup: 0,0 ms]
   [Code Root Purge: 0,0 ms]
   [Clear CT: 0,1 ms]
   [Other: 0,9 ms]
      [Choose CSet: 0,0 ms]
      [Ref Proc: 0,3 ms]
      [Ref Enq: 0,0 ms]
      [Redirty Cards: 0,0 ms]
      [Humongous Register: 0,1 ms]
      [Humongous Reclaim: 0,0 ms]
      [Free CSet: 0,1 ms]
   [Eden: 79,0M(79,0M)->0,0B(45,0M) Survivors: 4096,0K->6144,0K Heap: 233,2M(1024,0M)->155,7M(1024,0M)]
 [Times: user=0,03 sys=0,03, real=0,04 secs] 
2019-06-07T10:42:56.159-0100: 71813,109: [GC pause (G1 Evacuation Pause) (young), 0,0209834 secs]
   [Parallel Time: 12,4 ms, GC Workers: 4]
      [GC Worker Start (ms): Min: 71813116,3, Avg: 71813116,4, Max: 71813116,6, Diff: 0,3]
      [Ext Root Scanning (ms): Min: 5,5, Avg: 6,6, Max: 9,0, Diff: 3,5, Sum: 26,3]
      [Update RS (ms): Min: 0,0, Avg: 1,0, Max: 1,5, Diff: 1,5, Sum: 4,1]
         [Processed Buffers: Min: 0, Avg: 9,0, Max: 24, Diff: 24, Sum: 36]
      [Scan RS (ms): Min: 0,0, Avg: 0,0, Max: 0,0, Diff: 0,0, Sum: 0,0]
      [Code Root Scanning (ms): Min: 0,0, Avg: 0,0, Max: 0,0, Diff: 0,0, Sum: 0,0]
      [Object Copy (ms): Min: 3,2, Avg: 4,4, Max: 4,9, Diff: 1,7, Sum: 17,7]
      [Termination (ms): Min: 0,0, Avg: 0,0, Max: 0,0, Diff: 0,0, Sum: 0,0]
         [Termination Attempts: Min: 1, Avg: 1,5, Max: 2, Diff: 1, Sum: 6]
      [GC Worker Other (ms): Min: 0,0, Avg: 0,1, Max: 0,1, Diff: 0,0, Sum: 0,2]
      [GC Worker Total (ms): Min: 12,0, Avg: 12,1, Max: 12,2, Diff: 0,3, Sum: 48,4]
      [GC Worker End (ms): Min: 71813128,5, Avg: 71813128,5, Max: 71813128,5, Diff: 0,0]
   [Code Root Fixup: 0,0 ms]
   [Code Root Purge: 0,0 ms]
   [Clear CT: 0,1 ms]
   [Other: 8,5 ms]
      [Choose CSet: 0,0 ms]
      [Ref Proc: 0,3 ms]
      [Ref Enq: 0,0 ms]
      [Redirty Cards: 0,1 ms]
      [Humongous Register: 3,6 ms]
      [Humongous Reclaim: 0,0 ms]
      [Free CSet: 0,3 ms]
   [Eden: 45,0M(45,0M)->0,0B(47,0M) Survivors: 6144,0K->4096,0K Heap: 200,7M(1024,0M)->154,3M(1024,0M)]
 [Times: user=0,02 sys=0,02, real=0,03 secs] 
2019-06-07T10:48:40.024-0100: 72156,970: [GC pause (G1 Evacuation Pause) (young), 0,0110261 secs]
   [Parallel Time: 9,7 ms, GC Workers: 4]
      [GC Worker Start (ms): Min: 72156970,4, Avg: 72156970,6, Max: 72156970,8, Diff: 0,4]
      [Ext Root Scanning (ms): Min: 1,2, Avg: 1,5, Max: 1,8, Diff: 0,6, Sum: 6,1]
      [Update RS (ms): Min: 0,0, Avg: 0,5, Max: 0,7, Diff: 0,7, Sum: 2,1]
         [Processed Buffers: Min: 0, Avg: 9,2, Max: 18, Diff: 18, Sum: 37]
      [Scan RS (ms): Min: 0,0, Avg: 0,0, Max: 0,1, Diff: 0,0, Sum: 0,1]
      [Code Root Scanning (ms): Min: 0,0, Avg: 0,0, Max: 0,0, Diff: 0,0, Sum: 0,0]
      [Object Copy (ms): Min: 6,4, Avg: 6,7, Max: 7,1, Diff: 0,7, Sum: 26,7]
      [Termination (ms): Min: 0,0, Avg: 0,2, Max: 0,3, Diff: 0,3, Sum: 0,9]
         [Termination Attempts: Min: 1, Avg: 1,0, Max: 1, Diff: 0, Sum: 4]
      [GC Worker Other (ms): Min: 0,0, Avg: 0,0, Max: 0,0, Diff: 0,0, Sum: 0,1]
      [GC Worker Total (ms): Min: 8,9, Avg: 9,0, Max: 9,3, Diff: 0,4, Sum: 36,1]
      [GC Worker End (ms): Min: 72156979,6, Avg: 72156979,6, Max: 72156979,7, Diff: 0,1]
   [Code Root Fixup: 0,0 ms]
   [Code Root Purge: 0,0 ms]
   [Clear CT: 0,1 ms]
   [Other: 1,3 ms]
      [Choose CSet: 0,0 ms]
      [Ref Proc: 0,4 ms]
      [Ref Enq: 0,0 ms]
      [Redirty Cards: 0,1 ms]
      [Humongous Register: 0,1 ms]
      [Humongous Reclaim: 0,0 ms]
      [Free CSet: 0,1 ms]
   [Eden: 47,0M(47,0M)->0,0B(78,0M) Survivors: 4096,0K->5120,0K Heap: 201,3M(1024,0M)->154,7M(1024,0M)]
 [Times: user=0,02 sys=0,00, real=0,01 secs] 
2019-06-07T10:59:07.813-0100: 72784,750: [GC pause (G1 Evacuation Pause) (young), 0,0908558 secs]
   [Parallel Time: 64,6 ms, GC Workers: 4]
      [GC Worker Start (ms): Min: 72784771,4, Avg: 72784771,5, Max: 72784771,6, Diff: 0,1]
      [Ext Root Scanning (ms): Min: 8,9, Avg: 13,7, Max: 19,9, Diff: 10,9, Sum: 54,9]
      [Update RS (ms): Min: 0,0, Avg: 2,6, Max: 5,6, Diff: 5,6, Sum: 10,4]
         [Processed Buffers: Min: 0, Avg: 9,5, Max: 26, Diff: 26, Sum: 38]
      [Scan RS (ms): Min: 0,0, Avg: 0,0, Max: 0,1, Diff: 0,1, Sum: 0,2]
      [Code Root Scanning (ms): Min: 0,0, Avg: 0,0, Max: 0,0, Diff: 0,0, Sum: 0,0]
      [Object Copy (ms): Min: 44,2, Avg: 47,5, Max: 49,8, Diff: 5,6, Sum: 190,1]
      [Termination (ms): Min: 0,0, Avg: 0,2, Max: 0,3, Diff: 0,3, Sum: 0,6]
         [Termination Attempts: Min: 1, Avg: 1,5, Max: 2, Diff: 1, Sum: 6]
      [GC Worker Other (ms): Min: 0,0, Avg: 0,4, Max: 1,4, Diff: 1,4, Sum: 1,5]
      [GC Worker Total (ms): Min: 64,4, Avg: 64,4, Max: 64,5, Diff: 0,1, Sum: 257,7]
      [GC Worker End (ms): Min: 72784835,9, Avg: 72784835,9, Max: 72784835,9, Diff: 0,0]
   [Code Root Fixup: 0,0 ms]
   [Code Root Purge: 0,0 ms]
   [Clear CT: 0,1 ms]
   [Other: 26,2 ms]
      [Choose CSet: 0,0 ms]
      [Ref Proc: 3,3 ms]
      [Ref Enq: 0,0 ms]
      [Redirty Cards: 0,0 ms]
      [Humongous Register: 9,5 ms]
      [Humongous Reclaim: 0,0 ms]
      [Free CSet: 1,6 ms]
   [Eden: 78,0M(78,0M)->0,0B(46,0M) Survivors: 5120,0K->5120,0K Heap: 232,7M(1024,0M)->154,8M(1024,0M)]
 [Times: user=0,02 sys=0,07, real=0,09 secs] 
2019-06-07T11:05:15.209-0100: 73152,032: [GC pause (G1 Evacuation Pause) (young), 0,0140272 secs]
   [Parallel Time: 12,4 ms, GC Workers: 4]
      [GC Worker Start (ms): Min: 73152031,8, Avg: 73152031,8, Max: 73152031,9, Diff: 0,1]
      [Ext Root Scanning (ms): Min: 3,6, Avg: 6,1, Max: 12,2, Diff: 8,6, Sum: 24,4]
      [Update RS (ms): Min: 0,0, Avg: 0,3, Max: 0,5, Diff: 0,5, Sum: 1,0]
         [Processed Buffers: Min: 0, Avg: 9,0, Max: 29, Diff: 29, Sum: 36]
      [Scan RS (ms): Min: 0,0, Avg: 0,0, Max: 0,0, Diff: 0,0, Sum: 0,0]
      [Code Root Scanning (ms): Min: 0,0, Avg: 0,0, Max: 0,0, Diff: 0,0, Sum: 0,0]
      [Object Copy (ms): Min: 0,0, Avg: 4,6, Max: 6,4, Diff: 6,4, Sum: 18,3]
      [Termination (ms): Min: 0,0, Avg: 1,3, Max: 2,0, Diff: 2,0, Sum: 5,4]
         [Termination Attempts: Min: 1, Avg: 1,8, Max: 3, Diff: 2, Sum: 7]
      [GC Worker Other (ms): Min: 0,0, Avg: 0,0, Max: 0,0, Diff: 0,0, Sum: 0,0]
      [GC Worker Total (ms): Min: 12,3, Avg: 12,3, Max: 12,3, Diff: 0,0, Sum: 49,1]
      [GC Worker End (ms): Min: 73152044,1, Avg: 73152044,1, Max: 73152044,1, Diff: 0,0]
   [Code Root Fixup: 0,0 ms]
   [Code Root Purge: 0,0 ms]
   [Clear CT: 0,1 ms]
   [Other: 1,5 ms]
      [Choose CSet: 0,0 ms]
      [Ref Proc: 0,2 ms]
      [Ref Enq: 0,0 ms]
      [Redirty Cards: 0,1 ms]
      [Humongous Register: 0,0 ms]
      [Humongous Reclaim: 0,0 ms]
      [Free CSet: 0,0 ms]
   [Eden: 46,0M(46,0M)->0,0B(45,0M) Survivors: 5120,0K->6144,0K Heap: 200,8M(1024,0M)->155,8M(1024,0M)]
 [Times: user=0,02 sys=0,00, real=0,02 secs] 
2019-06-07T11:11:14.131-0100: 73510,943: [GC pause (G1 Evacuation Pause) (young), 0,0323786 secs]
   [Parallel Time: 23,6 ms, GC Workers: 4]
      [GC Worker Start (ms): Min: 73510948,5, Avg: 73510950,6, Max: 73510953,1, Diff: 4,6]
      [Ext Root Scanning (ms): Min: 0,0, Avg: 2,9, Max: 6,8, Diff: 6,7, Sum: 11,5]
      [Update RS (ms): Min: 0,0, Avg: 1,8, Max: 3,1, Diff: 3,1, Sum: 7,1]
         [Processed Buffers: Min: 0, Avg: 9,0, Max: 27, Diff: 27, Sum: 36]
      [Scan RS (ms): Min: 0,0, Avg: 0,0, Max: 0,1, Diff: 0,1, Sum: 0,1]
      [Code Root Scanning (ms): Min: 0,0, Avg: 0,0, Max: 0,0, Diff: 0,0, Sum: 0,0]
      [Object Copy (ms): Min: 14,2, Avg: 15,3, Max: 16,7, Diff: 2,4, Sum: 61,3]
      [Termination (ms): Min: 0,0, Avg: 0,8, Max: 1,5, Diff: 1,5, Sum: 3,1]
         [Termination Attempts: Min: 1, Avg: 1,0, Max: 1, Diff: 0, Sum: 4]
      [GC Worker Other (ms): Min: 0,0, Avg: 0,0, Max: 0,0, Diff: 0,0, Sum: 0,1]
      [GC Worker Total (ms): Min: 18,2, Avg: 20,8, Max: 23,0, Diff: 4,8, Sum: 83,3]
      [GC Worker End (ms): Min: 73510971,3, Avg: 73510971,4, Max: 73510971,5, Diff: 0,2]
   [Code Root Fixup: 0,0 ms]
   [Code Root Purge: 0,0 ms]
   [Clear CT: 0,2 ms]
   [Other: 8,6 ms]
      [Choose CSet: 0,0 ms]
      [Ref Proc: 3,4 ms]
      [Ref Enq: 0,0 ms]
      [Redirty Cards: 0,1 ms]
      [Humongous Register: 2,6 ms]
      [Humongous Reclaim: 0,0 ms]
      [Free CSet: 0,2 ms]
   [Eden: 45,0M(45,0M)->0,0B(47,0M) Survivors: 6144,0K->4096,0K Heap: 200,8M(1024,0M)->154,2M(1024,0M)]
 [Times: user=0,03 sys=0,02, real=0,03 secs] 
2019-06-07T11:17:29.508-0100: 73886,296: [GC pause (G1 Evacuation Pause) (young), 0,0241672 secs]
   [Parallel Time: 23,1 ms, GC Workers: 4]
      [GC Worker Start (ms): Min: 73886296,8, Avg: 73886298,9, Max: 73886300,9, Diff: 4,1]
      [Ext Root Scanning (ms): Min: 3,4, Avg: 7,3, Max: 15,8, Diff: 12,4, Sum: 29,1]
      [Update RS (ms): Min: 0,0, Avg: 0,7, Max: 1,1, Diff: 1,1, Sum: 2,7]
         [Processed Buffers: Min: 0, Avg: 9,2, Max: 16, Diff: 16, Sum: 37]
      [Scan RS (ms): Min: 0,0, Avg: 0,0, Max: 0,0, Diff: 0,0, Sum: 0,1]
      [Code Root Scanning (ms): Min: 0,0, Avg: 0,0, Max: 0,0, Diff: 0,0, Sum: 0,0]
      [Object Copy (ms): Min: 6,0, Avg: 11,3, Max: 13,5, Diff: 7,5, Sum: 45,1]
      [Termination (ms): Min: 0,0, Avg: 0,8, Max: 1,6, Diff: 1,6, Sum: 3,4]
         [Termination Attempts: Min: 1, Avg: 1,0, Max: 1, Diff: 0, Sum: 4]
      [GC Worker Other (ms): Min: 0,0, Avg: 0,1, Max: 0,4, Diff: 0,3, Sum: 0,5]
      [GC Worker Total (ms): Min: 18,1, Avg: 20,2, Max: 22,4, Diff: 4,3, Sum: 80,8]
      [GC Worker End (ms): Min: 73886319,0, Avg: 73886319,1, Max: 73886319,2, Diff: 0,2]
   [Code Root Fixup: 0,0 ms]
   [Code Root Purge: 0,0 ms]
   [Clear CT: 0,1 ms]
   [Other: 1,0 ms]
      [Choose CSet: 0,0 ms]
      [Ref Proc: 0,3 ms]
      [Ref Enq: 0,0 ms]
      [Redirty Cards: 0,0 ms]
      [Humongous Register: 0,1 ms]
      [Humongous Reclaim: 0,0 ms]
      [Free CSet: 0,1 ms]
   [Eden: 47,0M(47,0M)->0,0B(45,0M) Survivors: 4096,0K->6144,0K Heap: 201,2M(1024,0M)->156,0M(1024,0M)]
 [Times: user=0,03 sys=0,01, real=0,03 secs] 
2019-06-07T11:23:28.945-0100: 74245,721: [GC pause (G1 Evacuation Pause) (young), 0,0146224 secs]
   [Parallel Time: 13,8 ms, GC Workers: 4]
      [GC Worker Start (ms): Min: 74245721,6, Avg: 74245721,7, Max: 74245722,0, Diff: 0,4]
      [Ext Root Scanning (ms): Min: 3,0, Avg: 3,4, Max: 3,9, Diff: 0,9, Sum: 13,7]
      [Update RS (ms): Min: 0,0, Avg: 0,4, Max: 0,9, Diff: 0,9, Sum: 1,6]
         [Processed Buffers: Min: 0, Avg: 9,0, Max: 21, Diff: 21, Sum: 36]
      [Scan RS (ms): Min: 0,0, Avg: 0,0, Max: 0,1, Diff: 0,1, Sum: 0,1]
      [Code Root Scanning (ms): Min: 0,0, Avg: 0,0, Max: 0,0, Diff: 0,0, Sum: 0,0]
      [Object Copy (ms): Min: 7,8, Avg: 8,6, Max: 9,7, Diff: 1,9, Sum: 34,4]
      [Termination (ms): Min: 0,0, Avg: 1,1, Max: 1,4, Diff: 1,4, Sum: 4,3]
         [Termination Attempts: Min: 1, Avg: 1,5, Max: 2, Diff: 1, Sum: 6]
      [GC Worker Other (ms): Min: 0,0, Avg: 0,0, Max: 0,0, Diff: 0,0, Sum: 0,1]
      [GC Worker Total (ms): Min: 13,3, Avg: 13,5, Max: 13,6, Diff: 0,4, Sum: 54,2]
      [GC Worker End (ms): Min: 74245735,2, Avg: 74245735,2, Max: 74245735,2, Diff: 0,0]
   [Code Root Fixup: 0,0 ms]
   [Code Root Purge: 0,0 ms]
   [Clear CT: 0,1 ms]
   [Other: 0,7 ms]
      [Choose CSet: 0,0 ms]
      [Ref Proc: 0,3 ms]
      [Ref Enq: 0,0 ms]
      [Redirty Cards: 0,0 ms]
      [Humongous Register: 0,1 ms]
      [Humongous Reclaim: 0,0 ms]
      [Free CSet: 0,1 ms]
   [Eden: 45,0M(45,0M)->0,0B(47,0M) Survivors: 6144,0K->4096,0K Heap: 201,0M(1024,0M)->154,3M(1024,0M)]
 [Times: user=0,03 sys=0,01, real=0,02 secs] 
2019-06-07T11:29:41.348-0100: 74618,113: [GC pause (G1 Evacuation Pause) (young), 0,0257678 secs]
   [Parallel Time: 24,0 ms, GC Workers: 4]
      [GC Worker Start (ms): Min: 74618113,5, Avg: 74618113,8, Max: 74618114,5, Diff: 0,9]
      [Ext Root Scanning (ms): Min: 2,2, Avg: 3,1, Max: 3,5, Diff: 1,3, Sum: 12,5]
      [Update RS (ms): Min: 0,1, Avg: 0,5, Max: 1,5, Diff: 1,4, Sum: 2,0]
         [Processed Buffers: Min: 3, Avg: 9,2, Max: 19, Diff: 16, Sum: 37]
      [Scan RS (ms): Min: 0,0, Avg: 0,0, Max: 0,0, Diff: 0,0, Sum: 0,1]
      [Code Root Scanning (ms): Min: 0,0, Avg: 0,0, Max: 0,0, Diff: 0,0, Sum: 0,0]
      [Object Copy (ms): Min: 16,3, Avg: 18,2, Max: 20,5, Diff: 4,2, Sum: 73,0]
      [Termination (ms): Min: 0,0, Avg: 1,7, Max: 2,6, Diff: 2,6, Sum: 6,9]
         [Termination Attempts: Min: 1, Avg: 2,0, Max: 3, Diff: 2, Sum: 8]
      [GC Worker Other (ms): Min: 0,0, Avg: 0,1, Max: 0,1, Diff: 0,1, Sum: 0,2]
      [GC Worker Total (ms): Min: 23,0, Avg: 23,7, Max: 24,0, Diff: 1,0, Sum: 94,7]
      [GC Worker End (ms): Min: 74618137,5, Avg: 74618137,5, Max: 74618137,5, Diff: 0,0]
   [Code Root Fixup: 0,0 ms]
   [Code Root Purge: 0,0 ms]
   [Clear CT: 0,1 ms]
   [Other: 1,7 ms]
      [Choose CSet: 0,0 ms]
      [Ref Proc: 1,2 ms]
      [Ref Enq: 0,0 ms]
      [Redirty Cards: 0,0 ms]
      [Humongous Register: 0,1 ms]
      [Humongous Reclaim: 0,0 ms]
      [Free CSet: 0,0 ms]
   [Eden: 47,0M(47,0M)->0,0B(46,0M) Survivors: 4096,0K->5120,0K Heap: 201,3M(1024,0M)->155,3M(1024,0M)]
 [Times: user=0,03 sys=0,01, real=0,03 secs] 
2019-06-07T11:35:50.628-0100: 74987,373: [GC pause (G1 Evacuation Pause) (young), 0,0914703 secs]
   [Parallel Time: 70,0 ms, GC Workers: 4]
      [GC Worker Start (ms): Min: 74987389,9, Avg: 74987390,2, Max: 74987390,7, Diff: 0,7]
      [Ext Root Scanning (ms): Min: 11,9, Avg: 13,2, Max: 15,7, Diff: 3,8, Sum: 52,9]
      [Update RS (ms): Min: 0,0, Avg: 1,0, Max: 2,1, Diff: 2,1, Sum: 3,9]
         [Processed Buffers: Min: 0, Avg: 8,8, Max: 18, Diff: 18, Sum: 35]
      [Scan RS (ms): Min: 0,0, Avg: 0,0, Max: 0,1, Diff: 0,1, Sum: 0,1]
      [Code Root Scanning (ms): Min: 0,0, Avg: 0,0, Max: 0,0, Diff: 0,0, Sum: 0,0]
      [Object Copy (ms): Min: 53,2, Avg: 54,8, Max: 56,7, Diff: 3,6, Sum: 219,4]
      [Termination (ms): Min: 0,0, Avg: 0,5, Max: 0,8, Diff: 0,8, Sum: 1,9]
         [Termination Attempts: Min: 1, Avg: 1,2, Max: 2, Diff: 1, Sum: 5]
      [GC Worker Other (ms): Min: 0,0, Avg: 0,1, Max: 0,2, Diff: 0,2, Sum: 0,4]
      [GC Worker Total (ms): Min: 69,1, Avg: 69,6, Max: 69,9, Diff: 0,8, Sum: 278,6]
      [GC Worker End (ms): Min: 74987459,8, Avg: 74987459,8, Max: 74987459,8, Diff: 0,0]
   [Code Root Fixup: 0,0 ms]
   [Code Root Purge: 0,0 ms]
   [Clear CT: 0,1 ms]
   [Other: 21,3 ms]
      [Choose CSet: 0,0 ms]
      [Ref Proc: 1,3 ms]
      [Ref Enq: 0,0 ms]
      [Redirty Cards: 0,0 ms]
      [Humongous Register: 14,5 ms]
      [Humongous Reclaim: 0,0 ms]
      [Free CSet: 3,1 ms]
   [Eden: 46,0M(46,0M)->0,0B(46,0M) Survivors: 5120,0K->5120,0K Heap: 201,3M(1024,0M)->155,2M(1024,0M)]
 [Times: user=0,04 sys=0,08, real=0,10 secs] 
2019-06-07T11:41:56.665-0100: 75353,399: [GC pause (G1 Evacuation Pause) (young), 0,0192010 secs]
   [Parallel Time: 14,7 ms, GC Workers: 4]
      [GC Worker Start (ms): Min: 75353399,3, Avg: 75353399,9, Max: 75353400,6, Diff: 1,3]
      [Ext Root Scanning (ms): Min: 1,2, Avg: 3,9, Max: 8,8, Diff: 7,7, Sum: 15,6]
      [Update RS (ms): Min: 0,0, Avg: 1,0, Max: 2,1, Diff: 2,1, Sum: 4,0]
         [Processed Buffers: Min: 0, Avg: 9,2, Max: 16, Diff: 16, Sum: 37]
      [Scan RS (ms): Min: 0,0, Avg: 0,0, Max: 0,1, Diff: 0,1, Sum: 0,1]
      [Code Root Scanning (ms): Min: 0,0, Avg: 0,0, Max: 0,0, Diff: 0,0, Sum: 0,0]
      [Object Copy (ms): Min: 5,1, Avg: 8,2, Max: 9,7, Diff: 4,6, Sum: 32,7]
      [Termination (ms): Min: 0,0, Avg: 0,2, Max: 0,5, Diff: 0,5, Sum: 0,7]
         [Termination Attempts: Min: 1, Avg: 1,0, Max: 1, Diff: 0, Sum: 4]
      [GC Worker Other (ms): Min: 0,0, Avg: 0,4, Max: 1,4, Diff: 1,4, Sum: 1,5]
      [GC Worker Total (ms): Min: 13,1, Avg: 13,7, Max: 14,2, Diff: 1,1, Sum: 54,6]
      [GC Worker End (ms): Min: 75353413,5, Avg: 75353413,6, Max: 75353413,9, Diff: 0,4]
   [Code Root Fixup: 0,0 ms]
   [Code Root Purge: 0,0 ms]
   [Clear CT: 0,1 ms]
   [Other: 4,4 ms]
      [Choose CSet: 0,0 ms]
      [Ref Proc: 3,5 ms]
      [Ref Enq: 0,0 ms]
      [Redirty Cards: 0,1 ms]
      [Humongous Register: 0,1 ms]
      [Humongous Reclaim: 0,0 ms]
      [Free CSet: 0,1 ms]
   [Eden: 46,0M(46,0M)->0,0B(47,0M) Survivors: 5120,0K->4096,0K Heap: 201,2M(1024,0M)->154,3M(1024,0M)]
 [Times: user=0,03 sys=0,01, real=0,02 secs] 
2019-06-07T11:47:43.286-0100: 75700,010: [GC pause (G1 Evacuation Pause) (young), 0,0420491 secs]
   [Parallel Time: 29,0 ms, GC Workers: 4]
      [GC Worker Start (ms): Min: 75700017,0, Avg: 75700017,0, Max: 75700017,1, Diff: 0,1]
      [Ext Root Scanning (ms): Min: 4,6, Avg: 4,9, Max: 5,5, Diff: 0,9, Sum: 19,5]
      [Update RS (ms): Min: 0,0, Avg: 1,8, Max: 3,2, Diff: 3,2, Sum: 7,2]
         [Processed Buffers: Min: 0, Avg: 9,2, Max: 18, Diff: 18, Sum: 37]
      [Scan RS (ms): Min: 0,0, Avg: 0,0, Max: 0,1, Diff: 0,1, Sum: 0,1]
      [Code Root Scanning (ms): Min: 0,0, Avg: 0,0, Max: 0,0, Diff: 0,0, Sum: 0,0]
      [Object Copy (ms): Min: 19,6, Avg: 20,4, Max: 21,2, Diff: 1,6, Sum: 81,6]
      [Termination (ms): Min: 0,0, Avg: 0,4, Max: 0,9, Diff: 0,9, Sum: 1,7]
         [Termination Attempts: Min: 1, Avg: 1,0, Max: 1, Diff: 0, Sum: 4]
      [GC Worker Other (ms): Min: 1,3, Avg: 1,3, Max: 1,4, Diff: 0,1, Sum: 5,3]
      [GC Worker Total (ms): Min: 28,8, Avg: 28,9, Max: 28,9, Diff: 0,2, Sum: 115,5]
      [GC Worker End (ms): Min: 75700045,8, Avg: 75700045,9, Max: 75700046,0, Diff: 0,1]
   [Code Root Fixup: 0,0 ms]
   [Code Root Purge: 0,0 ms]
   [Clear CT: 2,6 ms]
   [Other: 10,4 ms]
      [Choose CSet: 0,0 ms]
      [Ref Proc: 1,3 ms]
      [Ref Enq: 0,0 ms]
      [Redirty Cards: 1,1 ms]
      [Humongous Register: 0,1 ms]
      [Humongous Reclaim: 0,0 ms]
      [Free CSet: 0,3 ms]
   [Eden: 47,0M(47,0M)->0,0B(46,0M) Survivors: 4096,0K->5120,0K Heap: 201,3M(1024,0M)->154,7M(1024,0M)]
 [Times: user=0,02 sys=0,03, real=0,04 secs] 
2019-06-07T11:53:49.525-0100: 76066,238: [GC pause (G1 Evacuation Pause) (young), 0,0198807 secs]
   [Parallel Time: 18,3 ms, GC Workers: 4]
      [GC Worker Start (ms): Min: 76066238,4, Avg: 76066238,6, Max: 76066238,8, Diff: 0,4]
      [Ext Root Scanning (ms): Min: 4,2, Avg: 5,0, Max: 5,7, Diff: 1,6, Sum: 19,8]
      [Update RS (ms): Min: 0,0, Avg: 0,8, Max: 2,2, Diff: 2,2, Sum: 3,3]
         [Processed Buffers: Min: 1, Avg: 9,2, Max: 31, Diff: 30, Sum: 37]
      [Scan RS (ms): Min: 0,0, Avg: 0,0, Max: 0,0, Diff: 0,0, Sum: 0,1]
      [Code Root Scanning (ms): Min: 0,0, Avg: 0,0, Max: 0,0, Diff: 0,0, Sum: 0,0]
      [Object Copy (ms): Min: 9,9, Avg: 11,1, Max: 11,9, Diff: 2,0, Sum: 44,4]
      [Termination (ms): Min: 0,0, Avg: 0,2, Max: 0,3, Diff: 0,3, Sum: 0,8]
         [Termination Attempts: Min: 1, Avg: 1,0, Max: 1, Diff: 0, Sum: 4]
      [GC Worker Other (ms): Min: 0,0, Avg: 0,8, Max: 1,7, Diff: 1,6, Sum: 3,1]
      [GC Worker Total (ms): Min: 17,5, Avg: 17,9, Max: 18,1, Diff: 0,6, Sum: 71,5]
      [GC Worker End (ms): Min: 76066256,3, Avg: 76066256,4, Max: 76066256,5, Diff: 0,2]
   [Code Root Fixup: 0,0 ms]
   [Code Root Purge: 0,0 ms]
   [Clear CT: 0,1 ms]
   [Other: 1,5 ms]
      [Choose CSet: 0,0 ms]
      [Ref Proc: 0,3 ms]
      [Ref Enq: 0,0 ms]
      [Redirty Cards: 0,3 ms]
      [Humongous Register: 0,2 ms]
      [Humongous Reclaim: 0,0 ms]
      [Free CSet: 0,2 ms]
   [Eden: 46,0M(46,0M)->0,0B(47,0M) Survivors: 5120,0K->4096,0K Heap: 200,7M(1024,0M)->153,8M(1024,0M)]
 [Times: user=0,03 sys=0,01, real=0,02 secs] 
2019-06-07T12:00:05.222-0100: 76441,924: [GC pause (G1 Evacuation Pause) (young), 0,0308803 secs]
   [Parallel Time: 28,5 ms, GC Workers: 4]
      [GC Worker Start (ms): Min: 76441924,1, Avg: 76441924,1, Max: 76441924,2, Diff: 0,1]
      [Ext Root Scanning (ms): Min: 1,1, Avg: 2,1, Max: 4,7, Diff: 3,6, Sum: 8,4]
      [Update RS (ms): Min: 0,0, Avg: 0,5, Max: 0,9, Diff: 0,9, Sum: 2,2]
         [Processed Buffers: Min: 0, Avg: 9,2, Max: 24, Diff: 24, Sum: 37]
      [Scan RS (ms): Min: 0,0, Avg: 0,0, Max: 0,0, Diff: 0,0, Sum: 0,1]
      [Code Root Scanning (ms): Min: 0,0, Avg: 0,0, Max: 0,0, Diff: 0,0, Sum: 0,0]
      [Object Copy (ms): Min: 23,3, Avg: 25,1, Max: 26,3, Diff: 3,0, Sum: 100,4]
      [Termination (ms): Min: 0,0, Avg: 0,5, Max: 0,9, Diff: 0,9, Sum: 2,1]
         [Termination Attempts: Min: 1, Avg: 1,5, Max: 2, Diff: 1, Sum: 6]
      [GC Worker Other (ms): Min: 0,0, Avg: 0,0, Max: 0,0, Diff: 0,0, Sum: 0,1]
      [GC Worker Total (ms): Min: 28,3, Avg: 28,3, Max: 28,4, Diff: 0,1, Sum: 113,3]
      [GC Worker End (ms): Min: 76441952,4, Avg: 76441952,5, Max: 76441952,5, Diff: 0,0]
   [Code Root Fixup: 0,0 ms]
   [Code Root Purge: 0,0 ms]
   [Clear CT: 0,2 ms]
   [Other: 2,2 ms]
      [Choose CSet: 0,0 ms]
      [Ref Proc: 1,2 ms]
      [Ref Enq: 0,0 ms]
      [Redirty Cards: 0,1 ms]
      [Humongous Register: 0,1 ms]
      [Humongous Reclaim: 0,1 ms]
      [Free CSet: 0,2 ms]
   [Eden: 47,0M(47,0M)->0,0B(47,0M) Survivors: 4096,0K->4096,0K Heap: 200,8M(1024,0M)->154,3M(1024,0M)]
 [Times: user=0,03 sys=0,02, real=0,03 secs] 
2019-06-07T12:06:21.427-0100: 76818,119: [GC pause (G1 Evacuation Pause) (young), 0,0730678 secs]
   [Parallel Time: 62,5 ms, GC Workers: 4]
      [GC Worker Start (ms): Min: 76818127,6, Avg: 76818129,1, Max: 76818130,5, Diff: 2,9]
      [Ext Root Scanning (ms): Min: 15,8, Avg: 18,6, Max: 23,1, Diff: 7,3, Sum: 74,2]
      [Update RS (ms): Min: 0,0, Avg: 1,6, Max: 3,2, Diff: 3,2, Sum: 6,4]
         [Processed Buffers: Min: 0, Avg: 9,2, Max: 21, Diff: 21, Sum: 37]
      [Scan RS (ms): Min: 0,0, Avg: 0,0, Max: 0,0, Diff: 0,0, Sum: 0,0]
      [Code Root Scanning (ms): Min: 0,0, Avg: 0,0, Max: 0,0, Diff: 0,0, Sum: 0,0]
      [Object Copy (ms): Min: 17,8, Avg: 23,8, Max: 33,2, Diff: 15,3, Sum: 95,3]
      [Termination (ms): Min: 2,8, Avg: 15,8, Max: 24,1, Diff: 21,3, Sum: 63,3]
         [Termination Attempts: Min: 4, Avg: 6,5, Max: 9, Diff: 5, Sum: 26]
      [GC Worker Other (ms): Min: 0,0, Avg: 0,1, Max: 0,2, Diff: 0,1, Sum: 0,4]
      [GC Worker Total (ms): Min: 59,2, Avg: 59,9, Max: 61,2, Diff: 2,0, Sum: 239,6]
      [GC Worker End (ms): Min: 76818186,8, Avg: 76818189,0, Max: 76818189,8, Diff: 3,1]
   [Code Root Fixup: 0,0 ms]
   [Code Root Purge: 0,0 ms]
   [Clear CT: 0,2 ms]
   [Other: 10,4 ms]
      [Choose CSet: 0,0 ms]
      [Ref Proc: 0,8 ms]
      [Ref Enq: 0,0 ms]
      [Redirty Cards: 0,1 ms]
      [Humongous Register: 7,0 ms]
      [Humongous Reclaim: 0,1 ms]
      [Free CSet: 0,5 ms]
   [Eden: 47,0M(47,0M)->0,0B(47,0M) Survivors: 4096,0K->4096,0K Heap: 201,3M(1024,0M)->154,3M(1024,0M)]
 [Times: user=0,03 sys=0,06, real=0,09 secs] 
2019-06-07T12:23:19.529-0100: 77836,158: [GC pause (G1 Evacuation Pause) (young), 0,0087401 secs]
   [Parallel Time: 8,1 ms, GC Workers: 4]
      [GC Worker Start (ms): Min: 77836158,5, Avg: 77836158,6, Max: 77836158,6, Diff: 0,1]
      [Ext Root Scanning (ms): Min: 0,6, Avg: 0,7, Max: 0,7, Diff: 0,1, Sum: 2,7]
      [Update RS (ms): Min: 2,0, Avg: 2,5, Max: 3,8, Diff: 1,7, Sum: 10,1]
         [Processed Buffers: Min: 1, Avg: 9,2, Max: 18, Diff: 17, Sum: 37]
      [Scan RS (ms): Min: 0,0, Avg: 0,0, Max: 0,0, Diff: 0,0, Sum: 0,0]
      [Code Root Scanning (ms): Min: 0,0, Avg: 0,0, Max: 0,0, Diff: 0,0, Sum: 0,0]
      [Object Copy (ms): Min: 3,6, Avg: 4,8, Max: 5,3, Diff: 1,7, Sum: 19,3]
      [Termination (ms): Min: 0,0, Avg: 0,0, Max: 0,0, Diff: 0,0, Sum: 0,0]
         [Termination Attempts: Min: 1, Avg: 1,2, Max: 2, Diff: 1, Sum: 5]
      [GC Worker Other (ms): Min: 0,0, Avg: 0,0, Max: 0,0, Diff: 0,0, Sum: 0,1]
      [GC Worker Total (ms): Min: 8,0, Avg: 8,1, Max: 8,1, Diff: 0,1, Sum: 32,3]
      [GC Worker End (ms): Min: 77836166,6, Avg: 77836166,6, Max: 77836166,6, Diff: 0,0]
   [Code Root Fixup: 0,0 ms]
   [Code Root Purge: 0,0 ms]
   [Clear CT: 0,1 ms]
   [Other: 0,5 ms]
      [Choose CSet: 0,0 ms]
      [Ref Proc: 0,2 ms]
      [Ref Enq: 0,0 ms]
      [Redirty Cards: 0,1 ms]
      [Humongous Register: 0,0 ms]
      [Humongous Reclaim: 0,0 ms]
      [Free CSet: 0,0 ms]
   [Eden: 47,0M(47,0M)->0,0B(47,0M) Survivors: 4096,0K->4096,0K Heap: 201,3M(1024,0M)->153,8M(1024,0M)]
 [Times: user=0,02 sys=0,01, real=0,01 secs] 
